Archive member included to satisfy reference by file (symbol)

c:/program files (x86)/gnu tools arm embedded/9 2019-q4-major/bin/../lib/gcc/arm-none-eabi/9.2.1/thumb/v6-m/nofp\libgcc.a(_udivsi3.o)
                              CMakeFiles/ServoDrive-fw.elf.dir/Core/Src/system_stm32f0xx.c.obj (__aeabi_uidiv)
c:/program files (x86)/gnu tools arm embedded/9 2019-q4-major/bin/../lib/gcc/arm-none-eabi/9.2.1/thumb/v6-m/nofp\libgcc.a(_dvmd_tls.o)
                              c:/program files (x86)/gnu tools arm embedded/9 2019-q4-major/bin/../lib/gcc/arm-none-eabi/9.2.1/thumb/v6-m/nofp\libgcc.a(_udivsi3.o) (__aeabi_idiv0)
c:/program files (x86)/gnu tools arm embedded/9 2019-q4-major/bin/../lib/gcc/arm-none-eabi/9.2.1/thumb/v6-m/nofp\libgcc.a(_arm_cmpsf2.o)
                              CMakeFiles/ServoDrive-fw.elf.dir/Ctrl/motor.cpp.obj (__aeabi_fcmplt)
c:/program files (x86)/gnu tools arm embedded/9 2019-q4-major/bin/../lib/gcc/arm-none-eabi/9.2.1/thumb/v6-m/nofp\libgcc.a(addsf3.o)
                              CMakeFiles/ServoDrive-fw.elf.dir/Ctrl/motor.cpp.obj (__aeabi_fadd)
c:/program files (x86)/gnu tools arm embedded/9 2019-q4-major/bin/../lib/gcc/arm-none-eabi/9.2.1/thumb/v6-m/nofp\libgcc.a(divsf3.o)
                              CMakeFiles/ServoDrive-fw.elf.dir/UserApp/main.cpp.obj (__aeabi_fdiv)
c:/program files (x86)/gnu tools arm embedded/9 2019-q4-major/bin/../lib/gcc/arm-none-eabi/9.2.1/thumb/v6-m/nofp\libgcc.a(eqsf2.o)
                              c:/program files (x86)/gnu tools arm embedded/9 2019-q4-major/bin/../lib/gcc/arm-none-eabi/9.2.1/thumb/v6-m/nofp\libgcc.a(_arm_cmpsf2.o) (__eqsf2)
c:/program files (x86)/gnu tools arm embedded/9 2019-q4-major/bin/../lib/gcc/arm-none-eabi/9.2.1/thumb/v6-m/nofp\libgcc.a(gesf2.o)
                              c:/program files (x86)/gnu tools arm embedded/9 2019-q4-major/bin/../lib/gcc/arm-none-eabi/9.2.1/thumb/v6-m/nofp\libgcc.a(_arm_cmpsf2.o) (__gesf2)
c:/program files (x86)/gnu tools arm embedded/9 2019-q4-major/bin/../lib/gcc/arm-none-eabi/9.2.1/thumb/v6-m/nofp\libgcc.a(lesf2.o)
                              c:/program files (x86)/gnu tools arm embedded/9 2019-q4-major/bin/../lib/gcc/arm-none-eabi/9.2.1/thumb/v6-m/nofp\libgcc.a(_arm_cmpsf2.o) (__lesf2)
c:/program files (x86)/gnu tools arm embedded/9 2019-q4-major/bin/../lib/gcc/arm-none-eabi/9.2.1/thumb/v6-m/nofp\libgcc.a(mulsf3.o)
                              CMakeFiles/ServoDrive-fw.elf.dir/Ctrl/motor.cpp.obj (__aeabi_fmul)
c:/program files (x86)/gnu tools arm embedded/9 2019-q4-major/bin/../lib/gcc/arm-none-eabi/9.2.1/thumb/v6-m/nofp\libgcc.a(subsf3.o)
                              CMakeFiles/ServoDrive-fw.elf.dir/Ctrl/motor.cpp.obj (__aeabi_fsub)
c:/program files (x86)/gnu tools arm embedded/9 2019-q4-major/bin/../lib/gcc/arm-none-eabi/9.2.1/thumb/v6-m/nofp\libgcc.a(fixsfsi.o)
                              CMakeFiles/ServoDrive-fw.elf.dir/UserApp/main.cpp.obj (__aeabi_f2iz)
c:/program files (x86)/gnu tools arm embedded/9 2019-q4-major/bin/../lib/gcc/arm-none-eabi/9.2.1/thumb/v6-m/nofp\libgcc.a(floatunsisf.o)
                              CMakeFiles/ServoDrive-fw.elf.dir/UserApp/main.cpp.obj (__aeabi_ui2f)
c:/program files (x86)/gnu tools arm embedded/9 2019-q4-major/bin/../lib/gcc/arm-none-eabi/9.2.1/thumb/v6-m/nofp\libgcc.a(unwind-arm.o)
                              CMakeFiles/ServoDrive-fw.elf.dir/Ctrl/random_flash_utils.cpp.obj (__aeabi_unwind_cpp_pr0)
c:/program files (x86)/gnu tools arm embedded/9 2019-q4-major/bin/../lib/gcc/arm-none-eabi/9.2.1/thumb/v6-m/nofp\libgcc.a(libunwind.o)
                              c:/program files (x86)/gnu tools arm embedded/9 2019-q4-major/bin/../lib/gcc/arm-none-eabi/9.2.1/thumb/v6-m/nofp\libgcc.a(unwind-arm.o) (restore_core_regs)
c:/program files (x86)/gnu tools arm embedded/9 2019-q4-major/bin/../lib/gcc/arm-none-eabi/9.2.1/thumb/v6-m/nofp\libgcc.a(pr-support.o)
                              c:/program files (x86)/gnu tools arm embedded/9 2019-q4-major/bin/../lib/gcc/arm-none-eabi/9.2.1/thumb/v6-m/nofp\libgcc.a(unwind-arm.o) (__gnu_unwind_execute)
c:/program files (x86)/gnu tools arm embedded/9 2019-q4-major/bin/../lib/gcc/arm-none-eabi/9.2.1/thumb/v6-m/nofp\libgcc.a(_clzsi2.o)
                              c:/program files (x86)/gnu tools arm embedded/9 2019-q4-major/bin/../lib/gcc/arm-none-eabi/9.2.1/thumb/v6-m/nofp\libgcc.a(addsf3.o) (__clzsi2)
c:/program files (x86)/gnu tools arm embedded/9 2019-q4-major/bin/../lib/gcc/arm-none-eabi/9.2.1/../../../../arm-none-eabi/lib/thumb/v6-m/nofp\libg.a(lib_a-abort.o)
                              c:/program files (x86)/gnu tools arm embedded/9 2019-q4-major/bin/../lib/gcc/arm-none-eabi/9.2.1/thumb/v6-m/nofp\libgcc.a(unwind-arm.o) (abort)
c:/program files (x86)/gnu tools arm embedded/9 2019-q4-major/bin/../lib/gcc/arm-none-eabi/9.2.1/../../../../arm-none-eabi/lib/thumb/v6-m/nofp\libg.a(lib_a-errno.o)
                              CMakeFiles/ServoDrive-fw.elf.dir/Core/Src/syscalls.c.obj (__errno)
[...]
Memory Configuration

Name             Origin             Length             Attributes
RAM              0x20000000         0x00001800         xrw
FLASH            0x08000000         0x00008000         xr
*default*        0x00000000         0xffffffff

Linker script and memory map

LOAD c:/program files (x86)/gnu tools arm embedded/9 2019-q4-major/bin/../lib/gcc/arm-none-eabi/9.2.1/thumb/v6-m/nofp/crti.o
LOAD c:/program files (x86)/gnu tools arm embedded/9 2019-q4-major/bin/../lib/gcc/arm-none-eabi/9.2.1/thumb/v6-m/nofp/crtbegin.o
LOAD c:/program files (x86)/gnu tools arm embedded/9 2019-q4-major/bin/../lib/gcc/arm-none-eabi/9.2.1/../../../../arm-none-eabi/lib/thumb/v6-m/nofp/crt0.o
LOAD CMakeFiles/ServoDrive-fw.elf.dir/Core/Src/adc.c.obj
LOAD CMakeFiles/ServoDrive-fw.elf.dir/Core/Src/dma.c.obj
LOAD CMakeFiles/ServoDrive-fw.elf.dir/Core/Src/flash.c.obj
LOAD CMakeFiles/ServoDrive-fw.elf.dir/Core/Src/gpio.c.obj
LOAD CMakeFiles/ServoDrive-fw.elf.dir/Core/Src/i2c.c.obj
LOAD CMakeFiles/ServoDrive-fw.elf.dir/Core/Src/main.c.obj
LOAD CMakeFiles/ServoDrive-fw.elf.dir/Core/Src/stm32f0xx_hal_msp.c.obj
LOAD CMakeFiles/ServoDrive-fw.elf.dir/Core/Src/stm32f0xx_it.c.obj
LOAD CMakeFiles/ServoDrive-fw.elf.dir/Core/Src/syscalls.c.obj
LOAD CMakeFiles/ServoDrive-fw.elf.dir/Core/Src/system_stm32f0xx.c.obj
LOAD CMakeFiles/ServoDrive-fw.elf.dir/Core/Src/tim.c.obj
LOAD CMakeFiles/ServoDrive-fw.elf.dir/Ctrl/motor.cpp.obj
LOAD CMakeFiles/ServoDrive-fw.elf.dir/Ctrl/random_flash_utils.cpp.obj
LOAD CMakeFiles/ServoDrive-fw.elf.dir/Drivers/STM32F0xx_HAL_Driver/Src/stm32f0xx_hal.c.obj
LOAD CMakeFiles/ServoDrive-fw.elf.dir/Drivers/STM32F0xx_HAL_Driver/Src/stm32f0xx_hal_adc.c.obj
LOAD CMakeFiles/ServoDrive-fw.elf.dir/Drivers/STM32F0xx_HAL_Driver/Src/stm32f0xx_hal_adc_ex.c.obj
LOAD CMakeFiles/ServoDrive-fw.elf.dir/Drivers/STM32F0xx_HAL_Driver/Src/stm32f0xx_hal_cortex.c.obj
LOAD CMakeFiles/ServoDrive-fw.elf.dir/Drivers/STM32F0xx_HAL_Driver/Src/stm32f0xx_hal_dma.c.obj
LOAD CMakeFiles/ServoDrive-fw.elf.dir/Drivers/STM32F0xx_HAL_Driver/Src/stm32f0xx_hal_exti.c.obj
LOAD CMakeFiles/ServoDrive-fw.elf.dir/Drivers/STM32F0xx_HAL_Driver/Src/stm32f0xx_hal_flash.c.obj
LOAD CMakeFiles/ServoDrive-fw.elf.dir/Drivers/STM32F0xx_HAL_Driver/Src/stm32f0xx_hal_flash_ex.c.obj
LOAD CMakeFiles/ServoDrive-fw.elf.dir/Drivers/STM32F0xx_HAL_Driver/Src/stm32f0xx_hal_gpio.c.obj
LOAD CMakeFiles/ServoDrive-fw.elf.dir/Drivers/STM32F0xx_HAL_Driver/Src/stm32f0xx_hal_i2c.c.obj
LOAD CMakeFiles/ServoDrive-fw.elf.dir/Drivers/STM32F0xx_HAL_Driver/Src/stm32f0xx_hal_i2c_ex.c.obj
LOAD CMakeFiles/ServoDrive-fw.elf.dir/Drivers/STM32F0xx_HAL_Driver/Src/stm32f0xx_hal_pwr.c.obj
LOAD CMakeFiles/ServoDrive-fw.elf.dir/Drivers/STM32F0xx_HAL_Driver/Src/stm32f0xx_hal_pwr_ex.c.obj
LOAD CMakeFiles/ServoDrive-fw.elf.dir/Drivers/STM32F0xx_HAL_Driver/Src/stm32f0xx_hal_rcc.c.obj
LOAD CMakeFiles/ServoDrive-fw.elf.dir/Drivers/STM32F0xx_HAL_Driver/Src/stm32f0xx_hal_rcc_ex.c.obj
LOAD CMakeFiles/ServoDrive-fw.elf.dir/Drivers/STM32F0xx_HAL_Driver/Src/stm32f0xx_hal_tim.c.obj
LOAD CMakeFiles/ServoDrive-fw.elf.dir/Drivers/STM32F0xx_HAL_Driver/Src/stm32f0xx_hal_tim_ex.c.obj
LOAD CMakeFiles/ServoDrive-fw.elf.dir/UserApp/main.cpp.obj
LOAD CMakeFiles/ServoDrive-fw.elf.dir/startup/startup_stm32f042x6.s.obj
LOAD c:/program files (x86)/gnu tools arm embedded/9 2019-q4-major/bin/../lib/gcc/arm-none-eabi/9.2.1/../../../../arm-none-eabi/lib/thumb/v6-m/nofp\libstdc++.a
LOAD c:/program files (x86)/gnu tools arm embedded/9 2019-q4-major/bin/../lib/gcc/arm-none-eabi/9.2.1/../../../../arm-none-eabi/lib/thumb/v6-m/nofp\libm.a
START GROUP
LOAD c:/program files (x86)/gnu tools arm embedded/9 2019-q4-major/bin/../lib/gcc/arm-none-eabi/9.2.1/thumb/v6-m/nofp\libgcc.a
LOAD c:/program files (x86)/gnu tools arm embedded/9 2019-q4-major/bin/../lib/gcc/arm-none-eabi/9.2.1/../../../../arm-none-eabi/lib/thumb/v6-m/nofp\libg.a
LOAD c:/program files (x86)/gnu tools arm embedded/9 2019-q4-major/bin/../lib/gcc/arm-none-eabi/9.2.1/../../../../arm-none-eabi/lib/thumb/v6-m/nofp\libc.a
END GROUP
LOAD c:/program files (x86)/gnu tools arm embedded/9 2019-q4-major/bin/../lib/gcc/arm-none-eabi/9.2.1/thumb/v6-m/nofp/crtend.o
LOAD c:/program files (x86)/gnu tools arm embedded/9 2019-q4-major/bin/../lib/gcc/arm-none-eabi/9.2.1/thumb/v6-m/nofp/crtn.o
                0x20001800                _estack = 0x20001800
                0x00000200                _Min_Heap_Size = 0x200
                0x00000400                _Min_Stack_Size = 0x400

.isr_vector     0x08000000       0xc0
                0x08000000                . = ALIGN (0x4)
 *(.isr_vector)
 .isr_vector    0x08000000       0xc0 CMakeFiles/ServoDrive-fw.elf.dir/startup/startup_stm32f042x6.s.obj
                0x08000000                g_pfnVectors
                0x080000c0                . = ALIGN (0x4)

.text           0x080000c0     0x5ca8
                0x080000c0                . = ALIGN (0x4)
 *(.text)
 .text          0x080000c0       0x48 c:/program files (x86)/gnu tools arm embedded/9 2019-q4-major/bin/../lib/gcc/arm-none-eabi/9.2.1/thumb/v6-m/nofp/crtbegin.o
 .text          0x08000108      0x114 c:/program files (x86)/gnu tools arm embedded/9 2019-q4-major/bin/../lib/gcc/arm-none-eabi/9.2.1/thumb/v6-m/nofp\libgcc.a(_udivsi3.o)
                0x08000108                __aeabi_uidiv
                0x08000108                __udivsi3
                0x08000214                __aeabi_uidivmod
 .text          0x0800021c        0x4 c:/program files (x86)/gnu tools arm embedded/9 2019-q4-major/bin/../lib/gcc/arm-none-eabi/9.2.1/thumb/v6-m/nofp\libgcc.a(_dvmd_tls.o)
                0x0800021c                __aeabi_idiv0
                0x0800021c                __aeabi_ldiv0
 .text          0x08000220       0x74 c:/program files (x86)/gnu tools arm embedded/9 2019-q4-major/bin/../lib/gcc/arm-none-eabi/9.2.1/thumb/v6-m/nofp\libgcc.a(_arm_cmpsf2.o)
                0x08000220                __aeabi_cfrcmple
                0x08000228                __aeabi_cfcmpeq
                0x08000228                __aeabi_cfcmple
                0x08000238                __aeabi_fcmpeq
                0x08000244                __aeabi_fcmplt
                0x08000258                __aeabi_fcmple
                0x0800026c                __aeabi_fcmpgt
                0x08000280                __aeabi_fcmpge
 .text          0x08000294      0x338 c:/program files (x86)/gnu tools arm embedded/9 2019-q4-major/bin/../lib/gcc/arm-none-eabi/9.2.1/thumb/v6-m/nofp\libgcc.a(addsf3.o)
                0x08000294                __aeabi_fadd
 .text          0x080005cc      0x218 c:/program files (x86)/gnu tools arm embedded/9 2019-q4-major/bin/../lib/gcc/arm-none-eabi/9.2.1/thumb/v6-m/nofp\libgcc.a(divsf3.o)
                0x080005cc                __aeabi_fdiv
 .text          0x080007e4       0x50 c:/program files (x86)/gnu tools arm embedded/9 2019-q4-major/bin/../lib/gcc/arm-none-eabi/9.2.1/thumb/v6-m/nofp\libgcc.a(eqsf2.o)
                0x080007e4                __eqsf2
                0x080007e4                __nesf2
 .text          0x08000834       0x98 c:/program files (x86)/gnu tools arm embedded/9 2019-q4-major/bin/../lib/gcc/arm-none-eabi/9.2.1/thumb/v6-m/nofp\libgcc.a(gesf2.o)
                0x08000834                __gesf2
                0x08000834                __gtsf2
 .text          0x080008cc       0x94 c:/program files (x86)/gnu tools arm embedded/9 2019-q4-major/bin/../lib/gcc/arm-none-eabi/9.2.1/thumb/v6-m/nofp\libgcc.a(lesf2.o)
                0x080008cc                __ltsf2
                0x080008cc                __lesf2
 .text          0x08000960      0x234 c:/program files (x86)/gnu tools arm embedded/9 2019-q4-major/bin/../lib/gcc/arm-none-eabi/9.2.1/thumb/v6-m/nofp\libgcc.a(mulsf3.o)
                0x08000960                __aeabi_fmul
 .text          0x08000b94      0x390 c:/program files (x86)/gnu tools arm embedded/9 2019-q4-major/bin/../lib/gcc/arm-none-eabi/9.2.1/thumb/v6-m/nofp\libgcc.a(subsf3.o)
                0x08000b94                __aeabi_fsub
 .text          0x08000f24       0x40 c:/program files (x86)/gnu tools arm embedded/9 2019-q4-major/bin/../lib/gcc/arm-none-eabi/9.2.1/thumb/v6-m/nofp\libgcc.a(fixsfsi.o)
                0x08000f24                __aeabi_f2iz
 .text          0x08000f64       0x78 c:/program files (x86)/gnu tools arm embedded/9 2019-q4-major/bin/../lib/gcc/arm-none-eabi/9.2.1/thumb/v6-m/nofp\libgcc.a(floatunsisf.o)
                0x08000f64                __aeabi_ui2f
 .text          0x08000fdc      0xa44 c:/program files (x86)/gnu tools arm embedded/9 2019-q4-major/bin/../lib/gcc/arm-none-eabi/9.2.1/thumb/v6-m/nofp\libgcc.a(unwind-arm.o)
                0x080012a8                _Unwind_GetCFA
                0x080012ac                __gnu_Unwind_RaiseException
                0x08001300                __gnu_Unwind_ForcedUnwind
                0x08001314                __gnu_Unwind_Resume
                0x0800135c                __gnu_Unwind_Resume_or_Rethrow
                0x08001378                _Unwind_Complete
                0x0800137c                _Unwind_DeleteException
                0x0800138c                _Unwind_VRS_Get
                0x080013d8                _Unwind_VRS_Set
                0x08001424                __gnu_Unwind_Backtrace
                0x08001780                __aeabi_unwind_cpp_pr0
                0x0800178c                __aeabi_unwind_cpp_pr1
                0x08001798                __aeabi_unwind_cpp_pr2
                0x080017a4                _Unwind_VRS_Pop
 .text          0x08001a20      0x144 c:/program files (x86)/gnu tools arm embedded/9 2019-q4-major/bin/../lib/gcc/arm-none-eabi/9.2.1/thumb/v6-m/nofp\libgcc.a(libunwind.o)
                0x08001a20                __restore_core_regs
                0x08001a20                restore_core_regs
                0x08001a4c                __gnu_Unwind_Restore_VFP
                0x08001a50                __gnu_Unwind_Save_VFP
                0x08001a54                __gnu_Unwind_Restore_VFP_D
                0x08001a58                __gnu_Unwind_Save_VFP_D
                0x08001a5c                __gnu_Unwind_Restore_VFP_D_16_to_31
                0x08001a60                __gnu_Unwind_Save_VFP_D_16_to_31
                0x08001a64                __gnu_Unwind_Restore_WMMXD
                0x08001a68                __gnu_Unwind_Save_WMMXD
                0x08001a6c                __gnu_Unwind_Restore_WMMXC
                0x08001a70                __gnu_Unwind_Save_WMMXC
                0x08001a74                ___Unwind_RaiseException
                0x08001a74                _Unwind_RaiseException
                0x08001aa4                _Unwind_Resume
                0x08001aa4                ___Unwind_Resume
                0x08001ad4                _Unwind_Resume_or_Rethrow
                0x08001ad4                ___Unwind_Resume_or_Rethrow
                0x08001b04                _Unwind_ForcedUnwind
                0x08001b04                ___Unwind_ForcedUnwind
                0x08001b34                ___Unwind_Backtrace
                0x08001b34                _Unwind_Backtrace
 .text          0x08001b64      0x390 c:/program files (x86)/gnu tools arm embedded/9 2019-q4-major/bin/../lib/gcc/arm-none-eabi/9.2.1/thumb/v6-m/nofp\libgcc.a(pr-support.o)
                0x08001bb8                __gnu_unwind_execute
                0x08001ea8                __gnu_unwind_frame
                0x08001ed4                _Unwind_GetRegionStart
                0x08001ee0                _Unwind_GetLanguageSpecificData
 .text          0x08001ef4       0x3c c:/program files (x86)/gnu tools arm embedded/9 2019-q4-major/bin/../lib/gcc/arm-none-eabi/9.2.1/thumb/v6-m/nofp\libgcc.a(_clzsi2.o)
                0x08001ef4                __clzsi2
 *(.text*)
 .text.MX_ADC_Init
                0x08001f30       0x78 CMakeFiles/ServoDrive-fw.elf.dir/Core/Src/adc.c.obj
                0x08001f30                MX_ADC_Init
 .text.HAL_ADC_MspInit
                0x08001fa8       0xb0 CMakeFiles/ServoDrive-fw.elf.dir/Core/Src/adc.c.obj
                0x08001fa8                HAL_ADC_MspInit
 .text.MX_DMA_Init
                0x08002058       0x30 CMakeFiles/ServoDrive-fw.elf.dir/Core/Src/dma.c.obj
                0x08002058                MX_DMA_Init
 .text.MX_GPIO_Init
                0x08002088       0x64 CMakeFiles/ServoDrive-fw.elf.dir/Core/Src/gpio.c.obj
                0x08002088                MX_GPIO_Init
 .text.HAL_I2C_MspInit
                0x080020ec       0x7c CMakeFiles/ServoDrive-fw.elf.dir/Core/Src/i2c.c.obj
                0x080020ec                HAL_I2C_MspInit
 .text.MY_I2C1_Init
                0x08002168       0x64 CMakeFiles/ServoDrive-fw.elf.dir/Core/Src/i2c.c.obj
                0x08002168                MY_I2C1_Init
 .text.Error_Handler
                0x080021cc        0x4 CMakeFiles/ServoDrive-fw.elf.dir/Core/Src/main.c.obj
                0x080021cc                Error_Handler
 .text.SystemClock_Config
                0x080021d0       0x7a CMakeFiles/ServoDrive-fw.elf.dir/Core/Src/main.c.obj
                0x080021d0                SystemClock_Config
 .text.main     0x0800224a       0x28 CMakeFiles/ServoDrive-fw.elf.dir/Core/Src/main.c.obj
                0x0800224a                main
 *fill*         0x08002272        0x2 
 .text.HAL_MspInit
                0x08002274       0x30 CMakeFiles/ServoDrive-fw.elf.dir/Core/Src/stm32f0xx_hal_msp.c.obj
                0x08002274                HAL_MspInit
 .text.NMI_Handler
                0x080022a4        0x2 CMakeFiles/ServoDrive-fw.elf.dir/Core/Src/stm32f0xx_it.c.obj
                0x080022a4                NMI_Handler
 .text.HardFault_Handler
                0x080022a6        0x2 CMakeFiles/ServoDrive-fw.elf.dir/Core/Src/stm32f0xx_it.c.obj
                0x080022a6                HardFault_Handler
 .text.SVC_Handler
                0x080022a8        0x2 CMakeFiles/ServoDrive-fw.elf.dir/Core/Src/stm32f0xx_it.c.obj
                0x080022a8                SVC_Handler
 .text.PendSV_Handler
                0x080022aa        0x2 CMakeFiles/ServoDrive-fw.elf.dir/Core/Src/stm32f0xx_it.c.obj
                0x080022aa                PendSV_Handler
 .text.SysTick_Handler
                0x080022ac        0x8 CMakeFiles/ServoDrive-fw.elf.dir/Core/Src/stm32f0xx_it.c.obj
                0x080022ac                SysTick_Handler
 .text.DMA1_Channel1_IRQHandler
                0x080022b4       0x10 CMakeFiles/ServoDrive-fw.elf.dir/Core/Src/stm32f0xx_it.c.obj
                0x080022b4                DMA1_Channel1_IRQHandler
 .text.ADC1_IRQHandler
                0x080022c4       0x10 CMakeFiles/ServoDrive-fw.elf.dir/Core/Src/stm32f0xx_it.c.obj
                0x080022c4                ADC1_IRQHandler
 .text.TIM14_IRQHandler
                0x080022d4       0x10 CMakeFiles/ServoDrive-fw.elf.dir/Core/Src/stm32f0xx_it.c.obj
                0x080022d4                TIM14_IRQHandler
 .text.I2C1_IRQHandler
                0x080022e4       0x24 CMakeFiles/ServoDrive-fw.elf.dir/Core/Src/stm32f0xx_it.c.obj
                0x080022e4                I2C1_IRQHandler
 .text._getpid  0x08002308        0x4 CMakeFiles/ServoDrive-fw.elf.dir/Core/Src/syscalls.c.obj
                0x08002308                _getpid
 .text._kill    0x0800230c       0x10 CMakeFiles/ServoDrive-fw.elf.dir/Core/Src/syscalls.c.obj
                0x0800230c                _kill
 .text._exit    0x0800231c        0xc CMakeFiles/ServoDrive-fw.elf.dir/Core/Src/syscalls.c.obj
                0x0800231c                _exit
 .text.SystemInit
                0x08002328        0x2 CMakeFiles/ServoDrive-fw.elf.dir/Core/Src/system_stm32f0xx.c.obj
                0x08002328                SystemInit
 *fill*         0x0800232a        0x2 
 .text.MX_TIM14_Init
                0x0800232c       0x34 CMakeFiles/ServoDrive-fw.elf.dir/Core/Src/tim.c.obj
                0x0800232c                MX_TIM14_Init
 .text.HAL_TIM_PWM_MspInit
                0x08002360       0x2c CMakeFiles/ServoDrive-fw.elf.dir/Core/Src/tim.c.obj
                0x08002360                HAL_TIM_PWM_MspInit
 .text.HAL_TIM_Base_MspInit
                0x0800238c       0x40 CMakeFiles/ServoDrive-fw.elf.dir/Core/Src/tim.c.obj
                0x0800238c                HAL_TIM_Base_MspInit
 .text.HAL_TIM_MspPostInit
                0x080023cc       0x58 CMakeFiles/ServoDrive-fw.elf.dir/Core/Src/tim.c.obj
                0x080023cc                HAL_TIM_MspPostInit
 .text.MX_TIM3_Init
                0x08002424       0x9c CMakeFiles/ServoDrive-fw.elf.dir/Core/Src/tim.c.obj
                0x08002424                MX_TIM3_Init
 .text._ZN5Motor13CalcDceOutputEff
                0x080024c0      0x10a CMakeFiles/ServoDrive-fw.elf.dir/Ctrl/motor.cpp.obj
                0x080024c0                Motor::CalcDceOutput(float, float)
 *fill*         0x080025ca        0x2 
 .text._ZN5Motor6SetPwmEs
                0x080025cc       0x54 CMakeFiles/ServoDrive-fw.elf.dir/Ctrl/motor.cpp.obj
                0x080025cc                Motor::SetPwm(short)
 .text._ZN5Motor14SetTorqueLimitEf
                0x08002620       0x38 CMakeFiles/ServoDrive-fw.elf.dir/Ctrl/motor.cpp.obj
                0x08002620                Motor::SetTorqueLimit(float)
 .text._ZN5Motor9SetEnableEb
                0x08002658        0x6 CMakeFiles/ServoDrive-fw.elf.dir/Ctrl/motor.cpp.obj
                0x08002658                Motor::SetEnable(bool)
 *fill*         0x0800265e        0x2 
 .text.eeprom_buffered_read_byte
                0x08002660        0xc CMakeFiles/ServoDrive-fw.elf.dir/Ctrl/random_flash_utils.cpp.obj
                0x08002660                eeprom_buffered_read_byte
 .text.eeprom_buffered_write_byte
                0x0800266c        0xc CMakeFiles/ServoDrive-fw.elf.dir/Ctrl/random_flash_utils.cpp.obj
                0x0800266c                eeprom_buffered_write_byte
 .text.eeprom_buffer_fill
                0x08002678       0x18 CMakeFiles/ServoDrive-fw.elf.dir/Ctrl/random_flash_utils.cpp.obj
                0x08002678                eeprom_buffer_fill
 .text.eeprom_buffer_flush
                0x08002690       0x6c CMakeFiles/ServoDrive-fw.elf.dir/Ctrl/random_flash_utils.cpp.obj
                0x08002690                eeprom_buffer_flush
 .text.HAL_InitTick
                0x080026fc       0x50 CMakeFiles/ServoDrive-fw.elf.dir/Drivers/STM32F0xx_HAL_Driver/Src/stm32f0xx_hal.c.obj
                0x080026fc                HAL_InitTick
 .text.HAL_Init
                0x0800274c       0x20 CMakeFiles/ServoDrive-fw.elf.dir/Drivers/STM32F0xx_HAL_Driver/Src/stm32f0xx_hal.c.obj
                0x0800274c                HAL_Init
 .text.HAL_IncTick
                0x0800276c       0x18 CMakeFiles/ServoDrive-fw.elf.dir/Drivers/STM32F0xx_HAL_Driver/Src/stm32f0xx_hal.c.obj
                0x0800276c                HAL_IncTick
 .text.HAL_GetTick
                0x08002784        0xc CMakeFiles/ServoDrive-fw.elf.dir/Drivers/STM32F0xx_HAL_Driver/Src/stm32f0xx_hal.c.obj
                0x08002784                HAL_GetTick
 .text.HAL_Delay
                0x08002790       0x24 CMakeFiles/ServoDrive-fw.elf.dir/Drivers/STM32F0xx_HAL_Driver/Src/stm32f0xx_hal.c.obj
                0x08002790                HAL_Delay
 .text.ADC_Enable
                0x080027b4       0xb0 CMakeFiles/ServoDrive-fw.elf.dir/Drivers/STM32F0xx_HAL_Driver/Src/stm32f0xx_hal_adc.c.obj
 .text.HAL_ADC_Init
                0x08002864      0x184 CMakeFiles/ServoDrive-fw.elf.dir/Drivers/STM32F0xx_HAL_Driver/Src/stm32f0xx_hal_adc.c.obj
                0x08002864                HAL_ADC_Init
 .text.HAL_ADC_Start_DMA
                0x080029e8       0xa8 CMakeFiles/ServoDrive-fw.elf.dir/Drivers/STM32F0xx_HAL_Driver/Src/stm32f0xx_hal_adc.c.obj
                0x080029e8                HAL_ADC_Start_DMA
 .text.ADC_DMAConvCplt
                0x08002a90       0x70 CMakeFiles/ServoDrive-fw.elf.dir/Drivers/STM32F0xx_HAL_Driver/Src/stm32f0xx_hal_adc.c.obj
 .text.HAL_ADC_ConvHalfCpltCallback
                0x08002b00        0x2 CMakeFiles/ServoDrive-fw.elf.dir/Drivers/STM32F0xx_HAL_Driver/Src/stm32f0xx_hal_adc.c.obj
                0x08002b00                HAL_ADC_ConvHalfCpltCallback
 .text.ADC_DMAHalfConvCplt
                0x08002b02        0xa CMakeFiles/ServoDrive-fw.elf.dir/Drivers/STM32F0xx_HAL_Driver/Src/stm32f0xx_hal_adc.c.obj
 .text.HAL_ADC_LevelOutOfWindowCallback
                0x08002b0c        0x2 CMakeFiles/ServoDrive-fw.elf.dir/Drivers/STM32F0xx_HAL_Driver/Src/stm32f0xx_hal_adc.c.obj
                0x08002b0c                HAL_ADC_LevelOutOfWindowCallback
 .text.HAL_ADC_ErrorCallback
                0x08002b0e        0x2 CMakeFiles/ServoDrive-fw.elf.dir/Drivers/STM32F0xx_HAL_Driver/Src/stm32f0xx_hal_adc.c.obj
                0x08002b0e                HAL_ADC_ErrorCallback
 .text.ADC_DMAError
                0x08002b10       0x1a CMakeFiles/ServoDrive-fw.elf.dir/Drivers/STM32F0xx_HAL_Driver/Src/stm32f0xx_hal_adc.c.obj
 *fill*         0x08002b2a        0x2 
 .text.HAL_ADC_IRQHandler
                0x08002b2c       0xdc CMakeFiles/ServoDrive-fw.elf.dir/Drivers/STM32F0xx_HAL_Driver/Src/stm32f0xx_hal_adc.c.obj
                0x08002b2c                HAL_ADC_IRQHandler
 .text.HAL_ADC_ConfigChannel
                0x08002c08      0x14c CMakeFiles/ServoDrive-fw.elf.dir/Drivers/STM32F0xx_HAL_Driver/Src/stm32f0xx_hal_adc.c.obj
                0x08002c08                HAL_ADC_ConfigChannel
 .text.HAL_NVIC_SetPriority
                0x08002d54       0x60 CMakeFiles/ServoDrive-fw.elf.dir/Drivers/STM32F0xx_HAL_Driver/Src/stm32f0xx_hal_cortex.c.obj
                0x08002d54                HAL_NVIC_SetPriority
 .text.HAL_NVIC_EnableIRQ
                0x08002db4       0x18 CMakeFiles/ServoDrive-fw.elf.dir/Drivers/STM32F0xx_HAL_Driver/Src/stm32f0xx_hal_cortex.c.obj
                0x08002db4                HAL_NVIC_EnableIRQ
 .text.HAL_NVIC_SystemReset
                0x08002dcc       0x1c CMakeFiles/ServoDrive-fw.elf.dir/Drivers/STM32F0xx_HAL_Driver/Src/stm32f0xx_hal_cortex.c.obj
                0x08002dcc                HAL_NVIC_SystemReset
 .text.HAL_SYSTICK_Config
                0x08002de8       0x38 CMakeFiles/ServoDrive-fw.elf.dir/Drivers/STM32F0xx_HAL_Driver/Src/stm32f0xx_hal_cortex.c.obj
                0x08002de8                HAL_SYSTICK_Config
 .text.DMA_SetConfig
                0x08002e20       0x2a CMakeFiles/ServoDrive-fw.elf.dir/Drivers/STM32F0xx_HAL_Driver/Src/stm32f0xx_hal_dma.c.obj
 *fill*         0x08002e4a        0x2 
 .text.DMA_CalcBaseAndBitshift
                0x08002e4c       0x28 CMakeFiles/ServoDrive-fw.elf.dir/Drivers/STM32F0xx_HAL_Driver/Src/stm32f0xx_hal_dma.c.obj
 .text.HAL_DMA_Init
                0x08002e74       0x50 CMakeFiles/ServoDrive-fw.elf.dir/Drivers/STM32F0xx_HAL_Driver/Src/stm32f0xx_hal_dma.c.obj
                0x08002e74                HAL_DMA_Init
 .text.HAL_DMA_Start_IT
                0x08002ec4       0x76 CMakeFiles/ServoDrive-fw.elf.dir/Drivers/STM32F0xx_HAL_Driver/Src/stm32f0xx_hal_dma.c.obj
                0x08002ec4                HAL_DMA_Start_IT
 .text.HAL_DMA_Abort_IT
                0x08002f3a       0x4a CMakeFiles/ServoDrive-fw.elf.dir/Drivers/STM32F0xx_HAL_Driver/Src/stm32f0xx_hal_dma.c.obj
                0x08002f3a                HAL_DMA_Abort_IT
 .text.HAL_DMA_IRQHandler
                0x08002f84       0xaa CMakeFiles/ServoDrive-fw.elf.dir/Drivers/STM32F0xx_HAL_Driver/Src/stm32f0xx_hal_dma.c.obj
                0x08002f84                HAL_DMA_IRQHandler
 .text.HAL_DMA_GetState
                0x0800302e        0x8 CMakeFiles/ServoDrive-fw.elf.dir/Drivers/STM32F0xx_HAL_Driver/Src/stm32f0xx_hal_dma.c.obj
                0x0800302e                HAL_DMA_GetState
 *fill*         0x08003036        0x2 
 .text.FLASH_Program_HalfWord
                0x08003038       0x20 CMakeFiles/ServoDrive-fw.elf.dir/Drivers/STM32F0xx_HAL_Driver/Src/stm32f0xx_hal_flash.c.obj
 .text.FLASH_SetErrorCode
                0x08003058       0x40 CMakeFiles/ServoDrive-fw.elf.dir/Drivers/STM32F0xx_HAL_Driver/Src/stm32f0xx_hal_flash.c.obj
 .text.HAL_FLASH_Unlock
                0x08003098       0x30 CMakeFiles/ServoDrive-fw.elf.dir/Drivers/STM32F0xx_HAL_Driver/Src/stm32f0xx_hal_flash.c.obj
                0x08003098                HAL_FLASH_Unlock
 .text.HAL_FLASH_Lock
                0x080030c8       0x14 CMakeFiles/ServoDrive-fw.elf.dir/Drivers/STM32F0xx_HAL_Driver/Src/stm32f0xx_hal_flash.c.obj
                0x080030c8                HAL_FLASH_Lock
 .text.FLASH_WaitForLastOperation
                0x080030dc       0x58 CMakeFiles/ServoDrive-fw.elf.dir/Drivers/STM32F0xx_HAL_Driver/Src/stm32f0xx_hal_flash.c.obj
                0x080030dc                FLASH_WaitForLastOperation
 .text.HAL_FLASH_Program
                0x08003134       0xa8 CMakeFiles/ServoDrive-fw.elf.dir/Drivers/STM32F0xx_HAL_Driver/Src/stm32f0xx_hal_flash.c.obj
                0x08003134                HAL_FLASH_Program
 .text.FLASH_MassErase
                0x080031dc       0x24 CMakeFiles/ServoDrive-fw.elf.dir/Drivers/STM32F0xx_HAL_Driver/Src/stm32f0xx_hal_flash_ex.c.obj
 .text.FLASH_PageErase
                0x08003200       0x24 CMakeFiles/ServoDrive-fw.elf.dir/Drivers/STM32F0xx_HAL_Driver/Src/stm32f0xx_hal_flash_ex.c.obj
                0x08003200                FLASH_PageErase
 .text.HAL_FLASHEx_Erase
                0x08003224       0xa4 CMakeFiles/ServoDrive-fw.elf.dir/Drivers/STM32F0xx_HAL_Driver/Src/stm32f0xx_hal_flash_ex.c.obj
                0x08003224                HAL_FLASHEx_Erase
 .text.HAL_GPIO_Init
                0x080032c8      0x180 CMakeFiles/ServoDrive-fw.elf.dir/Drivers/STM32F0xx_HAL_Driver/Src/stm32f0xx_hal_gpio.c.obj
                0x080032c8                HAL_GPIO_Init
 .text.HAL_GPIO_WritePin
                0x08003448        0xc CMakeFiles/ServoDrive-fw.elf.dir/Drivers/STM32F0xx_HAL_Driver/Src/stm32f0xx_hal_gpio.c.obj
                0x08003448                HAL_GPIO_WritePin
 .text.I2C_Flush_TXDR
                0x08003454       0x1e CMakeFiles/ServoDrive-fw.elf.dir/Drivers/STM32F0xx_HAL_Driver/Src/stm32f0xx_hal_i2c.c.obj
 *fill*         0x08003472        0x2 
 .text.I2C_TransferConfig
                0x08003474       0x2c CMakeFiles/ServoDrive-fw.elf.dir/Drivers/STM32F0xx_HAL_Driver/Src/stm32f0xx_hal_i2c.c.obj
 .text.I2C_Enable_IRQ
                0x080034a0       0x70 CMakeFiles/ServoDrive-fw.elf.dir/Drivers/STM32F0xx_HAL_Driver/Src/stm32f0xx_hal_i2c.c.obj
 .text.I2C_Disable_IRQ
                0x08003510       0x6c CMakeFiles/ServoDrive-fw.elf.dir/Drivers/STM32F0xx_HAL_Driver/Src/stm32f0xx_hal_i2c.c.obj
 .text.I2C_IsAcknowledgeFailed
                0x0800357c       0x90 CMakeFiles/ServoDrive-fw.elf.dir/Drivers/STM32F0xx_HAL_Driver/Src/stm32f0xx_hal_i2c.c.obj
 .text.I2C_WaitOnTXISFlagUntilTimeout
                0x0800360c       0x52 CMakeFiles/ServoDrive-fw.elf.dir/Drivers/STM32F0xx_HAL_Driver/Src/stm32f0xx_hal_i2c.c.obj
 .text.I2C_WaitOnFlagUntilTimeout
                0x0800365e       0x54 CMakeFiles/ServoDrive-fw.elf.dir/Drivers/STM32F0xx_HAL_Driver/Src/stm32f0xx_hal_i2c.c.obj
 .text.I2C_WaitOnSTOPFlagUntilTimeout
                0x080036b2       0x4e CMakeFiles/ServoDrive-fw.elf.dir/Drivers/STM32F0xx_HAL_Driver/Src/stm32f0xx_hal_i2c.c.obj
 .text.HAL_I2C_Init
                0x08003700       0xcc CMakeFiles/ServoDrive-fw.elf.dir/Drivers/STM32F0xx_HAL_Driver/Src/stm32f0xx_hal_i2c.c.obj
                0x08003700                HAL_I2C_Init
 .text.HAL_I2C_Slave_Transmit
                0x080037cc      0x1a0 CMakeFiles/ServoDrive-fw.elf.dir/Drivers/STM32F0xx_HAL_Driver/Src/stm32f0xx_hal_i2c.c.obj
                0x080037cc                HAL_I2C_Slave_Transmit
 .text.HAL_I2C_Slave_Receive_IT
                0x0800396c       0x68 CMakeFiles/ServoDrive-fw.elf.dir/Drivers/STM32F0xx_HAL_Driver/Src/stm32f0xx_hal_i2c.c.obj
                0x0800396c                HAL_I2C_Slave_Receive_IT
 .text.HAL_I2C_EV_IRQHandler
                0x080039d4       0x12 CMakeFiles/ServoDrive-fw.elf.dir/Drivers/STM32F0xx_HAL_Driver/Src/stm32f0xx_hal_i2c.c.obj
                0x080039d4                HAL_I2C_EV_IRQHandler
 .text.HAL_I2C_MasterTxCpltCallback
                0x080039e6        0x2 CMakeFiles/ServoDrive-fw.elf.dir/Drivers/STM32F0xx_HAL_Driver/Src/stm32f0xx_hal_i2c.c.obj
                0x080039e6                HAL_I2C_MasterTxCpltCallback
 .text.HAL_I2C_MasterRxCpltCallback
                0x080039e8        0x2 CMakeFiles/ServoDrive-fw.elf.dir/Drivers/STM32F0xx_HAL_Driver/Src/stm32f0xx_hal_i2c.c.obj
                0x080039e8                HAL_I2C_MasterRxCpltCallback
 .text.I2C_ITMasterSeqCplt
                0x080039ea       0x52 CMakeFiles/ServoDrive-fw.elf.dir/Drivers/STM32F0xx_HAL_Driver/Src/stm32f0xx_hal_i2c.c.obj
 .text.HAL_I2C_SlaveTxCpltCallback
                0x08003a3c        0x2 CMakeFiles/ServoDrive-fw.elf.dir/Drivers/STM32F0xx_HAL_Driver/Src/stm32f0xx_hal_i2c.c.obj
                0x08003a3c                HAL_I2C_SlaveTxCpltCallback
 *fill*         0x08003a3e        0x2 
 .text.I2C_ITSlaveSeqCplt
                0x08003a40       0x84 CMakeFiles/ServoDrive-fw.elf.dir/Drivers/STM32F0xx_HAL_Driver/Src/stm32f0xx_hal_i2c.c.obj
 .text.HAL_I2C_AddrCallback
                0x08003ac4        0x2 CMakeFiles/ServoDrive-fw.elf.dir/Drivers/STM32F0xx_HAL_Driver/Src/stm32f0xx_hal_i2c.c.obj
                0x08003ac4                HAL_I2C_AddrCallback
 .text.I2C_ITAddrCplt
                0x08003ac6       0xa6 CMakeFiles/ServoDrive-fw.elf.dir/Drivers/STM32F0xx_HAL_Driver/Src/stm32f0xx_hal_i2c.c.obj
 .text.HAL_I2C_ListenCpltCallback
                0x08003b6c        0x2 CMakeFiles/ServoDrive-fw.elf.dir/Drivers/STM32F0xx_HAL_Driver/Src/stm32f0xx_hal_i2c.c.obj
                0x08003b6c                HAL_I2C_ListenCpltCallback
 *fill*         0x08003b6e        0x2 
 .text.I2C_ITListenCplt
                0x08003b70       0x68 CMakeFiles/ServoDrive-fw.elf.dir/Drivers/STM32F0xx_HAL_Driver/Src/stm32f0xx_hal_i2c.c.obj
 .text.HAL_I2C_MemTxCpltCallback
                0x08003bd8        0x2 CMakeFiles/ServoDrive-fw.elf.dir/Drivers/STM32F0xx_HAL_Driver/Src/stm32f0xx_hal_i2c.c.obj
                0x08003bd8                HAL_I2C_MemTxCpltCallback
 .text.HAL_I2C_MemRxCpltCallback
                0x08003bda        0x2 CMakeFiles/ServoDrive-fw.elf.dir/Drivers/STM32F0xx_HAL_Driver/Src/stm32f0xx_hal_i2c.c.obj
                0x08003bda                HAL_I2C_MemRxCpltCallback
 .text.HAL_I2C_ErrorCallback
                0x08003bdc        0x2 CMakeFiles/ServoDrive-fw.elf.dir/Drivers/STM32F0xx_HAL_Driver/Src/stm32f0xx_hal_i2c.c.obj
                0x08003bdc                HAL_I2C_ErrorCallback
 .text.HAL_I2C_AbortCpltCallback
                0x08003bde        0x2 CMakeFiles/ServoDrive-fw.elf.dir/Drivers/STM32F0xx_HAL_Driver/Src/stm32f0xx_hal_i2c.c.obj
                0x08003bde                HAL_I2C_AbortCpltCallback
 .text.I2C_TreatErrorCallback
                0x08003be0       0x2c CMakeFiles/ServoDrive-fw.elf.dir/Drivers/STM32F0xx_HAL_Driver/Src/stm32f0xx_hal_i2c.c.obj
 .text.I2C_ITError
                0x08003c0c      0x110 CMakeFiles/ServoDrive-fw.elf.dir/Drivers/STM32F0xx_HAL_Driver/Src/stm32f0xx_hal_i2c.c.obj
 .text.I2C_ITSlaveCplt
                0x08003d1c      0x168 CMakeFiles/ServoDrive-fw.elf.dir/Drivers/STM32F0xx_HAL_Driver/Src/stm32f0xx_hal_i2c.c.obj
 .text.I2C_Slave_ISR_IT
                0x08003e84      0x14c CMakeFiles/ServoDrive-fw.elf.dir/Drivers/STM32F0xx_HAL_Driver/Src/stm32f0xx_hal_i2c.c.obj
 .text.I2C_ITMasterCplt
                0x08003fd0      0x118 CMakeFiles/ServoDrive-fw.elf.dir/Drivers/STM32F0xx_HAL_Driver/Src/stm32f0xx_hal_i2c.c.obj
 .text.I2C_Slave_ISR_DMA
                0x080040e8      0x12c CMakeFiles/ServoDrive-fw.elf.dir/Drivers/STM32F0xx_HAL_Driver/Src/stm32f0xx_hal_i2c.c.obj
 .text.I2C_Master_ISR_DMA
                0x08004214      0x13c CMakeFiles/ServoDrive-fw.elf.dir/Drivers/STM32F0xx_HAL_Driver/Src/stm32f0xx_hal_i2c.c.obj
 .text.HAL_I2C_ER_IRQHandler
                0x08004350       0x5e CMakeFiles/ServoDrive-fw.elf.dir/Drivers/STM32F0xx_HAL_Driver/Src/stm32f0xx_hal_i2c.c.obj
                0x08004350                HAL_I2C_ER_IRQHandler
 .text.I2C_DMAAbort
                0x080043ae       0x1e CMakeFiles/ServoDrive-fw.elf.dir/Drivers/STM32F0xx_HAL_Driver/Src/stm32f0xx_hal_i2c.c.obj
 .text.HAL_I2CEx_ConfigAnalogFilter
                0x080043cc       0x58 CMakeFiles/ServoDrive-fw.elf.dir/Drivers/STM32F0xx_HAL_Driver/Src/stm32f0xx_hal_i2c_ex.c.obj
                0x080043cc                HAL_I2CEx_ConfigAnalogFilter
 .text.HAL_I2CEx_ConfigDigitalFilter
                0x08004424       0x54 CMakeFiles/ServoDrive-fw.elf.dir/Drivers/STM32F0xx_HAL_Driver/Src/stm32f0xx_hal_i2c_ex.c.obj
                0x08004424                HAL_I2CEx_ConfigDigitalFilter
 .text.HAL_RCC_DeInit
                0x08004478       0xcc CMakeFiles/ServoDrive-fw.elf.dir/Drivers/STM32F0xx_HAL_Driver/Src/stm32f0xx_hal_rcc.c.obj
                0x08004478                HAL_RCC_DeInit
 .text.HAL_RCC_OscConfig
                0x08004544      0x544 CMakeFiles/ServoDrive-fw.elf.dir/Drivers/STM32F0xx_HAL_Driver/Src/stm32f0xx_hal_rcc.c.obj
                0x08004544                HAL_RCC_OscConfig
 .text.HAL_RCC_GetSysClockFreq
                0x08004a88       0x94 CMakeFiles/ServoDrive-fw.elf.dir/Drivers/STM32F0xx_HAL_Driver/Src/stm32f0xx_hal_rcc.c.obj
                0x08004a88                HAL_RCC_GetSysClockFreq
 .text.HAL_RCC_ClockConfig
                0x08004b1c      0x144 CMakeFiles/ServoDrive-fw.elf.dir/Drivers/STM32F0xx_HAL_Driver/Src/stm32f0xx_hal_rcc.c.obj
                0x08004b1c                HAL_RCC_ClockConfig
 .text.HAL_RCCEx_PeriphCLKConfig
                0x08004c60      0x144 CMakeFiles/ServoDrive-fw.elf.dir/Drivers/STM32F0xx_HAL_Driver/Src/stm32f0xx_hal_rcc_ex.c.obj
                0x08004c60                HAL_RCCEx_PeriphCLKConfig
 .text.TIM_OC1_SetConfig
                0x08004da4       0x78 CMakeFiles/ServoDrive-fw.elf.dir/Drivers/STM32F0xx_HAL_Driver/Src/stm32f0xx_hal_tim.c.obj
 .text.TIM_OC3_SetConfig
                0x08004e1c       0x88 CMakeFiles/ServoDrive-fw.elf.dir/Drivers/STM32F0xx_HAL_Driver/Src/stm32f0xx_hal_tim.c.obj
 .text.TIM_OC4_SetConfig
                0x08004ea4       0x68 CMakeFiles/ServoDrive-fw.elf.dir/Drivers/STM32F0xx_HAL_Driver/Src/stm32f0xx_hal_tim.c.obj
 .text.HAL_TIM_Base_Start_IT
                0x08004f0c       0x60 CMakeFiles/ServoDrive-fw.elf.dir/Drivers/STM32F0xx_HAL_Driver/Src/stm32f0xx_hal_tim.c.obj
                0x08004f0c                HAL_TIM_Base_Start_IT
 .text.HAL_TIM_OC_DelayElapsedCallback
                0x08004f6c        0x2 CMakeFiles/ServoDrive-fw.elf.dir/Drivers/STM32F0xx_HAL_Driver/Src/stm32f0xx_hal_tim.c.obj
                0x08004f6c                HAL_TIM_OC_DelayElapsedCallback
 .text.HAL_TIM_IC_CaptureCallback
                0x08004f6e        0x2 CMakeFiles/ServoDrive-fw.elf.dir/Drivers/STM32F0xx_HAL_Driver/Src/stm32f0xx_hal_tim.c.obj
                0x08004f6e                HAL_TIM_IC_CaptureCallback
 .text.HAL_TIM_PWM_PulseFinishedCallback
                0x08004f70        0x2 CMakeFiles/ServoDrive-fw.elf.dir/Drivers/STM32F0xx_HAL_Driver/Src/stm32f0xx_hal_tim.c.obj
                0x08004f70                HAL_TIM_PWM_PulseFinishedCallback
 .text.HAL_TIM_TriggerCallback
                0x08004f72        0x2 CMakeFiles/ServoDrive-fw.elf.dir/Drivers/STM32F0xx_HAL_Driver/Src/stm32f0xx_hal_tim.c.obj
                0x08004f72                HAL_TIM_TriggerCallback
 .text.HAL_TIM_IRQHandler
                0x08004f74      0x15a CMakeFiles/ServoDrive-fw.elf.dir/Drivers/STM32F0xx_HAL_Driver/Src/stm32f0xx_hal_tim.c.obj
                0x08004f74                HAL_TIM_IRQHandler
 *fill*         0x080050ce        0x2 
 .text.TIM_Base_SetConfig
                0x080050d0       0x94 CMakeFiles/ServoDrive-fw.elf.dir/Drivers/STM32F0xx_HAL_Driver/Src/stm32f0xx_hal_tim.c.obj
                0x080050d0                TIM_Base_SetConfig
 .text.HAL_TIM_Base_Init
                0x08005164       0x58 CMakeFiles/ServoDrive-fw.elf.dir/Drivers/STM32F0xx_HAL_Driver/Src/stm32f0xx_hal_tim.c.obj
                0x08005164                HAL_TIM_Base_Init
 .text.HAL_TIM_PWM_Init
                0x080051bc       0x58 CMakeFiles/ServoDrive-fw.elf.dir/Drivers/STM32F0xx_HAL_Driver/Src/stm32f0xx_hal_tim.c.obj
                0x080051bc                HAL_TIM_PWM_Init
 .text.TIM_OC2_SetConfig
                0x08005214       0x80 CMakeFiles/ServoDrive-fw.elf.dir/Drivers/STM32F0xx_HAL_Driver/Src/stm32f0xx_hal_tim.c.obj
                0x08005214                TIM_OC2_SetConfig
 .text.HAL_TIM_PWM_ConfigChannel
                0x08005294       0xf0 CMakeFiles/ServoDrive-fw.elf.dir/Drivers/STM32F0xx_HAL_Driver/Src/stm32f0xx_hal_tim.c.obj
                0x08005294                HAL_TIM_PWM_ConfigChannel
 .text.TIM_CCxChannelCmd
                0x08005384       0x1a CMakeFiles/ServoDrive-fw.elf.dir/Drivers/STM32F0xx_HAL_Driver/Src/stm32f0xx_hal_tim.c.obj
                0x08005384                TIM_CCxChannelCmd
 *fill*         0x0800539e        0x2 
 .text.HAL_TIM_PWM_Start
                0x080053a0       0xec CMakeFiles/ServoDrive-fw.elf.dir/Drivers/STM32F0xx_HAL_Driver/Src/stm32f0xx_hal_tim.c.obj
                0x080053a0                HAL_TIM_PWM_Start
 .text.HAL_TIMEx_MasterConfigSynchronization
                0x0800548c       0x64 CMakeFiles/ServoDrive-fw.elf.dir/Drivers/STM32F0xx_HAL_Driver/Src/stm32f0xx_hal_tim_ex.c.obj
                0x0800548c                HAL_TIMEx_MasterConfigSynchronization
 .text.HAL_TIMEx_CommutCallback
                0x080054f0        0x2 CMakeFiles/ServoDrive-fw.elf.dir/Drivers/STM32F0xx_HAL_Driver/Src/stm32f0xx_hal_tim_ex.c.obj
                0x080054f0                HAL_TIMEx_CommutCallback
 .text.HAL_TIMEx_BreakCallback
                0x080054f2        0x2 CMakeFiles/ServoDrive-fw.elf.dir/Drivers/STM32F0xx_HAL_Driver/Src/stm32f0xx_hal_tim_ex.c.obj
                0x080054f2                HAL_TIMEx_BreakCallback
 .text._Z41__static_initialization_and_destruction_0ii
                0x080054f4       0x20 CMakeFiles/ServoDrive-fw.elf.dir/UserApp/main.cpp.obj
 .text.Main     0x08005514      0x1c4 CMakeFiles/ServoDrive-fw.elf.dir/UserApp/main.cpp.obj
                0x08005514                Main
 .text.HAL_ADC_ConvCpltCallback
                0x080056d8        0x2 CMakeFiles/ServoDrive-fw.elf.dir/UserApp/main.cpp.obj
                0x080056d8                HAL_ADC_ConvCpltCallback
 *fill*         0x080056da        0x2 
 .text.HAL_I2C_SlaveRxCpltCallback
                0x080056dc      0x1f8 CMakeFiles/ServoDrive-fw.elf.dir/UserApp/main.cpp.obj
                0x080056dc                HAL_I2C_SlaveRxCpltCallback
 .text.HAL_TIM_PeriodElapsedCallback
                0x080058d4       0x98 CMakeFiles/ServoDrive-fw.elf.dir/UserApp/main.cpp.obj
                0x080058d4                HAL_TIM_PeriodElapsedCallback
 .text._GLOBAL__sub_I_motor
                0x0800596c       0x10 CMakeFiles/ServoDrive-fw.elf.dir/UserApp/main.cpp.obj
 .text.Reset_Handler
                0x0800597c       0x80 CMakeFiles/ServoDrive-fw.elf.dir/startup/startup_stm32f042x6.s.obj
                0x0800597c                Reset_Handler
 .text.Default_Handler
                0x080059fc        0x2 CMakeFiles/ServoDrive-fw.elf.dir/startup/startup_stm32f042x6.s.obj
                0x080059fc                TIM1_CC_IRQHandler
                0x080059fc                TSC_IRQHandler
                0x080059fc                RCC_CRS_IRQHandler
                0x080059fc                SPI1_IRQHandler
                0x080059fc                EXTI2_3_IRQHandler
                0x080059fc                TIM17_IRQHandler
                0x080059fc                CEC_CAN_IRQHandler
                0x080059fc                RTC_IRQHandler
                0x080059fc                PVD_VDDIO2_IRQHandler
                0x080059fc                TIM16_IRQHandler
                0x080059fc                TIM3_IRQHandler
                0x080059fc                EXTI4_15_IRQHandler
                0x080059fc                Default_Handler
                0x080059fc                DMA1_Channel4_5_IRQHandler
                0x080059fc                EXTI0_1_IRQHandler
                0x080059fc                USB_IRQHandler
                0x080059fc                SPI2_IRQHandler
                0x080059fc                WWDG_IRQHandler
                0x080059fc                TIM2_IRQHandler
                0x080059fc                DMA1_Channel2_3_IRQHandler
                0x080059fc                USART2_IRQHandler
                0x080059fc                FLASH_IRQHandler
                0x080059fc                USART1_IRQHandler
                0x080059fc                TIM1_BRK_UP_TRG_COM_IRQHandler
 *fill*         0x080059fe        0x2 
 .text.abort    0x08005a00       0x10 c:/program files (x86)/gnu tools arm embedded/9 2019-q4-major/bin/../lib/gcc/arm-none-eabi/9.2.1/../../../../arm-none-eabi/lib/thumb/v6-m/nofp\libg.a(lib_a-abort.o)
                0x08005a00                abort
 .text.__errno  0x08005a10        0xc c:/program files (x86)/gnu tools arm embedded/9 2019-q4-major/bin/../lib/gcc/arm-none-eabi/9.2.1/../../../../arm-none-eabi/lib/thumb/v6-m/nofp\libg.a(lib_a-errno.o)
                0x08005a10                __errno
 .text.__libc_init_array
                0x08005a1c       0x44 c:/program files (x86)/gnu tools arm embedded/9 2019-q4-major/bin/../lib/gcc/arm-none-eabi/9.2.1/../../../../arm-none-eabi/lib/thumb/v6-m/nofp\libg.a(lib_a-init.o)
                0x08005a1c                __libc_init_array
 .text.memcpy   0x08005a60       0xa4 c:/program files (x86)/gnu tools arm embedded/9 2019-q4-major/bin/../lib/gcc/arm-none-eabi/9.2.1/../../../../arm-none-eabi/lib/thumb/v6-m/nofp\libg.a(lib_a-memcpy-stub.o)
                0x08005a60                memcpy
 .text.memset   0x08005b04       0xa8 c:/program files (x86)/gnu tools arm embedded/9 2019-q4-major/bin/../lib/gcc/arm-none-eabi/9.2.1/../../../../arm-none-eabi/lib/thumb/v6-m/nofp\libg.a(lib_a-memset.o)
                0x08005b04                memset
 .text._raise_r
                0x08005bac       0x5c c:/program files (x86)/gnu tools arm embedded/9 2019-q4-major/bin/../lib/gcc/arm-none-eabi/9.2.1/../../../../arm-none-eabi/lib/thumb/v6-m/nofp\libg.a(lib_a-signal.o)
                0x08005bac                _raise_r
 .text.raise    0x08005c08       0x14 c:/program files (x86)/gnu tools arm embedded/9 2019-q4-major/bin/../lib/gcc/arm-none-eabi/9.2.1/../../../../arm-none-eabi/lib/thumb/v6-m/nofp\libg.a(lib_a-signal.o)
                0x08005c08                raise
 .text._kill_r  0x08005c1c       0x28 c:/program files (x86)/gnu tools arm embedded/9 2019-q4-major/bin/../lib/gcc/arm-none-eabi/9.2.1/../../../../arm-none-eabi/lib/thumb/v6-m/nofp\libg.a(lib_a-signalr.o)
                0x08005c1c                _kill_r
 .text._getpid_r
                0x08005c44        0x8 c:/program files (x86)/gnu tools arm embedded/9 2019-q4-major/bin/../lib/gcc/arm-none-eabi/9.2.1/../../../../arm-none-eabi/lib/thumb/v6-m/nofp\libg.a(lib_a-signalr.o)
                0x08005c44                _getpid_r
 .text.startup.register_fini
                0x08005c4c       0x18 c:/program files (x86)/gnu tools arm embedded/9 2019-q4-major/bin/../lib/gcc/arm-none-eabi/9.2.1/../../../../arm-none-eabi/lib/thumb/v6-m/nofp\libg.a(lib_a-__call_atexit.o)
 .text.atexit   0x08005c64       0x10 c:/program files (x86)/gnu tools arm embedded/9 2019-q4-major/bin/../lib/gcc/arm-none-eabi/9.2.1/../../../../arm-none-eabi/lib/thumb/v6-m/nofp\libg.a(lib_a-atexit.o)
                0x08005c64                atexit
 .text.__libc_fini_array
                0x08005c74       0x28 c:/program files (x86)/gnu tools arm embedded/9 2019-q4-major/bin/../lib/gcc/arm-none-eabi/9.2.1/../../../../arm-none-eabi/lib/thumb/v6-m/nofp\libg.a(lib_a-fini.o)
                0x08005c74                __libc_fini_array
 .text.__retarget_lock_acquire_recursive
                0x08005c9c        0x4 c:/program files (x86)/gnu tools arm embedded/9 2019-q4-major/bin/../lib/gcc/arm-none-eabi/9.2.1/../../../../arm-none-eabi/lib/thumb/v6-m/nofp\libg.a(lib_a-lock.o)
                0x08005c9c                __retarget_lock_acquire_recursive
 .text.__retarget_lock_release_recursive
                0x08005ca0        0x4 c:/program files (x86)/gnu tools arm embedded/9 2019-q4-major/bin/../lib/gcc/arm-none-eabi/9.2.1/../../../../arm-none-eabi/lib/thumb/v6-m/nofp\libg.a(lib_a-lock.o)
                0x08005ca0                __retarget_lock_release_recursive
 .text.__register_exitproc
                0x08005ca4       0xac c:/program files (x86)/gnu tools arm embedded/9 2019-q4-major/bin/../lib/gcc/arm-none-eabi/9.2.1/../../../../arm-none-eabi/lib/thumb/v6-m/nofp\libg.a(lib_a-__atexit.o)
                0x08005ca4                __register_exitproc
 *(.glue_7)
 .glue_7        0x08005d50        0x0 linker stubs
 *(.glue_7t)
 .glue_7t       0x08005d50        0x0 linker stubs
 *(.eh_frame)
 .eh_frame      0x08005d50        0x0 c:/program files (x86)/gnu tools arm embedded/9 2019-q4-major/bin/../lib/gcc/arm-none-eabi/9.2.1/thumb/v6-m/nofp/crtbegin.o
 *(.init)
 .init          0x08005d50        0x4 c:/program files (x86)/gnu tools arm embedded/9 2019-q4-major/bin/../lib/gcc/arm-none-eabi/9.2.1/thumb/v6-m/nofp/crti.o
                0x08005d50                _init
 .init          0x08005d54        0x8 c:/program files (x86)/gnu tools arm embedded/9 2019-q4-major/bin/../lib/gcc/arm-none-eabi/9.2.1/thumb/v6-m/nofp/crtn.o
 *(.fini)
 .fini          0x08005d5c        0x4 c:/program files (x86)/gnu tools arm embedded/9 2019-q4-major/bin/../lib/gcc/arm-none-eabi/9.2.1/thumb/v6-m/nofp/crti.o
                0x08005d5c                _fini
 .fini          0x08005d60        0x8 c:/program files (x86)/gnu tools arm embedded/9 2019-q4-major/bin/../lib/gcc/arm-none-eabi/9.2.1/thumb/v6-m/nofp/crtn.o
                0x08005d68                . = ALIGN (0x4)
                0x08005d68                _etext = .

.vfp11_veneer   0x08005d68        0x0
 .vfp11_veneer  0x08005d68        0x0 linker stubs

.v4_bx          0x08005d68        0x0
 .v4_bx         0x08005d68        0x0 linker stubs

.iplt           0x08005d68        0x0
 .iplt          0x08005d68        0x0 c:/program files (x86)/gnu tools arm embedded/9 2019-q4-major/bin/../lib/gcc/arm-none-eabi/9.2.1/thumb/v6-m/nofp/crtbegin.o

.rodata         0x08005d68      0x1cc
                0x08005d68                . = ALIGN (0x4)
 *(.rodata)
 .rodata        0x08005d68       0x30 CMakeFiles/ServoDrive-fw.elf.dir/UserApp/main.cpp.obj
 .rodata        0x08005d98       0x80 c:/program files (x86)/gnu tools arm embedded/9 2019-q4-major/bin/../lib/gcc/arm-none-eabi/9.2.1/thumb/v6-m/nofp\libgcc.a(divsf3.o)
 .rodata        0x08005e18       0x40 c:/program files (x86)/gnu tools arm embedded/9 2019-q4-major/bin/../lib/gcc/arm-none-eabi/9.2.1/thumb/v6-m/nofp\libgcc.a(mulsf3.o)
 *(.rodata*)
 .rodata.AHBPrescTable
                0x08005e58       0x10 CMakeFiles/ServoDrive-fw.elf.dir/Core/Src/system_stm32f0xx.c.obj
                0x08005e58                AHBPrescTable
 .rodata.HAL_RCC_GetSysClockFreq.str1.4
                0x08005e68       0x25 CMakeFiles/ServoDrive-fw.elf.dir/Drivers/STM32F0xx_HAL_Driver/Src/stm32f0xx_hal_rcc.c.obj
 *fill*         0x08005e8d        0x3 
 .rodata.HAL_I2C_SlaveRxCpltCallback
                0x08005e90       0xa0 CMakeFiles/ServoDrive-fw.elf.dir/UserApp/main.cpp.obj
 .rodata._global_impure_ptr
                0x08005f30        0x4 c:/program files (x86)/gnu tools arm embedded/9 2019-q4-major/bin/../lib/gcc/arm-none-eabi/9.2.1/../../../../arm-none-eabi/lib/thumb/v6-m/nofp\libg.a(lib_a-impure.o)
                0x08005f30                _global_impure_ptr
                0x08005f34                . = ALIGN (0x4)

.ARM.extab      0x08005f34       0x30
 *(.ARM.extab* .gnu.linkonce.armextab.*)
 .ARM.extab     0x08005f34       0x24 c:/program files (x86)/gnu tools arm embedded/9 2019-q4-major/bin/../lib/gcc/arm-none-eabi/9.2.1/thumb/v6-m/nofp\libgcc.a(unwind-arm.o)
 .ARM.extab     0x08005f58        0xc c:/program files (x86)/gnu tools arm embedded/9 2019-q4-major/bin/../lib/gcc/arm-none-eabi/9.2.1/thumb/v6-m/nofp\libgcc.a(pr-support.o)

.ARM            0x08005f64      0x100
                0x08005f64                __exidx_start = .
 *(.ARM.exidx*)
 .ARM.exidx.text._ZN5Motor13CalcDceOutputEff
                0x0800602c        0x0 CMakeFiles/ServoDrive-fw.elf.dir/Ctrl/motor.cpp.obj
                                  0x8 (size before relaxing)
 .ARM.exidx.text._ZN5Motor6SetPwmEs
                0x0800602c        0x0 CMakeFiles/ServoDrive-fw.elf.dir/Ctrl/motor.cpp.obj
                                  0x8 (size before relaxing)
 .ARM.exidx.text._ZN5Motor14SetTorqueLimitEf
                0x0800602c        0x0 CMakeFiles/ServoDrive-fw.elf.dir/Ctrl/motor.cpp.obj
                                  0x8 (size before relaxing)
 .ARM.exidx.text._ZN5Motor9SetEnableEb
                0x0800602c        0x0 CMakeFiles/ServoDrive-fw.elf.dir/Ctrl/motor.cpp.obj
                                  0x8 (size before relaxing)
 .ARM.exidx.text.eeprom_buffered_read_byte
                0x0800602c        0x0 CMakeFiles/ServoDrive-fw.elf.dir/Ctrl/random_flash_utils.cpp.obj
                                  0x8 (size before relaxing)
 .ARM.exidx.text.eeprom_buffered_write_byte
                0x0800602c        0x0 CMakeFiles/ServoDrive-fw.elf.dir/Ctrl/random_flash_utils.cpp.obj
                                  0x8 (size before relaxing)
 .ARM.exidx.text.eeprom_buffer_fill
                0x0800602c        0x0 CMakeFiles/ServoDrive-fw.elf.dir/Ctrl/random_flash_utils.cpp.obj
                                  0x8 (size before relaxing)
 .ARM.exidx.text.eeprom_buffer_flush
                0x0800602c       0x10 CMakeFiles/ServoDrive-fw.elf.dir/Ctrl/random_flash_utils.cpp.obj
                                  0x8 (size before relaxing)
 .ARM.exidx.text._Z41__static_initialization_and_destruction_0ii
                0x0800603c        0x0 CMakeFiles/ServoDrive-fw.elf.dir/UserApp/main.cpp.obj
                                  0x8 (size before relaxing)
 .ARM.exidx.text.Main
                0x0800603c        0x8 CMakeFiles/ServoDrive-fw.elf.dir/UserApp/main.cpp.obj
 .ARM.exidx.text.HAL_ADC_ConvCpltCallback
                0x08006044        0x8 CMakeFiles/ServoDrive-fw.elf.dir/UserApp/main.cpp.obj
 .ARM.exidx.text.HAL_I2C_SlaveRxCpltCallback
                0x0800604c        0x8 CMakeFiles/ServoDrive-fw.elf.dir/UserApp/main.cpp.obj
 .ARM.exidx.text.HAL_TIM_PeriodElapsedCallback
                0x08006054        0x8 CMakeFiles/ServoDrive-fw.elf.dir/UserApp/main.cpp.obj
 .ARM.exidx.text._GLOBAL__sub_I_motor
                0x0800605c        0x8 CMakeFiles/ServoDrive-fw.elf.dir/UserApp/main.cpp.obj
 .ARM.exidx     0x08005f64       0x98 c:/program files (x86)/gnu tools arm embedded/9 2019-q4-major/bin/../lib/gcc/arm-none-eabi/9.2.1/thumb/v6-m/nofp\libgcc.a(unwind-arm.o)
                                 0xd8 (size before relaxing)
 .ARM.exidx     0x08005ffc       0x30 c:/program files (x86)/gnu tools arm embedded/9 2019-q4-major/bin/../lib/gcc/arm-none-eabi/9.2.1/thumb/v6-m/nofp\libgcc.a(pr-support.o)
                                 0x38 (size before relaxing)
                0x08006064                __exidx_end = .

.rel.dyn        0x08006064        0x0
 .rel.iplt      0x08006064        0x0 c:/program files (x86)/gnu tools arm embedded/9 2019-q4-major/bin/../lib/gcc/arm-none-eabi/9.2.1/thumb/v6-m/nofp/crtbegin.o

.preinit_array  0x08006064        0x0
                0x08006064                PROVIDE (__preinit_array_start = .)
 *(.preinit_array*)
                0x08006064                PROVIDE (__preinit_array_end = .)

.init_array     0x08006064        0xc
                0x08006064                PROVIDE (__init_array_start = .)
 *(SORT_BY_NAME(.init_array.*))
 .init_array.00000
                0x08006064        0x4 c:/program files (x86)/gnu tools arm embedded/9 2019-q4-major/bin/../lib/gcc/arm-none-eabi/9.2.1/../../../../arm-none-eabi/lib/thumb/v6-m/nofp\libg.a(lib_a-__call_atexit.o)
 *(.init_array*)
 .init_array    0x08006068        0x4 c:/program files (x86)/gnu tools arm embedded/9 2019-q4-major/bin/../lib/gcc/arm-none-eabi/9.2.1/thumb/v6-m/nofp/crtbegin.o
 .init_array    0x0800606c        0x4 CMakeFiles/ServoDrive-fw.elf.dir/UserApp/main.cpp.obj
                0x08006070                PROVIDE (__init_array_end = .)

.fini_array     0x08006070        0x4
                0x08006070                PROVIDE (__fini_array_start = .)
 *(SORT_BY_NAME(.fini_array.*))
 *(.fini_array*)
 .fini_array    0x08006070        0x4 c:/program files (x86)/gnu tools arm embedded/9 2019-q4-major/bin/../lib/gcc/arm-none-eabi/9.2.1/thumb/v6-m/nofp/crtbegin.o
                0x08006074                PROVIDE (__fini_array_end = .)
                0x08006074                _sidata = LOADADDR (.data)

.data           0x20000000      0x43c load address 0x08006074
                0x20000000                . = ALIGN (0x4)
                0x20000000                _sdata = .
 *(.data)
 *(.data*)
 .data.SystemCoreClock
                0x20000000        0x4 CMakeFiles/ServoDrive-fw.elf.dir/Core/Src/system_stm32f0xx.c.obj
                0x20000000                SystemCoreClock
 .data.uwTickFreq
                0x20000004        0x1 CMakeFiles/ServoDrive-fw.elf.dir/Drivers/STM32F0xx_HAL_Driver/Src/stm32f0xx_hal.c.obj
                0x20000004                uwTickFreq
 *fill*         0x20000005        0x3 
 .data.uwTickPrio
                0x20000008        0x4 CMakeFiles/ServoDrive-fw.elf.dir/Drivers/STM32F0xx_HAL_Driver/Src/stm32f0xx_hal.c.obj
                0x20000008                uwTickPrio
 .data._impure_ptr
                0x2000000c        0x4 c:/program files (x86)/gnu tools arm embedded/9 2019-q4-major/bin/../lib/gcc/arm-none-eabi/9.2.1/../../../../arm-none-eabi/lib/thumb/v6-m/nofp\libg.a(lib_a-impure.o)
                0x2000000c                _impure_ptr
 .data.impure_data
                0x20000010      0x428 c:/program files (x86)/gnu tools arm embedded/9 2019-q4-major/bin/../lib/gcc/arm-none-eabi/9.2.1/../../../../arm-none-eabi/lib/thumb/v6-m/nofp\libg.a(lib_a-impure.o)
 .data.__atexit_recursive_mutex
                0x20000438        0x4 c:/program files (x86)/gnu tools arm embedded/9 2019-q4-major/bin/../lib/gcc/arm-none-eabi/9.2.1/../../../../arm-none-eabi/lib/thumb/v6-m/nofp\libg.a(lib_a-__call_atexit.o)
                0x20000438                __atexit_recursive_mutex
                0x2000043c                . = ALIGN (0x4)
                0x2000043c                _edata = .

.igot.plt       0x2000043c        0x0 load address 0x080064b0
 .igot.plt      0x2000043c        0x0 c:/program files (x86)/gnu tools arm embedded/9 2019-q4-major/bin/../lib/gcc/arm-none-eabi/9.2.1/thumb/v6-m/nofp/crtbegin.o
                0x2000043c                . = ALIGN (0x4)

.bss            0x20000440      0x678 load address 0x080064b0
                0x20000440                _sbss = .
                0x20000440                __bss_start__ = _sbss
 *(.bss)
 .bss           0x20000440       0x1c c:/program files (x86)/gnu tools arm embedded/9 2019-q4-major/bin/../lib/gcc/arm-none-eabi/9.2.1/thumb/v6-m/nofp/crtbegin.o
 *(.bss*)
 .bss.adcData   0x2000045c       0x10 CMakeFiles/ServoDrive-fw.elf.dir/Core/Src/adc.c.obj
                0x2000045c                adcData
 .bss.hadc      0x2000046c       0x40 CMakeFiles/ServoDrive-fw.elf.dir/Core/Src/adc.c.obj
                0x2000046c                hadc
 .bss.hdma_adc  0x200004ac       0x44 CMakeFiles/ServoDrive-fw.elf.dir/Core/Src/adc.c.obj
                0x200004ac                hdma_adc
 .bss.hi2c1     0x200004f0       0x4c CMakeFiles/ServoDrive-fw.elf.dir/Core/Src/i2c.c.obj
                0x200004f0                hi2c1
 .bss.i2cDataRx
                0x2000053c        0x8 CMakeFiles/ServoDrive-fw.elf.dir/Core/Src/i2c.c.obj
                0x2000053c                i2cDataRx
 .bss.i2cDataTx
                0x20000544        0x8 CMakeFiles/ServoDrive-fw.elf.dir/Core/Src/i2c.c.obj
                0x20000544                i2cDataTx
 .bss.htim14    0x2000054c       0x48 CMakeFiles/ServoDrive-fw.elf.dir/Core/Src/tim.c.obj
                0x2000054c                htim14
 .bss.htim3     0x20000594       0x48 CMakeFiles/ServoDrive-fw.elf.dir/Core/Src/tim.c.obj
                0x20000594                htim3
 *fill*         0x200005dc        0x4 
 .bss._ZL13eeprom_buffer
                0x200005e0      0x400 CMakeFiles/ServoDrive-fw.elf.dir/Ctrl/random_flash_utils.cpp.obj
 .bss.uwTick    0x200009e0        0x4 CMakeFiles/ServoDrive-fw.elf.dir/Drivers/STM32F0xx_HAL_Driver/Src/stm32f0xx_hal.c.obj
                0x200009e0                uwTick
 *fill*         0x200009e4        0x4 
 .bss.pFlash    0x200009e8       0x20 CMakeFiles/ServoDrive-fw.elf.dir/Drivers/STM32F0xx_HAL_Driver/Src/stm32f0xx_hal_flash.c.obj
                0x200009e8                pFlash
 .bss.boardConfig
                0x20000a08       0x30 CMakeFiles/ServoDrive-fw.elf.dir/UserApp/main.cpp.obj
                0x20000a08                boardConfig
 .bss.motor     0x20000a38       0x58 CMakeFiles/ServoDrive-fw.elf.dir/UserApp/main.cpp.obj
                0x20000a38                motor
 *(COMMON)
 COMMON         0x20000a90       0x21 c:/program files (x86)/gnu tools arm embedded/9 2019-q4-major/bin/../lib/gcc/arm-none-eabi/9.2.1/../../../../arm-none-eabi/lib/thumb/v6-m/nofp\libg.a(lib_a-lock.o)
                0x20000a90                __lock___atexit_recursive_mutex
                0x20000a94                __lock___arc4random_mutex
                0x20000a98                __lock___env_recursive_mutex
                0x20000a9c                __lock___sinit_recursive_mutex
                0x20000aa0                __lock___malloc_recursive_mutex
                0x20000aa4                __lock___at_quick_exit_mutex
                0x20000aa8                __lock___dd_hash_mutex
                0x20000aac                __lock___tz_mutex
                0x20000ab0                __lock___sfp_recursive_mutex
 *fill*         0x20000ab1        0x3 
 COMMON         0x20000ab4        0x4 c:/program files (x86)/gnu tools arm embedded/9 2019-q4-major/bin/../lib/gcc/arm-none-eabi/9.2.1/../../../../arm-none-eabi/lib/thumb/v6-m/nofp\libg.a(lib_a-reent.o)
                0x20000ab4                errno
                0x20000ab8                . = ALIGN (0x4)
                0x20000ab8                _ebss = .
                0x20000ab8                __bss_end__ = _ebss

._user_heap_stack
                0x20000ab8      0x600 load address 0x080064b0
                0x20000ab8                . = ALIGN (0x8)
                0x20000ab8                PROVIDE (end = .)
                [!provide]                PROVIDE (_end = .)
                0x20000cb8                . = (. + _Min_Heap_Size)
 *fill*         0x20000ab8      0x200 
                0x200010b8                . = (. + _Min_Stack_Size)
 *fill*         0x20000cb8      0x400 
                0x200010b8                . = ALIGN (0x8)

/DISCARD/
 libc.a(*)
 libm.a(*)
 libgcc.a(*)

.ARM.attributes
                0x00000000       0x28
 *(.ARM.attributes)
 .ARM.attributes
                0x00000000       0x1e c:/program files (x86)/gnu tools arm embedded/9 2019-q4-major/bin/../lib/gcc/arm-none-eabi/9.2.1/thumb/v6-m/nofp/crti.o
 .ARM.attributes
                0x0000001e       0x2c c:/program files (x86)/gnu tools arm embedded/9 2019-q4-major/bin/../lib/gcc/arm-none-eabi/9.2.1/thumb/v6-m/nofp/crtbegin.o
 .ARM.attributes
                0x0000004a       0x2c CMakeFiles/ServoDrive-fw.elf.dir/Core/Src/adc.c.obj
 .ARM.attributes
                0x00000076       0x2c CMakeFiles/ServoDrive-fw.elf.dir/Core/Src/dma.c.obj
 .ARM.attributes
                0x000000a2       0x2c CMakeFiles/ServoDrive-fw.elf.dir/Core/Src/gpio.c.obj
 .ARM.attributes
                0x000000ce       0x2c CMakeFiles/ServoDrive-fw.elf.dir/Core/Src/i2c.c.obj
 .ARM.attributes
                0x000000fa       0x2c CMakeFiles/ServoDrive-fw.elf.dir/Core/Src/main.c.obj
 .ARM.attributes
                0x00000126       0x2c CMakeFiles/ServoDrive-fw.elf.dir/Core/Src/stm32f0xx_hal_msp.c.obj
 .ARM.attributes
                0x00000152       0x2c CMakeFiles/ServoDrive-fw.elf.dir/Core/Src/stm32f0xx_it.c.obj
 .ARM.attributes
                0x0000017e       0x2c CMakeFiles/ServoDrive-fw.elf.dir/Core/Src/system_stm32f0xx.c.obj
 .ARM.attributes
                0x000001aa       0x2c CMakeFiles/ServoDrive-fw.elf.dir/Core/Src/tim.c.obj
 .ARM.attributes
                0x000001d6       0x2c CMakeFiles/ServoDrive-fw.elf.dir/Ctrl/motor.cpp.obj
 .ARM.attributes
                0x00000202       0x2c CMakeFiles/ServoDrive-fw.elf.dir/Ctrl/random_flash_utils.cpp.obj
 .ARM.attributes
                0x0000022e       0x2c CMakeFiles/ServoDrive-fw.elf.dir/Drivers/STM32F0xx_HAL_Driver/Src/stm32f0xx_hal.c.obj
 .ARM.attributes
                0x0000025a       0x2c CMakeFiles/ServoDrive-fw.elf.dir/Drivers/STM32F0xx_HAL_Driver/Src/stm32f0xx_hal_adc.c.obj
 .ARM.attributes
                0x00000286       0x2c CMakeFiles/ServoDrive-fw.elf.dir/Drivers/STM32F0xx_HAL_Driver/Src/stm32f0xx_hal_cortex.c.obj
 .ARM.attributes
                0x000002b2       0x2c CMakeFiles/ServoDrive-fw.elf.dir/Drivers/STM32F0xx_HAL_Driver/Src/stm32f0xx_hal_dma.c.obj
 .ARM.attributes
                0x000002de       0x2c CMakeFiles/ServoDrive-fw.elf.dir/Drivers/STM32F0xx_HAL_Driver/Src/stm32f0xx_hal_flash.c.obj
 .ARM.attributes
                0x0000030a       0x2c CMakeFiles/ServoDrive-fw.elf.dir/Drivers/STM32F0xx_HAL_Driver/Src/stm32f0xx_hal_flash_ex.c.obj
 .ARM.attributes
                0x00000336       0x2c CMakeFiles/ServoDrive-fw.elf.dir/Drivers/STM32F0xx_HAL_Driver/Src/stm32f0xx_hal_gpio.c.obj
 .ARM.attributes
                0x00000362       0x2c CMakeFiles/ServoDrive-fw.elf.dir/Drivers/STM32F0xx_HAL_Driver/Src/stm32f0xx_hal_i2c.c.obj
 .ARM.attributes
                0x0000038e       0x2c CMakeFiles/ServoDrive-fw.elf.dir/Drivers/STM32F0xx_HAL_Driver/Src/stm32f0xx_hal_i2c_ex.c.obj
 .ARM.attributes
                0x000003ba       0x2c CMakeFiles/ServoDrive-fw.elf.dir/Drivers/STM32F0xx_HAL_Driver/Src/stm32f0xx_hal_rcc.c.obj
 .ARM.attributes
                0x000003e6       0x2c CMakeFiles/ServoDrive-fw.elf.dir/Drivers/STM32F0xx_HAL_Driver/Src/stm32f0xx_hal_rcc_ex.c.obj
 .ARM.attributes
                0x00000412       0x2c CMakeFiles/ServoDrive-fw.elf.dir/Drivers/STM32F0xx_HAL_Driver/Src/stm32f0xx_hal_tim.c.obj
 .ARM.attributes
                0x0000043e       0x2c CMakeFiles/ServoDrive-fw.elf.dir/Drivers/STM32F0xx_HAL_Driver/Src/stm32f0xx_hal_tim_ex.c.obj
 .ARM.attributes
                0x0000046a       0x2c CMakeFiles/ServoDrive-fw.elf.dir/UserApp/main.cpp.obj
 .ARM.attributes
                0x00000496       0x21 CMakeFiles/ServoDrive-fw.elf.dir/startup/startup_stm32f042x6.s.obj
 .ARM.attributes
                0x000004b7       0x1e c:/program files (x86)/gnu tools arm embedded/9 2019-q4-major/bin/../lib/gcc/arm-none-eabi/9.2.1/thumb/v6-m/nofp\libgcc.a(_udivsi3.o)
 .ARM.attributes
                0x000004d5       0x1e c:/program files (x86)/gnu tools arm embedded/9 2019-q4-major/bin/../lib/gcc/arm-none-eabi/9.2.1/thumb/v6-m/nofp\libgcc.a(_dvmd_tls.o)
 .ARM.attributes
                0x000004f3       0x1e c:/program files (x86)/gnu tools arm embedded/9 2019-q4-major/bin/../lib/gcc/arm-none-eabi/9.2.1/thumb/v6-m/nofp\libgcc.a(_arm_cmpsf2.o)
 .ARM.attributes
                0x00000511       0x2c c:/program files (x86)/gnu tools arm embedded/9 2019-q4-major/bin/../lib/gcc/arm-none-eabi/9.2.1/thumb/v6-m/nofp\libgcc.a(addsf3.o)
 .ARM.attributes
                0x0000053d       0x2c c:/program files (x86)/gnu tools arm embedded/9 2019-q4-major/bin/../lib/gcc/arm-none-eabi/9.2.1/thumb/v6-m/nofp\libgcc.a(divsf3.o)
 .ARM.attributes
                0x00000569       0x2c c:/program files (x86)/gnu tools arm embedded/9 2019-q4-major/bin/../lib/gcc/arm-none-eabi/9.2.1/thumb/v6-m/nofp\libgcc.a(eqsf2.o)
 .ARM.attributes
                0x00000595       0x2c c:/program files (x86)/gnu tools arm embedded/9 2019-q4-major/bin/../lib/gcc/arm-none-eabi/9.2.1/thumb/v6-m/nofp\libgcc.a(gesf2.o)
 .ARM.attributes
                0x000005c1       0x2c c:/program files (x86)/gnu tools arm embedded/9 2019-q4-major/bin/../lib/gcc/arm-none-eabi/9.2.1/thumb/v6-m/nofp\libgcc.a(lesf2.o)
 .ARM.attributes
                0x000005ed       0x2c c:/program files (x86)/gnu tools arm embedded/9 2019-q4-major/bin/../lib/gcc/arm-none-eabi/9.2.1/thumb/v6-m/nofp\libgcc.a(mulsf3.o)
 .ARM.attributes
                0x00000619       0x2c c:/program files (x86)/gnu tools arm embedded/9 2019-q4-major/bin/../lib/gcc/arm-none-eabi/9.2.1/thumb/v6-m/nofp\libgcc.a(subsf3.o)
 .ARM.attributes
                0x00000645       0x2c c:/program files (x86)/gnu tools arm embedded/9 2019-q4-major/bin/../lib/gcc/arm-none-eabi/9.2.1/thumb/v6-m/nofp\libgcc.a(fixsfsi.o)
 .ARM.attributes
                0x00000671       0x2c c:/program files (x86)/gnu tools arm embedded/9 2019-q4-major/bin/../lib/gcc/arm-none-eabi/9.2.1/thumb/v6-m/nofp\libgcc.a(floatunsisf.o)
 .ARM.attributes
                0x0000069d       0x1e c:/program files (x86)/gnu tools arm embedded/9 2019-q4-major/bin/../lib/gcc/arm-none-eabi/9.2.1/thumb/v6-m/nofp\libgcc.a(_clzsi2.o)
 .ARM.attributes
                0x000006bb       0x2c c:/program files (x86)/gnu tools arm embedded/9 2019-q4-major/bin/../lib/gcc/arm-none-eabi/9.2.1/../../../../arm-none-eabi/lib/thumb/v6-m/nofp\libg.a(lib_a-impure.o)
 .ARM.attributes
                0x000006e7       0x2c c:/program files (x86)/gnu tools arm embedded/9 2019-q4-major/bin/../lib/gcc/arm-none-eabi/9.2.1/../../../../arm-none-eabi/lib/thumb/v6-m/nofp\libg.a(lib_a-init.o)
 .ARM.attributes
                0x00000713       0x2c c:/program files (x86)/gnu tools arm embedded/9 2019-q4-major/bin/../lib/gcc/arm-none-eabi/9.2.1/../../../../arm-none-eabi/lib/thumb/v6-m/nofp\libg.a(lib_a-memcpy-stub.o)
 .ARM.attributes
                0x0000073f       0x2c c:/program files (x86)/gnu tools arm embedded/9 2019-q4-major/bin/../lib/gcc/arm-none-eabi/9.2.1/../../../../arm-none-eabi/lib/thumb/v6-m/nofp\libg.a(lib_a-memset.o)
 .ARM.attributes
                0x0000076b       0x2c c:/program files (x86)/gnu tools arm embedded/9 2019-q4-major/bin/../lib/gcc/arm-none-eabi/9.2.1/../../../../arm-none-eabi/lib/thumb/v6-m/nofp\libg.a(lib_a-__call_atexit.o)
 .ARM.attributes
                0x00000797       0x2c c:/program files (x86)/gnu tools arm embedded/9 2019-q4-major/bin/../lib/gcc/arm-none-eabi/9.2.1/../../../../arm-none-eabi/lib/thumb/v6-m/nofp\libg.a(lib_a-atexit.o)
 .ARM.attributes
                0x000007c3       0x2c c:/program files (x86)/gnu tools arm embedded/9 2019-q4-major/bin/../lib/gcc/arm-none-eabi/9.2.1/../../../../arm-none-eabi/lib/thumb/v6-m/nofp\libg.a(lib_a-fini.o)
 .ARM.attributes
                0x000007ef       0x2c c:/program files (x86)/gnu tools arm embedded/9 2019-q4-major/bin/../lib/gcc/arm-none-eabi/9.2.1/../../../../arm-none-eabi/lib/thumb/v6-m/nofp\libg.a(lib_a-lock.o)
 .ARM.attributes
                0x0000081b       0x2c c:/program files (x86)/gnu tools arm embedded/9 2019-q4-major/bin/../lib/gcc/arm-none-eabi/9.2.1/../../../../arm-none-eabi/lib/thumb/v6-m/nofp\libg.a(lib_a-__atexit.o)
 .ARM.attributes
                0x00000847       0x1e c:/program files (x86)/gnu tools arm embedded/9 2019-q4-major/bin/../lib/gcc/arm-none-eabi/9.2.1/thumb/v6-m/nofp/crtn.o
OUTPUT(ServoDrive-fw.elf elf32-littlearm)

.debug_info     0x00000000    0x18ee9
 .debug_info    0x00000000      0xbb7 CMakeFiles/ServoDrive-fw.elf.dir/Core/Src/adc.c.obj
 .debug_info    0x00000bb7      0x377 CMakeFiles/ServoDrive-fw.elf.dir/Core/Src/dma.c.obj
 .debug_info    0x00000f2e      0x44a CMakeFiles/ServoDrive-fw.elf.dir/Core/Src/gpio.c.obj
 .debug_info    0x00001378      0xca9 CMakeFiles/ServoDrive-fw.elf.dir/Core/Src/i2c.c.obj
 .debug_info    0x00002021     0x10b1 CMakeFiles/ServoDrive-fw.elf.dir/Core/Src/main.c.obj
 .debug_info    0x000030d2      0x279 CMakeFiles/ServoDrive-fw.elf.dir/Core/Src/stm32f0xx_hal_msp.c.obj
 .debug_info    0x0000334b      0xd92 CMakeFiles/ServoDrive-fw.elf.dir/Core/Src/stm32f0xx_it.c.obj
 .debug_info    0x000040dd      0x2d3 CMakeFiles/ServoDrive-fw.elf.dir/Core/Src/system_stm32f0xx.c.obj
 .debug_info    0x000043b0      0xe15 CMakeFiles/ServoDrive-fw.elf.dir/Core/Src/tim.c.obj
 .debug_info    0x000051c5      0xdf3 CMakeFiles/ServoDrive-fw.elf.dir/Ctrl/motor.cpp.obj
 .debug_info    0x00005fb8      0xe19 CMakeFiles/ServoDrive-fw.elf.dir/Ctrl/random_flash_utils.cpp.obj
 .debug_info    0x00006dd1      0x793 CMakeFiles/ServoDrive-fw.elf.dir/Drivers/STM32F0xx_HAL_Driver/Src/stm32f0xx_hal.c.obj
 .debug_info    0x00007564     0x1046 CMakeFiles/ServoDrive-fw.elf.dir/Drivers/STM32F0xx_HAL_Driver/Src/stm32f0xx_hal_adc.c.obj
 .debug_info    0x000085aa      0x90b CMakeFiles/ServoDrive-fw.elf.dir/Drivers/STM32F0xx_HAL_Driver/Src/stm32f0xx_hal_cortex.c.obj
 .debug_info    0x00008eb5      0x95b CMakeFiles/ServoDrive-fw.elf.dir/Drivers/STM32F0xx_HAL_Driver/Src/stm32f0xx_hal_dma.c.obj
 .debug_info    0x00009810      0x71e CMakeFiles/ServoDrive-fw.elf.dir/Drivers/STM32F0xx_HAL_Driver/Src/stm32f0xx_hal_flash.c.obj
 .debug_info    0x00009f2e      0xa38 CMakeFiles/ServoDrive-fw.elf.dir/Drivers/STM32F0xx_HAL_Driver/Src/stm32f0xx_hal_flash_ex.c.obj
 .debug_info    0x0000a966      0x729 CMakeFiles/ServoDrive-fw.elf.dir/Drivers/STM32F0xx_HAL_Driver/Src/stm32f0xx_hal_gpio.c.obj
 .debug_info    0x0000b08f     0x4026 CMakeFiles/ServoDrive-fw.elf.dir/Drivers/STM32F0xx_HAL_Driver/Src/stm32f0xx_hal_i2c.c.obj
 .debug_info    0x0000f0b5      0x96e CMakeFiles/ServoDrive-fw.elf.dir/Drivers/STM32F0xx_HAL_Driver/Src/stm32f0xx_hal_i2c_ex.c.obj
 .debug_info    0x0000fa23      0xae4 CMakeFiles/ServoDrive-fw.elf.dir/Drivers/STM32F0xx_HAL_Driver/Src/stm32f0xx_hal_rcc.c.obj
 .debug_info    0x00010507      0x7b3 CMakeFiles/ServoDrive-fw.elf.dir/Drivers/STM32F0xx_HAL_Driver/Src/stm32f0xx_hal_rcc_ex.c.obj
 .debug_info    0x00010cba     0x3da1 CMakeFiles/ServoDrive-fw.elf.dir/Drivers/STM32F0xx_HAL_Driver/Src/stm32f0xx_hal_tim.c.obj
 .debug_info    0x00014a5b     0x1af9 CMakeFiles/ServoDrive-fw.elf.dir/Drivers/STM32F0xx_HAL_Driver/Src/stm32f0xx_hal_tim_ex.c.obj
 .debug_info    0x00016554     0x2973 CMakeFiles/ServoDrive-fw.elf.dir/UserApp/main.cpp.obj
 .debug_info    0x00018ec7       0x22 CMakeFiles/ServoDrive-fw.elf.dir/startup/startup_stm32f042x6.s.obj

.debug_abbrev   0x00000000     0x3a1a
 .debug_abbrev  0x00000000      0x21a CMakeFiles/ServoDrive-fw.elf.dir/Core/Src/adc.c.obj
 .debug_abbrev  0x0000021a      0x153 CMakeFiles/ServoDrive-fw.elf.dir/Core/Src/dma.c.obj
 .debug_abbrev  0x0000036d      0x18c CMakeFiles/ServoDrive-fw.elf.dir/Core/Src/gpio.c.obj
 .debug_abbrev  0x000004f9      0x226 CMakeFiles/ServoDrive-fw.elf.dir/Core/Src/i2c.c.obj
 .debug_abbrev  0x0000071f      0x228 CMakeFiles/ServoDrive-fw.elf.dir/Core/Src/main.c.obj
 .debug_abbrev  0x00000947      0x11a CMakeFiles/ServoDrive-fw.elf.dir/Core/Src/stm32f0xx_hal_msp.c.obj
 .debug_abbrev  0x00000a61      0x1af CMakeFiles/ServoDrive-fw.elf.dir/Core/Src/stm32f0xx_it.c.obj
 .debug_abbrev  0x00000c10      0x148 CMakeFiles/ServoDrive-fw.elf.dir/Core/Src/system_stm32f0xx.c.obj
 .debug_abbrev  0x00000d58      0x234 CMakeFiles/ServoDrive-fw.elf.dir/Core/Src/tim.c.obj
 .debug_abbrev  0x00000f8c      0x2cc CMakeFiles/ServoDrive-fw.elf.dir/Ctrl/motor.cpp.obj
 .debug_abbrev  0x00001258      0x32a CMakeFiles/ServoDrive-fw.elf.dir/Ctrl/random_flash_utils.cpp.obj
 .debug_abbrev  0x00001582      0x268 CMakeFiles/ServoDrive-fw.elf.dir/Drivers/STM32F0xx_HAL_Driver/Src/stm32f0xx_hal.c.obj
 .debug_abbrev  0x000017ea      0x296 CMakeFiles/ServoDrive-fw.elf.dir/Drivers/STM32F0xx_HAL_Driver/Src/stm32f0xx_hal_adc.c.obj
 .debug_abbrev  0x00001a80      0x2b9 CMakeFiles/ServoDrive-fw.elf.dir/Drivers/STM32F0xx_HAL_Driver/Src/stm32f0xx_hal_cortex.c.obj
 .debug_abbrev  0x00001d39      0x26b CMakeFiles/ServoDrive-fw.elf.dir/Drivers/STM32F0xx_HAL_Driver/Src/stm32f0xx_hal_dma.c.obj
 .debug_abbrev  0x00001fa4      0x26c CMakeFiles/ServoDrive-fw.elf.dir/Drivers/STM32F0xx_HAL_Driver/Src/stm32f0xx_hal_flash.c.obj
 .debug_abbrev  0x00002210      0x25e CMakeFiles/ServoDrive-fw.elf.dir/Drivers/STM32F0xx_HAL_Driver/Src/stm32f0xx_hal_flash_ex.c.obj
 .debug_abbrev  0x0000246e      0x213 CMakeFiles/ServoDrive-fw.elf.dir/Drivers/STM32F0xx_HAL_Driver/Src/stm32f0xx_hal_gpio.c.obj
 .debug_abbrev  0x00002681      0x291 CMakeFiles/ServoDrive-fw.elf.dir/Drivers/STM32F0xx_HAL_Driver/Src/stm32f0xx_hal_i2c.c.obj
 .debug_abbrev  0x00002912      0x1e0 CMakeFiles/ServoDrive-fw.elf.dir/Drivers/STM32F0xx_HAL_Driver/Src/stm32f0xx_hal_i2c_ex.c.obj
 .debug_abbrev  0x00002af2      0x271 CMakeFiles/ServoDrive-fw.elf.dir/Drivers/STM32F0xx_HAL_Driver/Src/stm32f0xx_hal_rcc.c.obj
 .debug_abbrev  0x00002d63      0x250 CMakeFiles/ServoDrive-fw.elf.dir/Drivers/STM32F0xx_HAL_Driver/Src/stm32f0xx_hal_rcc_ex.c.obj
 .debug_abbrev  0x00002fb3      0x26b CMakeFiles/ServoDrive-fw.elf.dir/Drivers/STM32F0xx_HAL_Driver/Src/stm32f0xx_hal_tim.c.obj
 .debug_abbrev  0x0000321e      0x26e CMakeFiles/ServoDrive-fw.elf.dir/Drivers/STM32F0xx_HAL_Driver/Src/stm32f0xx_hal_tim_ex.c.obj
 .debug_abbrev  0x0000348c      0x57c CMakeFiles/ServoDrive-fw.elf.dir/UserApp/main.cpp.obj
 .debug_abbrev  0x00003a08       0x12 CMakeFiles/ServoDrive-fw.elf.dir/startup/startup_stm32f042x6.s.obj

.debug_loc      0x00000000    0x11120
 .debug_loc     0x00000000       0x8b CMakeFiles/ServoDrive-fw.elf.dir/Core/Src/adc.c.obj
 .debug_loc     0x0000008b       0xc7 CMakeFiles/ServoDrive-fw.elf.dir/Core/Src/i2c.c.obj
 .debug_loc     0x00000152      0x157 CMakeFiles/ServoDrive-fw.elf.dir/Core/Src/system_stm32f0xx.c.obj
 .debug_loc     0x000002a9       0xc3 CMakeFiles/ServoDrive-fw.elf.dir/Core/Src/tim.c.obj
 .debug_loc     0x0000036c      0x2a6 CMakeFiles/ServoDrive-fw.elf.dir/Ctrl/motor.cpp.obj
 .debug_loc     0x00000612      0x151 CMakeFiles/ServoDrive-fw.elf.dir/Ctrl/random_flash_utils.cpp.obj
 .debug_loc     0x00000763      0x141 CMakeFiles/ServoDrive-fw.elf.dir/Drivers/STM32F0xx_HAL_Driver/Src/stm32f0xx_hal.c.obj
 .debug_loc     0x000008a4      0xe51 CMakeFiles/ServoDrive-fw.elf.dir/Drivers/STM32F0xx_HAL_Driver/Src/stm32f0xx_hal_adc.c.obj
 .debug_loc     0x000016f5      0x433 CMakeFiles/ServoDrive-fw.elf.dir/Drivers/STM32F0xx_HAL_Driver/Src/stm32f0xx_hal_cortex.c.obj
 .debug_loc     0x00001b28      0x91b CMakeFiles/ServoDrive-fw.elf.dir/Drivers/STM32F0xx_HAL_Driver/Src/stm32f0xx_hal_dma.c.obj
 .debug_loc     0x00002443      0x383 CMakeFiles/ServoDrive-fw.elf.dir/Drivers/STM32F0xx_HAL_Driver/Src/stm32f0xx_hal_flash.c.obj
 .debug_loc     0x000027c6      0x6d5 CMakeFiles/ServoDrive-fw.elf.dir/Drivers/STM32F0xx_HAL_Driver/Src/stm32f0xx_hal_flash_ex.c.obj
 .debug_loc     0x00002e9b      0x388 CMakeFiles/ServoDrive-fw.elf.dir/Drivers/STM32F0xx_HAL_Driver/Src/stm32f0xx_hal_gpio.c.obj
 .debug_loc     0x00003223     0x49cf CMakeFiles/ServoDrive-fw.elf.dir/Drivers/STM32F0xx_HAL_Driver/Src/stm32f0xx_hal_i2c.c.obj
 .debug_loc     0x00007bf2      0x210 CMakeFiles/ServoDrive-fw.elf.dir/Drivers/STM32F0xx_HAL_Driver/Src/stm32f0xx_hal_i2c_ex.c.obj
 .debug_loc     0x00007e02      0x6b4 CMakeFiles/ServoDrive-fw.elf.dir/Drivers/STM32F0xx_HAL_Driver/Src/stm32f0xx_hal_rcc.c.obj
 .debug_loc     0x000084b6      0x7ca CMakeFiles/ServoDrive-fw.elf.dir/Drivers/STM32F0xx_HAL_Driver/Src/stm32f0xx_hal_rcc_ex.c.obj
 .debug_loc     0x00008c80     0x55e6 CMakeFiles/ServoDrive-fw.elf.dir/Drivers/STM32F0xx_HAL_Driver/Src/stm32f0xx_hal_tim.c.obj
 .debug_loc     0x0000e266     0x224b CMakeFiles/ServoDrive-fw.elf.dir/Drivers/STM32F0xx_HAL_Driver/Src/stm32f0xx_hal_tim_ex.c.obj
 .debug_loc     0x000104b1      0xc6f CMakeFiles/ServoDrive-fw.elf.dir/UserApp/main.cpp.obj

.debug_aranges  0x00000000     0x1010
 .debug_aranges
                0x00000000       0x30 CMakeFiles/ServoDrive-fw.elf.dir/Core/Src/adc.c.obj
 .debug_aranges
                0x00000030       0x20 CMakeFiles/ServoDrive-fw.elf.dir/Core/Src/dma.c.obj
 .debug_aranges
                0x00000050       0x20 CMakeFiles/ServoDrive-fw.elf.dir/Core/Src/gpio.c.obj
 .debug_aranges
                0x00000070       0x38 CMakeFiles/ServoDrive-fw.elf.dir/Core/Src/i2c.c.obj
 .debug_aranges
                0x000000a8       0x30 CMakeFiles/ServoDrive-fw.elf.dir/Core/Src/main.c.obj
 .debug_aranges
                0x000000d8       0x20 CMakeFiles/ServoDrive-fw.elf.dir/Core/Src/stm32f0xx_hal_msp.c.obj
 .debug_aranges
                0x000000f8       0x60 CMakeFiles/ServoDrive-fw.elf.dir/Core/Src/stm32f0xx_it.c.obj
 .debug_aranges
                0x00000158       0x28 CMakeFiles/ServoDrive-fw.elf.dir/Core/Src/system_stm32f0xx.c.obj
 .debug_aranges
                0x00000180       0x50 CMakeFiles/ServoDrive-fw.elf.dir/Core/Src/tim.c.obj
 .debug_aranges
                0x000001d0       0x40 CMakeFiles/ServoDrive-fw.elf.dir/Ctrl/motor.cpp.obj
 .debug_aranges
                0x00000210       0x48 CMakeFiles/ServoDrive-fw.elf.dir/Ctrl/random_flash_utils.cpp.obj
 .debug_aranges
                0x00000258       0xd0 CMakeFiles/ServoDrive-fw.elf.dir/Drivers/STM32F0xx_HAL_Driver/Src/stm32f0xx_hal.c.obj
 .debug_aranges
                0x00000328       0xf8 CMakeFiles/ServoDrive-fw.elf.dir/Drivers/STM32F0xx_HAL_Driver/Src/stm32f0xx_hal_adc.c.obj
 .debug_aranges
                0x00000420       0x78 CMakeFiles/ServoDrive-fw.elf.dir/Drivers/STM32F0xx_HAL_Driver/Src/stm32f0xx_hal_cortex.c.obj
 .debug_aranges
                0x00000498       0x88 CMakeFiles/ServoDrive-fw.elf.dir/Drivers/STM32F0xx_HAL_Driver/Src/stm32f0xx_hal_dma.c.obj
 .debug_aranges
                0x00000520       0x88 CMakeFiles/ServoDrive-fw.elf.dir/Drivers/STM32F0xx_HAL_Driver/Src/stm32f0xx_hal_flash.c.obj
 .debug_aranges
                0x000005a8       0x98 CMakeFiles/ServoDrive-fw.elf.dir/Drivers/STM32F0xx_HAL_Driver/Src/stm32f0xx_hal_flash_ex.c.obj
 .debug_aranges
                0x00000640       0x58 CMakeFiles/ServoDrive-fw.elf.dir/Drivers/STM32F0xx_HAL_Driver/Src/stm32f0xx_hal_gpio.c.obj
 .debug_aranges
                0x00000698      0x290 CMakeFiles/ServoDrive-fw.elf.dir/Drivers/STM32F0xx_HAL_Driver/Src/stm32f0xx_hal_i2c.c.obj
 .debug_aranges
                0x00000928       0x48 CMakeFiles/ServoDrive-fw.elf.dir/Drivers/STM32F0xx_HAL_Driver/Src/stm32f0xx_hal_i2c_ex.c.obj
 .debug_aranges
                0x00000970       0x80 CMakeFiles/ServoDrive-fw.elf.dir/Drivers/STM32F0xx_HAL_Driver/Src/stm32f0xx_hal_rcc.c.obj
 .debug_aranges
                0x000009f0       0x78 CMakeFiles/ServoDrive-fw.elf.dir/Drivers/STM32F0xx_HAL_Driver/Src/stm32f0xx_hal_rcc_ex.c.obj
 .debug_aranges
                0x00000a68      0x3d0 CMakeFiles/ServoDrive-fw.elf.dir/Drivers/STM32F0xx_HAL_Driver/Src/stm32f0xx_hal_tim.c.obj
 .debug_aranges
                0x00000e38      0x168 CMakeFiles/ServoDrive-fw.elf.dir/Drivers/STM32F0xx_HAL_Driver/Src/stm32f0xx_hal_tim_ex.c.obj
 .debug_aranges
                0x00000fa0       0x48 CMakeFiles/ServoDrive-fw.elf.dir/UserApp/main.cpp.obj
 .debug_aranges
                0x00000fe8       0x28 CMakeFiles/ServoDrive-fw.elf.dir/startup/startup_stm32f042x6.s.obj

.debug_ranges   0x00000000      0xfa0
 .debug_ranges  0x00000000       0x20 CMakeFiles/ServoDrive-fw.elf.dir/Core/Src/adc.c.obj
 .debug_ranges  0x00000020       0x10 CMakeFiles/ServoDrive-fw.elf.dir/Core/Src/dma.c.obj
 .debug_ranges  0x00000030       0x10 CMakeFiles/ServoDrive-fw.elf.dir/Core/Src/gpio.c.obj
 .debug_ranges  0x00000040       0x28 CMakeFiles/ServoDrive-fw.elf.dir/Core/Src/i2c.c.obj
 .debug_ranges  0x00000068       0x20 CMakeFiles/ServoDrive-fw.elf.dir/Core/Src/main.c.obj
 .debug_ranges  0x00000088       0x10 CMakeFiles/ServoDrive-fw.elf.dir/Core/Src/stm32f0xx_hal_msp.c.obj
 .debug_ranges  0x00000098       0x50 CMakeFiles/ServoDrive-fw.elf.dir/Core/Src/stm32f0xx_it.c.obj
 .debug_ranges  0x000000e8       0x18 CMakeFiles/ServoDrive-fw.elf.dir/Core/Src/system_stm32f0xx.c.obj
 .debug_ranges  0x00000100       0x40 CMakeFiles/ServoDrive-fw.elf.dir/Core/Src/tim.c.obj
 .debug_ranges  0x00000140       0x30 CMakeFiles/ServoDrive-fw.elf.dir/Ctrl/motor.cpp.obj
 .debug_ranges  0x00000170       0x38 CMakeFiles/ServoDrive-fw.elf.dir/Ctrl/random_flash_utils.cpp.obj
 .debug_ranges  0x000001a8       0xc0 CMakeFiles/ServoDrive-fw.elf.dir/Drivers/STM32F0xx_HAL_Driver/Src/stm32f0xx_hal.c.obj
 .debug_ranges  0x00000268       0xe8 CMakeFiles/ServoDrive-fw.elf.dir/Drivers/STM32F0xx_HAL_Driver/Src/stm32f0xx_hal_adc.c.obj
 .debug_ranges  0x00000350       0xc8 CMakeFiles/ServoDrive-fw.elf.dir/Drivers/STM32F0xx_HAL_Driver/Src/stm32f0xx_hal_cortex.c.obj
 .debug_ranges  0x00000418       0x78 CMakeFiles/ServoDrive-fw.elf.dir/Drivers/STM32F0xx_HAL_Driver/Src/stm32f0xx_hal_dma.c.obj
 .debug_ranges  0x00000490       0x78 CMakeFiles/ServoDrive-fw.elf.dir/Drivers/STM32F0xx_HAL_Driver/Src/stm32f0xx_hal_flash.c.obj
 .debug_ranges  0x00000508       0x88 CMakeFiles/ServoDrive-fw.elf.dir/Drivers/STM32F0xx_HAL_Driver/Src/stm32f0xx_hal_flash_ex.c.obj
 .debug_ranges  0x00000590       0x48 CMakeFiles/ServoDrive-fw.elf.dir/Drivers/STM32F0xx_HAL_Driver/Src/stm32f0xx_hal_gpio.c.obj
 .debug_ranges  0x000005d8      0x280 CMakeFiles/ServoDrive-fw.elf.dir/Drivers/STM32F0xx_HAL_Driver/Src/stm32f0xx_hal_i2c.c.obj
 .debug_ranges  0x00000858       0x38 CMakeFiles/ServoDrive-fw.elf.dir/Drivers/STM32F0xx_HAL_Driver/Src/stm32f0xx_hal_i2c_ex.c.obj
 .debug_ranges  0x00000890       0x88 CMakeFiles/ServoDrive-fw.elf.dir/Drivers/STM32F0xx_HAL_Driver/Src/stm32f0xx_hal_rcc.c.obj
 .debug_ranges  0x00000918       0x80 CMakeFiles/ServoDrive-fw.elf.dir/Drivers/STM32F0xx_HAL_Driver/Src/stm32f0xx_hal_rcc_ex.c.obj
 .debug_ranges  0x00000998      0x3c0 CMakeFiles/ServoDrive-fw.elf.dir/Drivers/STM32F0xx_HAL_Driver/Src/stm32f0xx_hal_tim.c.obj
 .debug_ranges  0x00000d58      0x158 CMakeFiles/ServoDrive-fw.elf.dir/Drivers/STM32F0xx_HAL_Driver/Src/stm32f0xx_hal_tim_ex.c.obj
 .debug_ranges  0x00000eb0       0xd0 CMakeFiles/ServoDrive-fw.elf.dir/UserApp/main.cpp.obj
 .debug_ranges  0x00000f80       0x20 CMakeFiles/ServoDrive-fw.elf.dir/startup/startup_stm32f042x6.s.obj

.debug_line     0x00000000    0x1469b
 .debug_line    0x00000000      0x4b5 CMakeFiles/ServoDrive-fw.elf.dir/Core/Src/adc.c.obj
 .debug_line    0x000004b5      0x261 CMakeFiles/ServoDrive-fw.elf.dir/Core/Src/dma.c.obj
 .debug_line    0x00000716      0x29c CMakeFiles/ServoDrive-fw.elf.dir/Core/Src/gpio.c.obj
 .debug_line    0x000009b2      0x4d5 CMakeFiles/ServoDrive-fw.elf.dir/Core/Src/i2c.c.obj
 .debug_line    0x00000e87      0x51b CMakeFiles/ServoDrive-fw.elf.dir/Core/Src/main.c.obj
 .debug_line    0x000013a2      0x25a CMakeFiles/ServoDrive-fw.elf.dir/Core/Src/stm32f0xx_hal_msp.c.obj
 .debug_line    0x000015fc      0x3b9 CMakeFiles/ServoDrive-fw.elf.dir/Core/Src/stm32f0xx_it.c.obj
 .debug_line    0x000019b5      0x317 CMakeFiles/ServoDrive-fw.elf.dir/Core/Src/system_stm32f0xx.c.obj
 .debug_line    0x00001ccc      0x558 CMakeFiles/ServoDrive-fw.elf.dir/Core/Src/tim.c.obj
 .debug_line    0x00002224      0x5ee CMakeFiles/ServoDrive-fw.elf.dir/Ctrl/motor.cpp.obj
 .debug_line    0x00002812      0x45f CMakeFiles/ServoDrive-fw.elf.dir/Ctrl/random_flash_utils.cpp.obj
 .debug_line    0x00002c71      0x5de CMakeFiles/ServoDrive-fw.elf.dir/Drivers/STM32F0xx_HAL_Driver/Src/stm32f0xx_hal.c.obj
 .debug_line    0x0000324f     0x10b7 CMakeFiles/ServoDrive-fw.elf.dir/Drivers/STM32F0xx_HAL_Driver/Src/stm32f0xx_hal_adc.c.obj
 .debug_line    0x00004306      0x634 CMakeFiles/ServoDrive-fw.elf.dir/Drivers/STM32F0xx_HAL_Driver/Src/stm32f0xx_hal_cortex.c.obj
 .debug_line    0x0000493a      0xaac CMakeFiles/ServoDrive-fw.elf.dir/Drivers/STM32F0xx_HAL_Driver/Src/stm32f0xx_hal_dma.c.obj
 .debug_line    0x000053e6      0x79a CMakeFiles/ServoDrive-fw.elf.dir/Drivers/STM32F0xx_HAL_Driver/Src/stm32f0xx_hal_flash.c.obj
 .debug_line    0x00005b80      0x8a4 CMakeFiles/ServoDrive-fw.elf.dir/Drivers/STM32F0xx_HAL_Driver/Src/stm32f0xx_hal_flash_ex.c.obj
 .debug_line    0x00006424      0x721 CMakeFiles/ServoDrive-fw.elf.dir/Drivers/STM32F0xx_HAL_Driver/Src/stm32f0xx_hal_gpio.c.obj
 .debug_line    0x00006b45     0x49c2 CMakeFiles/ServoDrive-fw.elf.dir/Drivers/STM32F0xx_HAL_Driver/Src/stm32f0xx_hal_i2c.c.obj
 .debug_line    0x0000b507      0x59d CMakeFiles/ServoDrive-fw.elf.dir/Drivers/STM32F0xx_HAL_Driver/Src/stm32f0xx_hal_i2c_ex.c.obj
 .debug_line    0x0000baa4      0xcee CMakeFiles/ServoDrive-fw.elf.dir/Drivers/STM32F0xx_HAL_Driver/Src/stm32f0xx_hal_rcc.c.obj
 .debug_line    0x0000c792      0x98f CMakeFiles/ServoDrive-fw.elf.dir/Drivers/STM32F0xx_HAL_Driver/Src/stm32f0xx_hal_rcc_ex.c.obj
 .debug_line    0x0000d121     0x4aaf CMakeFiles/ServoDrive-fw.elf.dir/Drivers/STM32F0xx_HAL_Driver/Src/stm32f0xx_hal_tim.c.obj
 .debug_line    0x00011bd0     0x1c7d CMakeFiles/ServoDrive-fw.elf.dir/Drivers/STM32F0xx_HAL_Driver/Src/stm32f0xx_hal_tim_ex.c.obj
 .debug_line    0x0001384d      0xd88 CMakeFiles/ServoDrive-fw.elf.dir/UserApp/main.cpp.obj
 .debug_line    0x000145d5       0xc6 CMakeFiles/ServoDrive-fw.elf.dir/startup/startup_stm32f042x6.s.obj

.debug_str      0x00000000     0x567e
 .debug_str     0x00000000      0x8bd CMakeFiles/ServoDrive-fw.elf.dir/Core/Src/adc.c.obj
                                0xa0b (size before relaxing)
 .debug_str     0x000008bd       0x50 CMakeFiles/ServoDrive-fw.elf.dir/Core/Src/dma.c.obj
                                0x4f6 (size before relaxing)
 .debug_str     0x0000090d       0x80 CMakeFiles/ServoDrive-fw.elf.dir/Core/Src/gpio.c.obj
                                0x406 (size before relaxing)
 .debug_str     0x0000098d      0x31f CMakeFiles/ServoDrive-fw.elf.dir/Core/Src/i2c.c.obj
                                0xb10 (size before relaxing)
 .debug_str     0x00000cac      0x4e2 CMakeFiles/ServoDrive-fw.elf.dir/Core/Src/main.c.obj
                                0xf07 (size before relaxing)
 .debug_str     0x0000118e       0x5e CMakeFiles/ServoDrive-fw.elf.dir/Core/Src/stm32f0xx_hal_msp.c.obj
                                0x33d (size before relaxing)
 .debug_str     0x000011ec      0x151 CMakeFiles/ServoDrive-fw.elf.dir/Core/Src/stm32f0xx_it.c.obj
                                0xd1c (size before relaxing)
 .debug_str     0x0000133d       0x91 CMakeFiles/ServoDrive-fw.elf.dir/Core/Src/system_stm32f0xx.c.obj
                                0x369 (size before relaxing)
 .debug_str     0x000013ce      0x1e7 CMakeFiles/ServoDrive-fw.elf.dir/Core/Src/tim.c.obj
                                0xc53 (size before relaxing)
 .debug_str     0x000015b5      0x599 CMakeFiles/ServoDrive-fw.elf.dir/Ctrl/motor.cpp.obj
                                0xd0a (size before relaxing)
 .debug_str     0x00001b4e      0x5be CMakeFiles/ServoDrive-fw.elf.dir/Ctrl/random_flash_utils.cpp.obj
                                0x977 (size before relaxing)
 .debug_str     0x0000210c      0x23d CMakeFiles/ServoDrive-fw.elf.dir/Drivers/STM32F0xx_HAL_Driver/Src/stm32f0xx_hal.c.obj
                                0x75d (size before relaxing)
 .debug_str     0x00002349      0x30e CMakeFiles/ServoDrive-fw.elf.dir/Drivers/STM32F0xx_HAL_Driver/Src/stm32f0xx_hal_adc.c.obj
                                0xa08 (size before relaxing)
 .debug_str     0x00002657      0x265 CMakeFiles/ServoDrive-fw.elf.dir/Drivers/STM32F0xx_HAL_Driver/Src/stm32f0xx_hal_cortex.c.obj
                                0x747 (size before relaxing)
 .debug_str     0x000028bc      0x23b CMakeFiles/ServoDrive-fw.elf.dir/Drivers/STM32F0xx_HAL_Driver/Src/stm32f0xx_hal_dma.c.obj
                                0x74d (size before relaxing)
 .debug_str     0x00002af7      0x285 CMakeFiles/ServoDrive-fw.elf.dir/Drivers/STM32F0xx_HAL_Driver/Src/stm32f0xx_hal_flash.c.obj
                                0x640 (size before relaxing)
 .debug_str     0x00002d7c      0x26e CMakeFiles/ServoDrive-fw.elf.dir/Drivers/STM32F0xx_HAL_Driver/Src/stm32f0xx_hal_flash_ex.c.obj
                                0x72d (size before relaxing)
 .debug_str     0x00002fea      0x13d CMakeFiles/ServoDrive-fw.elf.dir/Drivers/STM32F0xx_HAL_Driver/Src/stm32f0xx_hal_gpio.c.obj
                                0x538 (size before relaxing)
 .debug_str     0x00003127      0x86c CMakeFiles/ServoDrive-fw.elf.dir/Drivers/STM32F0xx_HAL_Driver/Src/stm32f0xx_hal_i2c.c.obj
                               0x10a1 (size before relaxing)
 .debug_str     0x00003993       0xea CMakeFiles/ServoDrive-fw.elf.dir/Drivers/STM32F0xx_HAL_Driver/Src/stm32f0xx_hal_i2c_ex.c.obj
                                0x907 (size before relaxing)
 .debug_str     0x00003a7d      0x1e3 CMakeFiles/ServoDrive-fw.elf.dir/Drivers/STM32F0xx_HAL_Driver/Src/stm32f0xx_hal_rcc.c.obj
                                0x74d (size before relaxing)
 .debug_str     0x00003c60      0x292 CMakeFiles/ServoDrive-fw.elf.dir/Drivers/STM32F0xx_HAL_Driver/Src/stm32f0xx_hal_rcc_ex.c.obj
                                0x730 (size before relaxing)
 .debug_str     0x00003ef2      0xe19 CMakeFiles/ServoDrive-fw.elf.dir/Drivers/STM32F0xx_HAL_Driver/Src/stm32f0xx_hal_tim.c.obj
                               0x1777 (size before relaxing)
 .debug_str     0x00004d0b      0x556 CMakeFiles/ServoDrive-fw.elf.dir/Drivers/STM32F0xx_HAL_Driver/Src/stm32f0xx_hal_tim_ex.c.obj
                                0xf78 (size before relaxing)
 .debug_str     0x00005261      0x3bc CMakeFiles/ServoDrive-fw.elf.dir/UserApp/main.cpp.obj
                               0x1acb (size before relaxing)
 .debug_str     0x0000561d       0x61 CMakeFiles/ServoDrive-fw.elf.dir/startup/startup_stm32f042x6.s.obj
                                 0x9c (size before relaxing)

.comment        0x00000000       0x79
 .comment       0x00000000       0x79 CMakeFiles/ServoDrive-fw.elf.dir/Core/Src/adc.c.obj
                                 0x7a (size before relaxing)
 .comment       0x00000079       0x7a CMakeFiles/ServoDrive-fw.elf.dir/Core/Src/dma.c.obj
 .comment       0x00000079       0x7a CMakeFiles/ServoDrive-fw.elf.dir/Core/Src/gpio.c.obj
 .comment       0x00000079       0x7a CMakeFiles/ServoDrive-fw.elf.dir/Core/Src/i2c.c.obj
 .comment       0x00000079       0x7a CMakeFiles/ServoDrive-fw.elf.dir/Core/Src/main.c.obj
 .comment       0x00000079       0x7a CMakeFiles/ServoDrive-fw.elf.dir/Core/Src/stm32f0xx_hal_msp.c.obj
 .comment       0x00000079       0x7a CMakeFiles/ServoDrive-fw.elf.dir/Core/Src/stm32f0xx_it.c.obj
 .comment       0x00000079       0x7a CMakeFiles/ServoDrive-fw.elf.dir/Core/Src/system_stm32f0xx.c.obj
 .comment       0x00000079       0x7a CMakeFiles/ServoDrive-fw.elf.dir/Core/Src/tim.c.obj
 .comment       0x00000079       0x7a CMakeFiles/ServoDrive-fw.elf.dir/Ctrl/motor.cpp.obj
 .comment       0x00000079       0x7a CMakeFiles/ServoDrive-fw.elf.dir/Ctrl/random_flash_utils.cpp.obj
 .comment       0x00000079       0x7a CMakeFiles/ServoDrive-fw.elf.dir/Drivers/STM32F0xx_HAL_Driver/Src/stm32f0xx_hal.c.obj
 .comment       0x00000079       0x7a CMakeFiles/ServoDrive-fw.elf.dir/Drivers/STM32F0xx_HAL_Driver/Src/stm32f0xx_hal_adc.c.obj
 .comment       0x00000079       0x7a CMakeFiles/ServoDrive-fw.elf.dir/Drivers/STM32F0xx_HAL_Driver/Src/stm32f0xx_hal_cortex.c.obj
 .comment       0x00000079       0x7a CMakeFiles/ServoDrive-fw.elf.dir/Drivers/STM32F0xx_HAL_Driver/Src/stm32f0xx_hal_dma.c.obj
 .comment       0x00000079       0x7a CMakeFiles/ServoDrive-fw.elf.dir/Drivers/STM32F0xx_HAL_Driver/Src/stm32f0xx_hal_flash.c.obj
 .comment       0x00000079       0x7a CMakeFiles/ServoDrive-fw.elf.dir/Drivers/STM32F0xx_HAL_Driver/Src/stm32f0xx_hal_flash_ex.c.obj
 .comment       0x00000079       0x7a CMakeFiles/ServoDrive-fw.elf.dir/Drivers/STM32F0xx_HAL_Driver/Src/stm32f0xx_hal_gpio.c.obj
 .comment       0x00000079       0x7a CMakeFiles/ServoDrive-fw.elf.dir/Drivers/STM32F0xx_HAL_Driver/Src/stm32f0xx_hal_i2c.c.obj
 .comment       0x00000079       0x7a CMakeFiles/ServoDrive-fw.elf.dir/Drivers/STM32F0xx_HAL_Driver/Src/stm32f0xx_hal_i2c_ex.c.obj
 .comment       0x00000079       0x7a CMakeFiles/ServoDrive-fw.elf.dir/Drivers/STM32F0xx_HAL_Driver/Src/stm32f0xx_hal_rcc.c.obj
 .comment       0x00000079       0x7a CMakeFiles/ServoDrive-fw.elf.dir/Drivers/STM32F0xx_HAL_Driver/Src/stm32f0xx_hal_rcc_ex.c.obj
 .comment       0x00000079       0x7a CMakeFiles/ServoDrive-fw.elf.dir/Drivers/STM32F0xx_HAL_Driver/Src/stm32f0xx_hal_tim.c.obj
 .comment       0x00000079       0x7a CMakeFiles/ServoDrive-fw.elf.dir/Drivers/STM32F0xx_HAL_Driver/Src/stm32f0xx_hal_tim_ex.c.obj
 .comment       0x00000079       0x7a CMakeFiles/ServoDrive-fw.elf.dir/UserApp/main.cpp.obj

.debug_frame    0x00000000     0x2d64
 .debug_frame   0x00000000       0x5c CMakeFiles/ServoDrive-fw.elf.dir/Core/Src/adc.c.obj
 .debug_frame   0x0000005c       0x28 CMakeFiles/ServoDrive-fw.elf.dir/Core/Src/dma.c.obj
 .debug_frame   0x00000084       0x2c CMakeFiles/ServoDrive-fw.elf.dir/Core/Src/gpio.c.obj
 .debug_frame   0x000000b0       0x74 CMakeFiles/ServoDrive-fw.elf.dir/Core/Src/i2c.c.obj
 .debug_frame   0x00000124       0x54 CMakeFiles/ServoDrive-fw.elf.dir/Core/Src/main.c.obj
 .debug_frame   0x00000178       0x24 CMakeFiles/ServoDrive-fw.elf.dir/Core/Src/stm32f0xx_hal_msp.c.obj
 .debug_frame   0x0000019c       0xc8 CMakeFiles/ServoDrive-fw.elf.dir/Core/Src/stm32f0xx_it.c.obj
 .debug_frame   0x00000264       0x38 CMakeFiles/ServoDrive-fw.elf.dir/Core/Src/system_stm32f0xx.c.obj
 .debug_frame   0x0000029c       0xb0 CMakeFiles/ServoDrive-fw.elf.dir/Core/Src/tim.c.obj
 .debug_frame   0x0000034c       0x90 CMakeFiles/ServoDrive-fw.elf.dir/Ctrl/motor.cpp.obj
 .debug_frame   0x000003dc       0x94 CMakeFiles/ServoDrive-fw.elf.dir/Ctrl/random_flash_utils.cpp.obj
 .debug_frame   0x00000470      0x1ac CMakeFiles/ServoDrive-fw.elf.dir/Drivers/STM32F0xx_HAL_Driver/Src/stm32f0xx_hal.c.obj
 .debug_frame   0x0000061c      0x2a0 CMakeFiles/ServoDrive-fw.elf.dir/Drivers/STM32F0xx_HAL_Driver/Src/stm32f0xx_hal_adc.c.obj
 .debug_frame   0x000008bc       0xe4 CMakeFiles/ServoDrive-fw.elf.dir/Drivers/STM32F0xx_HAL_Driver/Src/stm32f0xx_hal_cortex.c.obj
 .debug_frame   0x000009a0      0x168 CMakeFiles/ServoDrive-fw.elf.dir/Drivers/STM32F0xx_HAL_Driver/Src/stm32f0xx_hal_dma.c.obj
 .debug_frame   0x00000b08      0x144 CMakeFiles/ServoDrive-fw.elf.dir/Drivers/STM32F0xx_HAL_Driver/Src/stm32f0xx_hal_flash.c.obj
 .debug_frame   0x00000c4c      0x178 CMakeFiles/ServoDrive-fw.elf.dir/Drivers/STM32F0xx_HAL_Driver/Src/stm32f0xx_hal_flash_ex.c.obj
 .debug_frame   0x00000dc4       0xc0 CMakeFiles/ServoDrive-fw.elf.dir/Drivers/STM32F0xx_HAL_Driver/Src/stm32f0xx_hal_gpio.c.obj
 .debug_frame   0x00000e84      0x864 CMakeFiles/ServoDrive-fw.elf.dir/Drivers/STM32F0xx_HAL_Driver/Src/stm32f0xx_hal_i2c.c.obj