Archive member included to satisfy reference by file (symbol)

c:/program files (x86)/gnu tools arm embedded/9 2019-q4-major/bin/../lib/gcc/arm-none-eabi/9.2.1/../../../../arm-none-eabi/lib/thumb/v7e-m+fp/hard\libstdc++.a(new_op.o)
                              CMakeFiles/ElectronBot-fw.elf.dir/UserApp/main.cpp.obj (operator new(unsigned int))
c:/program files (x86)/gnu tools arm embedded/9 2019-q4-major/bin/../lib/gcc/arm-none-eabi/9.2.1/../../../../arm-none-eabi/lib/thumb/v7e-m+fp/hard\libstdc++.a(bad_alloc.o)
                              c:/program files (x86)/gnu tools arm embedded/9 2019-q4-major/bin/../lib/gcc/arm-none-eabi/9.2.1/../../../../arm-none-eabi/lib/thumb/v7e-m+fp/hard\libstdc++.a(new_op.o) (std::bad_alloc::~bad_alloc())
c:/program files (x86)/gnu tools arm embedded/9 2019-q4-major/bin/../lib/gcc/arm-none-eabi/9.2.1/../../../../arm-none-eabi/lib/thumb/v7e-m+fp/hard\libstdc++.a(del_ops.o)
                              c:/program files (x86)/gnu tools arm embedded/9 2019-q4-major/bin/../lib/gcc/arm-none-eabi/9.2.1/../../../../arm-none-eabi/lib/thumb/v7e-m+fp/hard\libstdc++.a(bad_alloc.o) (operator delete(void*, unsigned int))
c:/program files (x86)/gnu tools arm embedded/9 2019-q4-major/bin/../lib/gcc/arm-none-eabi/9.2.1/../../../../arm-none-eabi/lib/thumb/v7e-m+fp/hard\libstdc++.a(eh_alloc.o)
                              c:/program files (x86)/gnu tools arm embedded/9 2019-q4-major/bin/../lib/gcc/arm-none-eabi/9.2.1/../../../../arm-none-eabi/lib/thumb/v7e-m+fp/hard\libstdc++.a(new_op.o) (__cxa_allocate_exception)
c:/program files (x86)/gnu tools arm embedded/9 2019-q4-major/bin/../lib/gcc/arm-none-eabi/9.2.1/../../../../arm-none-eabi/lib/thumb/v7e-m+fp/hard\libstdc++.a(eh_exception.o)
                              c:/program files (x86)/gnu tools arm embedded/9 2019-q4-major/bin/../lib/gcc/arm-none-eabi/9.2.1/../../../../arm-none-eabi/lib/thumb/v7e-m+fp/hard\libstdc++.a(bad_alloc.o) (std::exception::~exception())
c:/program files (x86)/gnu tools arm embedded/9 2019-q4-major/bin/../lib/gcc/arm-none-eabi/9.2.1/../../../../arm-none-eabi/lib/thumb/v7e-m+fp/hard\libstdc++.a(eh_terminate.o)
                              c:/program files (x86)/gnu tools arm embedded/9 2019-q4-major/bin/../lib/gcc/arm-none-eabi/9.2.1/../../../../arm-none-eabi/lib/thumb/v7e-m+fp/hard\libstdc++.a(eh_alloc.o) (std::terminate())
c:/program files (x86)/gnu tools arm embedded/9 2019-q4-major/bin/../lib/gcc/arm-none-eabi/9.2.1/../../../../arm-none-eabi/lib/thumb/v7e-m+fp/hard\libstdc++.a(eh_throw.o)
                              c:/program files (x86)/gnu tools arm embedded/9 2019-q4-major/bin/../lib/gcc/arm-none-eabi/9.2.1/../../../../arm-none-eabi/lib/thumb/v7e-m+fp/hard\libstdc++.a(new_op.o) (__cxa_throw)
c:/program files (x86)/gnu tools arm embedded/9 2019-q4-major/bin/../lib/gcc/arm-none-eabi/9.2.1/../../../../arm-none-eabi/lib/thumb/v7e-m+fp/hard\libstdc++.a(eh_unex_handler.o)
                              c:/program files (x86)/gnu tools arm embedded/9 2019-q4-major/bin/../lib/gcc/arm-none-eabi/9.2.1/../../../../arm-none-eabi/lib/thumb/v7e-m+fp/hard\libstdc++.a(eh_terminate.o) (__cxxabiv1::__unexpected_handler)
c:/program files (x86)/gnu tools arm embedded/9 2019-q4-major/bin/../lib/gcc/arm-none-eabi/9.2.1/../../../../arm-none-eabi/lib/thumb/v7e-m+fp/hard\libstdc++.a(new_handler.o)
                              c:/program files (x86)/gnu tools arm embedded/9 2019-q4-major/bin/../lib/gcc/arm-none-eabi/9.2.1/../../../../arm-none-eabi/lib/thumb/v7e-m+fp/hard\libstdc++.a(new_op.o) (std::get_new_handler())
c:/program files (x86)/gnu tools arm embedded/9 2019-q4-major/bin/../lib/gcc/arm-none-eabi/9.2.1/../../../../arm-none-eabi/lib/thumb/v7e-m+fp/hard\libstdc++.a(pure.o)
                              c:/program files (x86)/gnu tools arm embedded/9 2019-q4-major/bin/../lib/gcc/arm-none-eabi/9.2.1/../../../../arm-none-eabi/lib/thumb/v7e-m+fp/hard\libstdc++.a(eh_exception.o) (__cxa_pure_virtual)
c:/program files (x86)/gnu tools arm embedded/9 2019-q4-major/bin/../lib/gcc/arm-none-eabi/9.2.1/../../../../arm-none-eabi/lib/thumb/v7e-m+fp/hard\libstdc++.a(si_class_type_info.o)
                              c:/program files (x86)/gnu tools arm embedded/9 2019-q4-major/bin/../lib/gcc/arm-none-eabi/9.2.1/../../../../arm-none-eabi/lib/thumb/v7e-m+fp/hard\libstdc++.a(bad_alloc.o) (vtable for __cxxabiv1::__si_class_type_info)
c:/program files (x86)/gnu tools arm embedded/9 2019-q4-major/bin/../lib/gcc/arm-none-eabi/9.2.1/../../../../arm-none-eabi/lib/thumb/v7e-m+fp/hard\libstdc++.a(tinfo.o)
                              c:/program files (x86)/gnu tools arm embedded/9 2019-q4-major/bin/../lib/gcc/arm-none-eabi/9.2.1/../../../../arm-none-eabi/lib/thumb/v7e-m+fp/hard\libstdc++.a(si_class_type_info.o) (std::type_info::__is_pointer_p() const)
c:/program files (x86)/gnu tools arm embedded/9 2019-q4-major/bin/../lib/gcc/arm-none-eabi/9.2.1/../../../../arm-none-eabi/lib/thumb/v7e-m+fp/hard\libstdc++.a(vterminate.o)
[...]
Memory Configuration

Name             Origin             Length             Attributes
RAM              0x20000000         0x00020000         xrw
CCMRAM           0x10000000         0x00010000         xrw
FLASH            0x08000000         0x00100000         xr
*default*        0x00000000         0xffffffff

Linker script and memory map

LOAD c:/program files (x86)/gnu tools arm embedded/9 2019-q4-major/bin/../lib/gcc/arm-none-eabi/9.2.1/thumb/v7e-m+fp/hard/crti.o
LOAD c:/program files (x86)/gnu tools arm embedded/9 2019-q4-major/bin/../lib/gcc/arm-none-eabi/9.2.1/thumb/v7e-m+fp/hard/crtbegin.o
LOAD c:/program files (x86)/gnu tools arm embedded/9 2019-q4-major/bin/../lib/gcc/arm-none-eabi/9.2.1/../../../../arm-none-eabi/lib/thumb/v7e-m+fp/hard/crt0.o
LOAD CMakeFiles/ElectronBot-fw.elf.dir/Bsp/robot.cpp.obj
LOAD CMakeFiles/ElectronBot-fw.elf.dir/Bsp/screen.cpp.obj
LOAD CMakeFiles/ElectronBot-fw.elf.dir/Core/Src/adc.c.obj
LOAD CMakeFiles/ElectronBot-fw.elf.dir/Core/Src/dma.c.obj
LOAD CMakeFiles/ElectronBot-fw.elf.dir/Core/Src/freertos.c.obj
LOAD CMakeFiles/ElectronBot-fw.elf.dir/Core/Src/gpio.c.obj
LOAD CMakeFiles/ElectronBot-fw.elf.dir/Core/Src/i2c.c.obj
LOAD CMakeFiles/ElectronBot-fw.elf.dir/Core/Src/main.c.obj
LOAD CMakeFiles/ElectronBot-fw.elf.dir/Core/Src/spi.c.obj
LOAD CMakeFiles/ElectronBot-fw.elf.dir/Core/Src/stm32f4xx_hal_msp.c.obj
LOAD CMakeFiles/ElectronBot-fw.elf.dir/Core/Src/stm32f4xx_hal_timebase_tim.c.obj
LOAD CMakeFiles/ElectronBot-fw.elf.dir/Core/Src/stm32f4xx_it.c.obj
LOAD CMakeFiles/ElectronBot-fw.elf.dir/Core/Src/syscalls.c.obj
LOAD CMakeFiles/ElectronBot-fw.elf.dir/Core/Src/system_stm32f4xx.c.obj
LOAD CMakeFiles/ElectronBot-fw.elf.dir/Core/Src/usart.c.obj
LOAD CMakeFiles/ElectronBot-fw.elf.dir/Drivers/STM32F4xx_HAL_Driver/Src/stm32f4xx_hal.c.obj
LOAD CMakeFiles/ElectronBot-fw.elf.dir/Drivers/STM32F4xx_HAL_Driver/Src/stm32f4xx_hal_adc.c.obj
LOAD CMakeFiles/ElectronBot-fw.elf.dir/Drivers/STM32F4xx_HAL_Driver/Src/stm32f4xx_hal_adc_ex.c.obj
LOAD CMakeFiles/ElectronBot-fw.elf.dir/Drivers/STM32F4xx_HAL_Driver/Src/stm32f4xx_hal_cortex.c.obj
LOAD CMakeFiles/ElectronBot-fw.elf.dir/Drivers/STM32F4xx_HAL_Driver/Src/stm32f4xx_hal_dma.c.obj
LOAD CMakeFiles/ElectronBot-fw.elf.dir/Drivers/STM32F4xx_HAL_Driver/Src/stm32f4xx_hal_dma_ex.c.obj
LOAD CMakeFiles/ElectronBot-fw.elf.dir/Drivers/STM32F4xx_HAL_Driver/Src/stm32f4xx_hal_exti.c.obj
LOAD CMakeFiles/ElectronBot-fw.elf.dir/Drivers/STM32F4xx_HAL_Driver/Src/stm32f4xx_hal_flash.c.obj
LOAD CMakeFiles/ElectronBot-fw.elf.dir/Drivers/STM32F4xx_HAL_Driver/Src/stm32f4xx_hal_flash_ex.c.obj
LOAD CMakeFiles/ElectronBot-fw.elf.dir/Drivers/STM32F4xx_HAL_Driver/Src/stm32f4xx_hal_flash_ramfunc.c.obj
LOAD CMakeFiles/ElectronBot-fw.elf.dir/Drivers/STM32F4xx_HAL_Driver/Src/stm32f4xx_hal_gpio.c.obj
LOAD CMakeFiles/ElectronBot-fw.elf.dir/Drivers/STM32F4xx_HAL_Driver/Src/stm32f4xx_hal_i2c.c.obj
LOAD CMakeFiles/ElectronBot-fw.elf.dir/Drivers/STM32F4xx_HAL_Driver/Src/stm32f4xx_hal_i2c_ex.c.obj
LOAD CMakeFiles/ElectronBot-fw.elf.dir/Drivers/STM32F4xx_HAL_Driver/Src/stm32f4xx_hal_pcd.c.obj
LOAD CMakeFiles/ElectronBot-fw.elf.dir/Drivers/STM32F4xx_HAL_Driver/Src/stm32f4xx_hal_pcd_ex.c.obj
LOAD CMakeFiles/ElectronBot-fw.elf.dir/Drivers/STM32F4xx_HAL_Driver/Src/stm32f4xx_hal_pwr.c.obj
LOAD CMakeFiles/ElectronBot-fw.elf.dir/Drivers/STM32F4xx_HAL_Driver/Src/stm32f4xx_hal_pwr_ex.c.obj
LOAD CMakeFiles/ElectronBot-fw.elf.dir/Drivers/STM32F4xx_HAL_Driver/Src/stm32f4xx_hal_rcc.c.obj
LOAD CMakeFiles/ElectronBot-fw.elf.dir/Drivers/STM32F4xx_HAL_Driver/Src/stm32f4xx_hal_rcc_ex.c.obj
LOAD CMakeFiles/ElectronBot-fw.elf.dir/Drivers/STM32F4xx_HAL_Driver/Src/stm32f4xx_hal_spi.c.obj
LOAD CMakeFiles/ElectronBot-fw.elf.dir/Drivers/STM32F4xx_HAL_Driver/Src/stm32f4xx_hal_tim.c.obj
LOAD CMakeFiles/ElectronBot-fw.elf.dir/Drivers/STM32F4xx_HAL_Driver/Src/stm32f4xx_hal_tim_ex.c.obj
LOAD CMakeFiles/ElectronBot-fw.elf.dir/Drivers/STM32F4xx_HAL_Driver/Src/stm32f4xx_hal_uart.c.obj
LOAD CMakeFiles/ElectronBot-fw.elf.dir/Drivers/STM32F4xx_HAL_Driver/Src/stm32f4xx_ll_adc.c.obj
LOAD CMakeFiles/ElectronBot-fw.elf.dir/Drivers/STM32F4xx_HAL_Driver/Src/stm32f4xx_ll_usb.c.obj
LOAD CMakeFiles/ElectronBot-fw.elf.dir/Middlewares/ST/STM32_USB_Device_Library/Class/CDC/Src/usbd_cdc.c.obj
LOAD CMakeFiles/ElectronBot-fw.elf.dir/Middlewares/ST/STM32_USB_Device_Library/Core/Src/usbd_core.c.obj
LOAD CMakeFiles/ElectronBot-fw.elf.dir/Middlewares/ST/STM32_USB_Device_Library/Core/Src/usbd_ctlreq.c.obj
LOAD CMakeFiles/ElectronBot-fw.elf.dir/Middlewares/ST/STM32_USB_Device_Library/Core/Src/usbd_ioreq.c.obj
LOAD CMakeFiles/ElectronBot-fw.elf.dir/Middlewares/Third_Party/FreeRTOS/Source/CMSIS_RTOS_V2/cmsis_os2.c.obj
LOAD CMakeFiles/ElectronBot-fw.elf.dir/Middlewares/Third_Party/FreeRTOS/Source/croutine.c.obj
LOAD CMakeFiles/ElectronBot-fw.elf.dir/Middlewares/Third_Party/FreeRTOS/Source/event_groups.c.obj
LOAD CMakeFiles/ElectronBot-fw.elf.dir/Middlewares/Third_Party/FreeRTOS/Source/list.c.obj
LOAD CMakeFiles/ElectronBot-fw.elf.dir/Middlewares/Third_Party/FreeRTOS/Source/portable/GCC/ARM_CM4F/port.c.obj
LOAD CMakeFiles/ElectronBot-fw.elf.dir/Middlewares/Third_Party/FreeRTOS/Source/portable/MemMang/heap_4.c.obj
LOAD CMakeFiles/ElectronBot-fw.elf.dir/Middlewares/Third_Party/FreeRTOS/Source/queue.c.obj
LOAD CMakeFiles/ElectronBot-fw.elf.dir/Middlewares/Third_Party/FreeRTOS/Source/stream_buffer.c.obj
LOAD CMakeFiles/ElectronBot-fw.elf.dir/Middlewares/Third_Party/FreeRTOS/Source/tasks.c.obj
LOAD CMakeFiles/ElectronBot-fw.elf.dir/Middlewares/Third_Party/FreeRTOS/Source/timers.c.obj
LOAD CMakeFiles/ElectronBot-fw.elf.dir/USB_DEVICE/App/usb_device.c.obj
LOAD CMakeFiles/ElectronBot-fw.elf.dir/USB_DEVICE/App/usbd_desc.c.obj
LOAD CMakeFiles/ElectronBot-fw.elf.dir/USB_DEVICE/Target/usbd_conf.c.obj
LOAD CMakeFiles/ElectronBot-fw.elf.dir/UserApp/Utils/retarget.c.obj
LOAD CMakeFiles/ElectronBot-fw.elf.dir/UserApp/main.cpp.obj
LOAD CMakeFiles/ElectronBot-fw.elf.dir/UserApp/usbd_cdc_if.cpp.obj
LOAD CMakeFiles/ElectronBot-fw.elf.dir/startup/startup_stm32f405xx.s.obj
LOAD D:/CloneBot/Clone_ElectronBot/Firmware/ElectronBot-fw/Drivers/CMSIS/Lib\libarm_cortexM4lf_math.a
LOAD c:/program files (x86)/gnu tools arm embedded/9 2019-q4-major/bin/../lib/gcc/arm-none-eabi/9.2.1/../../../../arm-none-eabi/lib/thumb/v7e-m+fp/hard\libstdc++.a
LOAD c:/program files (x86)/gnu tools arm embedded/9 2019-q4-major/bin/../lib/gcc/arm-none-eabi/9.2.1/../../../../arm-none-eabi/lib/thumb/v7e-m+fp/hard\libm.a
START GROUP
LOAD c:/program files (x86)/gnu tools arm embedded/9 2019-q4-major/bin/../lib/gcc/arm-none-eabi/9.2.1/thumb/v7e-m+fp/hard\libgcc.a
LOAD c:/program files (x86)/gnu tools arm embedded/9 2019-q4-major/bin/../lib/gcc/arm-none-eabi/9.2.1/../../../../arm-none-eabi/lib/thumb/v7e-m+fp/hard\libg.a
LOAD c:/program files (x86)/gnu tools arm embedded/9 2019-q4-major/bin/../lib/gcc/arm-none-eabi/9.2.1/../../../../arm-none-eabi/lib/thumb/v7e-m+fp/hard\libc.a
END GROUP
LOAD c:/program files (x86)/gnu tools arm embedded/9 2019-q4-major/bin/../lib/gcc/arm-none-eabi/9.2.1/thumb/v7e-m+fp/hard/crtend.o
LOAD c:/program files (x86)/gnu tools arm embedded/9 2019-q4-major/bin/../lib/gcc/arm-none-eabi/9.2.1/thumb/v7e-m+fp/hard/crtn.o
                0x20020000                _estack = 0x20020000
                0x00000800                _Min_Heap_Size = 0x800
                0x00000800                _Min_Stack_Size = 0x800

.isr_vector     0x08000000      0x188
                0x08000000                . = ALIGN (0x4)
 *(.isr_vector)
 .isr_vector    0x08000000      0x188 CMakeFiles/ElectronBot-fw.elf.dir/startup/startup_stm32f405xx.s.obj
                0x08000000                g_pfnVectors
                0x08000188                . = ALIGN (0x4)

.text           0x080001c0    0x19f5c
                0x080001c0                . = ALIGN (0x4)
 *(.text)
 .text          0x080001c0       0x40 c:/program files (x86)/gnu tools arm embedded/9 2019-q4-major/bin/../lib/gcc/arm-none-eabi/9.2.1/thumb/v7e-m+fp/hard/crtbegin.o
 .text          0x08000200     0x6ca8 c:/program files (x86)/gnu tools arm embedded/9 2019-q4-major/bin/../lib/gcc/arm-none-eabi/9.2.1/../../../../arm-none-eabi/lib/thumb/v7e-m+fp/hard\libstdc++.a(cp-demangle.o)
                0x08006dc0                __cxa_demangle
                0x08006e84                __gcclibcxx_demangle_callback
 .text          0x08006ea8      0x378 c:/program files (x86)/gnu tools arm embedded/9 2019-q4-major/bin/../lib/gcc/arm-none-eabi/9.2.1/thumb/v7e-m+fp/hard\libgcc.a(_arm_addsubdf3.o)
                0x08006ea8                __aeabi_drsub
                0x08006eb0                __aeabi_dsub
                0x08006eb0                __subdf3
                0x08006eb4                __aeabi_dadd
                0x08006eb4                __adddf3
                0x0800712c                __floatunsidf
                0x0800712c                __aeabi_ui2d
                0x0800714c                __floatsidf
                0x0800714c                __aeabi_i2d
                0x08007170                __aeabi_f2d
                0x08007170                __extendsfdf2
                0x080071b4                __floatundidf
                0x080071b4                __aeabi_ul2d
                0x080071c4                __floatdidf
                0x080071c4                __aeabi_l2d
 .text          0x08007220       0x30 c:/program files (x86)/gnu tools arm embedded/9 2019-q4-major/bin/../lib/gcc/arm-none-eabi/9.2.1/thumb/v7e-m+fp/hard\libgcc.a(_aeabi_uldivmod.o)
                0x08007220                __aeabi_uldivmod
 .text          0x08007250      0x2c4 c:/program files (x86)/gnu tools arm embedded/9 2019-q4-major/bin/../lib/gcc/arm-none-eabi/9.2.1/thumb/v7e-m+fp/hard\libgcc.a(_udivmoddi4.o)
                0x08007250                __udivmoddi4
 .text          0x08007514      0x9b8 c:/program files (x86)/gnu tools arm embedded/9 2019-q4-major/bin/../lib/gcc/arm-none-eabi/9.2.1/thumb/v7e-m+fp/hard\libgcc.a(unwind-arm.o)
                0x080077bc                _Unwind_GetCFA
                0x080077c0                __gnu_Unwind_RaiseException
                0x08007820                __gnu_Unwind_ForcedUnwind
                0x08007834                __gnu_Unwind_Resume
                0x08007878                __gnu_Unwind_Resume_or_Rethrow
                0x08007888                _Unwind_Complete
                0x0800788c                _Unwind_DeleteException
                0x08007898                _Unwind_VRS_Get
                0x080078e0                _Unwind_VRS_Set
                0x08007928                __gnu_Unwind_Backtrace
                0x08007c48                __aeabi_unwind_cpp_pr0
                0x08007c4c                __aeabi_unwind_cpp_pr1
                0x08007c50                __aeabi_unwind_cpp_pr2
                0x08007c54                _Unwind_VRS_Pop
 .text          0x08007ecc      0x1ac c:/program files (x86)/gnu tools arm embedded/9 2019-q4-major/bin/../lib/gcc/arm-none-eabi/9.2.1/thumb/v7e-m+fp/hard\libgcc.a(libunwind.o)
                0x08007ecc                __restore_core_regs
                0x08007ecc                restore_core_regs
                0x08007ee4                __gnu_Unwind_Restore_VFP
                0x08007eec                __gnu_Unwind_Save_VFP
                0x08007ef4                __gnu_Unwind_Restore_VFP_D
                0x08007efc                __gnu_Unwind_Save_VFP_D
                0x08007f04                __gnu_Unwind_Restore_VFP_D_16_to_31
                0x08007f0c                __gnu_Unwind_Save_VFP_D_16_to_31
                0x08007f14                __gnu_Unwind_Restore_WMMXD
                0x08007f58                __gnu_Unwind_Save_WMMXD
                0x08007f9c                __gnu_Unwind_Restore_WMMXC
                0x08007fb0                __gnu_Unwind_Save_WMMXC
                0x08007fc4                ___Unwind_RaiseException
                0x08007fc4                _Unwind_RaiseException
                0x08007fe8                _Unwind_Resume
                0x08007fe8                ___Unwind_Resume
                0x0800800c                _Unwind_Resume_or_Rethrow
                0x0800800c                ___Unwind_Resume_or_Rethrow
                0x08008030                _Unwind_ForcedUnwind
                0x08008030                ___Unwind_ForcedUnwind
                0x08008054                ___Unwind_Backtrace
                0x08008054                _Unwind_Backtrace
 .text          0x08008078      0x340 c:/program files (x86)/gnu tools arm embedded/9 2019-q4-major/bin/../lib/gcc/arm-none-eabi/9.2.1/thumb/v7e-m+fp/hard\libgcc.a(pr-support.o)
                0x080080d0                __gnu_unwind_execute
                0x0800836c                __gnu_unwind_frame
                0x08008398                _Unwind_GetRegionStart
                0x080083a4                _Unwind_GetLanguageSpecificData
 .text          0x080083b8        0x4 c:/program files (x86)/gnu tools arm embedded/9 2019-q4-major/bin/../lib/gcc/arm-none-eabi/9.2.1/thumb/v7e-m+fp/hard\libgcc.a(_dvmd_tls.o)
                0x080083b8                __aeabi_idiv0
                0x080083b8                __aeabi_ldiv0
 *fill*         0x080083bc        0x4 
 .text          0x080083c0       0xa0 c:/program files (x86)/gnu tools arm embedded/9 2019-q4-major/bin/../lib/gcc/arm-none-eabi/9.2.1/../../../../arm-none-eabi/lib/thumb/v7e-m+fp/hard\libg.a(lib_a-memchr.o)
                0x080083c0                memchr
 .text          0x08008460      0x134 c:/program files (x86)/gnu tools arm embedded/9 2019-q4-major/bin/../lib/gcc/arm-none-eabi/9.2.1/../../../../arm-none-eabi/lib/thumb/v7e-m+fp/hard\libg.a(lib_a-memcpy.o)
                0x08008460                memcpy
 *fill*         0x08008594        0xc 
 .text          0x080085a0      0x2dc c:/program files (x86)/gnu tools arm embedded/9 2019-q4-major/bin/../lib/gcc/arm-none-eabi/9.2.1/../../../../arm-none-eabi/lib/thumb/v7e-m+fp/hard\libg.a(lib_a-strcmp.o)
                0x080085a8                strcmp
 *fill*         0x0800887c        0x4 
 .text          0x08008880       0xdc c:/program files (x86)/gnu tools arm embedded/9 2019-q4-major/bin/../lib/gcc/arm-none-eabi/9.2.1/../../../../arm-none-eabi/lib/thumb/v7e-m+fp/hard\libg.a(lib_a-strlen.o)
                0x08008880                strlen
 .text          0x0800895c      0x424 c:/program files (x86)/gnu tools arm embedded/9 2019-q4-major/bin/../lib/gcc/arm-none-eabi/9.2.1/thumb/v7e-m+fp/hard\libgcc.a(_arm_muldivdf3.o)
                0x0800895c                __aeabi_dmul
                0x0800895c                __muldf3
                0x08008bb0                __divdf3
                0x08008bb0                __aeabi_ddiv
 .text          0x08008d80      0x110 c:/program files (x86)/gnu tools arm embedded/9 2019-q4-major/bin/../lib/gcc/arm-none-eabi/9.2.1/thumb/v7e-m+fp/hard\libgcc.a(_arm_cmpdf2.o)
                0x08008d80                __gtdf2
                0x08008d80                __gedf2
                0x08008d88                __ltdf2
                0x08008d88                __ledf2
                0x08008d90                __nedf2
                0x08008d90                __eqdf2
                0x08008d90                __cmpdf2
                0x08008e0c                __aeabi_cdrcmple
                0x08008e1c                __aeabi_cdcmpeq
                0x08008e1c                __aeabi_cdcmple
                0x08008e2c                __aeabi_dcmpeq
                0x08008e40                __aeabi_dcmplt
                0x08008e54                __aeabi_dcmple
                0x08008e68                __aeabi_dcmpge
                0x08008e7c                __aeabi_dcmpgt
 .text          0x08008e90       0x2c c:/program files (x86)/gnu tools arm embedded/9 2019-q4-major/bin/../lib/gcc/arm-none-eabi/9.2.1/thumb/v7e-m+fp/hard\libgcc.a(_arm_unorddf2.o)
                0x08008e90                __unorddf2
                0x08008e90                __aeabi_dcmpun
 .text          0x08008ebc       0x50 c:/program files (x86)/gnu tools arm embedded/9 2019-q4-major/bin/../lib/gcc/arm-none-eabi/9.2.1/thumb/v7e-m+fp/hard\libgcc.a(_arm_fixdfsi.o)
                0x08008ebc                __aeabi_d2iz
                0x08008ebc                __fixdfsi
 *(.text*)
 .text._ZN5Robot20GetPingPongBufferPtrEv
                0x08008f0c       0x1a CMakeFiles/ElectronBot-fw.elf.dir/Bsp/robot.cpp.obj
                0x08008f0c                Robot::GetPingPongBufferPtr()
 .text._ZN5Robot13SendUsbPacketEPhm
                0x08008f26       0x14 CMakeFiles/ElectronBot-fw.elf.dir/Bsp/robot.cpp.obj
                0x08008f26                Robot::SendUsbPacket(unsigned char*, unsigned long)
 .text._ZN5Robot20SwitchPingPongBufferEv
                0x08008f3a       0x20 CMakeFiles/ElectronBot-fw.elf.dir/Bsp/robot.cpp.obj
                0x08008f3a                Robot::SwitchPingPongBuffer()
 .text._ZN5Robot15GetLcdBufferPtrEv
                0x08008f5a       0x1e CMakeFiles/ElectronBot-fw.elf.dir/Bsp/robot.cpp.obj
                0x08008f5a                Robot::GetLcdBufferPtr()
 .text._ZN5Robot27ReceiveUsbPacketUntilSizeIsEm
                0x08008f78       0x1a CMakeFiles/ElectronBot-fw.elf.dir/Bsp/robot.cpp.obj
                0x08008f78                Robot::ReceiveUsbPacketUntilSizeIs(unsigned long)
 .text._ZN5Robot27TransmitAndReceiveI2cPacketEh
                0x08008f92       0x42 CMakeFiles/ElectronBot-fw.elf.dir/Bsp/robot.cpp.obj
                0x08008f92                Robot::TransmitAndReceiveI2cPacket(unsigned char)
 .text._ZN5Robot16UpdateServoAngleERNS_13JointStatus_tEf
                0x08008fd4       0x62 CMakeFiles/ElectronBot-fw.elf.dir/Bsp/robot.cpp.obj
                0x08008fd4                Robot::UpdateServoAngle(Robot::JointStatus_t&, float)
 .text._ZN5Robot14SetJointEnableERNS_13JointStatus_tEb
                0x08009036       0x2c CMakeFiles/ElectronBot-fw.elf.dir/Bsp/robot.cpp.obj
                0x08009036                Robot::SetJointEnable(Robot::JointStatus_t&, bool)
 .text._ZN5Robot17GetExtraDataRxPtrEv
                0x08009062        0xe CMakeFiles/ElectronBot-fw.elf.dir/Bsp/robot.cpp.obj
                0x08009062                Robot::GetExtraDataRxPtr()
 .text._ZN5Robot16UpdateJointAngleERNS_13JointStatus_tEf
                0x08009070       0xc4 CMakeFiles/ElectronBot-fw.elf.dir/Bsp/robot.cpp.obj
                0x08009070                Robot::UpdateJointAngle(Robot::JointStatus_t&, float)
 .text._ZN6Screen5ResetEb
                0x08009134       0x18 CMakeFiles/ElectronBot-fw.elf.dir/Bsp/screen.cpp.obj
                0x08009134                Screen::Reset(bool)
 .text._ZN6Screen16SetDataOrCommandEb
                0x0800914c       0x18 CMakeFiles/ElectronBot-fw.elf.dir/Bsp/screen.cpp.obj
                0x0800914c                Screen::SetDataOrCommand(bool)
 .text._ZN6Screen12WriteCommandEh
                0x08009164       0x22 CMakeFiles/ElectronBot-fw.elf.dir/Bsp/screen.cpp.obj
                0x08009164                Screen::WriteCommand(unsigned char)
 .text._ZN6Screen10Write1ByteEh
                0x08009186       0x22 CMakeFiles/ElectronBot-fw.elf.dir/Bsp/screen.cpp.obj
                0x08009186                Screen::Write1Byte(unsigned char)
 .text._ZN6Screen9WriteDataEPhmb
                0x080091a8       0x2c CMakeFiles/ElectronBot-fw.elf.dir/Bsp/screen.cpp.obj
                0x080091a8                Screen::WriteData(unsigned char*, unsigned long, bool)
 .text._ZN6Screen9SetWindowEtttt
                0x080091d4       0x6c CMakeFiles/ElectronBot-fw.elf.dir/Bsp/screen.cpp.obj
                0x080091d4                Screen::SetWindow(unsigned short, unsigned short, unsigned short, unsigned short)
 .text._ZN6Screen16WriteFrameBufferEPhmb
                0x08009240       0x2a CMakeFiles/ElectronBot-fw.elf.dir/Bsp/screen.cpp.obj
                0x08009240                Screen::WriteFrameBuffer(unsigned char*, unsigned long, bool)
 *fill*         0x0800926a        0x2 
 .text._ZN6Screen12SetBackLightEf
                0x0800926c       0x14 CMakeFiles/ElectronBot-fw.elf.dir/Bsp/screen.cpp.obj
                0x0800926c                Screen::SetBackLight(float)
 .text._ZN6Screen4InitENS_13Orientation_tE
                0x08009280      0x664 CMakeFiles/ElectronBot-fw.elf.dir/Bsp/screen.cpp.obj
                0x08009280                Screen::Init(Screen::Orientation_t)
 .text.MX_ADC1_Init
                0x080098e4       0x70 CMakeFiles/ElectronBot-fw.elf.dir/Core/Src/adc.c.obj
                0x080098e4                MX_ADC1_Init
 .text.HAL_ADC_MspInit
                0x08009954       0x6c CMakeFiles/ElectronBot-fw.elf.dir/Core/Src/adc.c.obj
                0x08009954                HAL_ADC_MspInit
 .text.MX_DMA_Init
                0x080099c0       0x54 CMakeFiles/ElectronBot-fw.elf.dir/Core/Src/dma.c.obj
                0x080099c0                MX_DMA_Init
 .text.StartDefaultTask
                0x08009a14       0x18 CMakeFiles/ElectronBot-fw.elf.dir/Core/Src/freertos.c.obj
                0x08009a14                StartDefaultTask
 .text.MX_FREERTOS_Init
                0x08009a2c       0x20 CMakeFiles/ElectronBot-fw.elf.dir/Core/Src/freertos.c.obj
                0x08009a2c                MX_FREERTOS_Init
 .text.MX_GPIO_Init
                0x08009a4c       0xb8 CMakeFiles/ElectronBot-fw.elf.dir/Core/Src/gpio.c.obj
                0x08009a4c                MX_GPIO_Init
 .text.MX_I2C1_Init
                0x08009b04       0x3c CMakeFiles/ElectronBot-fw.elf.dir/Core/Src/i2c.c.obj
                0x08009b04                MX_I2C1_Init
 .text.HAL_I2C_MspInit
                0x08009b40       0x74 CMakeFiles/ElectronBot-fw.elf.dir/Core/Src/i2c.c.obj
                0x08009b40                HAL_I2C_MspInit
 .text.HAL_TIM_PeriodElapsedCallback
                0x08009bb4       0x18 CMakeFiles/ElectronBot-fw.elf.dir/Core/Src/main.c.obj
                0x08009bb4                HAL_TIM_PeriodElapsedCallback
 .text.Error_Handler
                0x08009bcc        0x4 CMakeFiles/ElectronBot-fw.elf.dir/Core/Src/main.c.obj
                0x08009bcc                Error_Handler
 .text.SystemClock_Config
                0x08009bd0       0xa8 CMakeFiles/ElectronBot-fw.elf.dir/Core/Src/main.c.obj
                0x08009bd0                SystemClock_Config
 .text.main     0x08009c78       0x34 CMakeFiles/ElectronBot-fw.elf.dir/Core/Src/main.c.obj
                0x08009c78                main
 .text.MX_SPI1_Init
                0x08009cac       0x40 CMakeFiles/ElectronBot-fw.elf.dir/Core/Src/spi.c.obj
                0x08009cac                MX_SPI1_Init
 .text.HAL_SPI_MspInit
                0x08009cec       0xf4 CMakeFiles/ElectronBot-fw.elf.dir/Core/Src/spi.c.obj
                0x08009cec                HAL_SPI_MspInit
 .text.HAL_MspInit
                0x08009de0       0x44 CMakeFiles/ElectronBot-fw.elf.dir/Core/Src/stm32f4xx_hal_msp.c.obj
                0x08009de0                HAL_MspInit
 .text.HAL_InitTick
                0x08009e24       0x7c CMakeFiles/ElectronBot-fw.elf.dir/Core/Src/stm32f4xx_hal_timebase_tim.c.obj
                0x08009e24                HAL_InitTick
 .text.NMI_Handler
                0x08009ea0        0x2 CMakeFiles/ElectronBot-fw.elf.dir/Core/Src/stm32f4xx_it.c.obj
                0x08009ea0                NMI_Handler
 .text.HardFault_Handler
                0x08009ea2        0x2 CMakeFiles/ElectronBot-fw.elf.dir/Core/Src/stm32f4xx_it.c.obj
                0x08009ea2                HardFault_Handler
 .text.MemManage_Handler
                0x08009ea4        0x2 CMakeFiles/ElectronBot-fw.elf.dir/Core/Src/stm32f4xx_it.c.obj
                0x08009ea4                MemManage_Handler
 .text.BusFault_Handler
                0x08009ea6        0x2 CMakeFiles/ElectronBot-fw.elf.dir/Core/Src/stm32f4xx_it.c.obj
                0x08009ea6                BusFault_Handler
 .text.UsageFault_Handler
                0x08009ea8        0x2 CMakeFiles/ElectronBot-fw.elf.dir/Core/Src/stm32f4xx_it.c.obj
                0x08009ea8                UsageFault_Handler
 .text.DebugMon_Handler
                0x08009eaa        0x2 CMakeFiles/ElectronBot-fw.elf.dir/Core/Src/stm32f4xx_it.c.obj
                0x08009eaa                DebugMon_Handler
 .text.SPI1_IRQHandler
                0x08009eac       0x10 CMakeFiles/ElectronBot-fw.elf.dir/Core/Src/stm32f4xx_it.c.obj
                0x08009eac                SPI1_IRQHandler
 .text.USART1_IRQHandler
                0x08009ebc       0x10 CMakeFiles/ElectronBot-fw.elf.dir/Core/Src/stm32f4xx_it.c.obj
                0x08009ebc                USART1_IRQHandler
 .text.TIM8_TRG_COM_TIM14_IRQHandler
                0x08009ecc       0x10 CMakeFiles/ElectronBot-fw.elf.dir/Core/Src/stm32f4xx_it.c.obj
                0x08009ecc                TIM8_TRG_COM_TIM14_IRQHandler
 .text.DMA2_Stream2_IRQHandler
                0x08009edc       0x10 CMakeFiles/ElectronBot-fw.elf.dir/Core/Src/stm32f4xx_it.c.obj
                0x08009edc                DMA2_Stream2_IRQHandler
 .text.DMA2_Stream3_IRQHandler
                0x08009eec       0x10 CMakeFiles/ElectronBot-fw.elf.dir/Core/Src/stm32f4xx_it.c.obj
                0x08009eec                DMA2_Stream3_IRQHandler
 .text.DMA2_Stream7_IRQHandler
                0x08009efc       0x10 CMakeFiles/ElectronBot-fw.elf.dir/Core/Src/stm32f4xx_it.c.obj
                0x08009efc                DMA2_Stream7_IRQHandler
 .text.OTG_HS_EP1_OUT_IRQHandler
                0x08009f0c       0x10 CMakeFiles/ElectronBot-fw.elf.dir/Core/Src/stm32f4xx_it.c.obj
                0x08009f0c                OTG_HS_EP1_OUT_IRQHandler
 .text.OTG_HS_EP1_IN_IRQHandler
                0x08009f1c       0x10 CMakeFiles/ElectronBot-fw.elf.dir/Core/Src/stm32f4xx_it.c.obj
                0x08009f1c                OTG_HS_EP1_IN_IRQHandler
 .text.OTG_HS_IRQHandler
                0x08009f2c       0x10 CMakeFiles/ElectronBot-fw.elf.dir/Core/Src/stm32f4xx_it.c.obj
                0x08009f2c                OTG_HS_IRQHandler
 .text._getpid  0x08009f3c        0x4 CMakeFiles/ElectronBot-fw.elf.dir/Core/Src/syscalls.c.obj
                0x08009f3c                _getpid
 .text._kill    0x08009f40       0x10 CMakeFiles/ElectronBot-fw.elf.dir/Core/Src/syscalls.c.obj
                0x08009f40                _kill
 .text._exit    0x08009f50        0xc CMakeFiles/ElectronBot-fw.elf.dir/Core/Src/syscalls.c.obj
                0x08009f50                _exit
 .text._sbrk    0x08009f5c       0x3c CMakeFiles/ElectronBot-fw.elf.dir/Core/Src/syscalls.c.obj
                0x08009f5c                _sbrk
 .text.SystemInit
                0x08009f98       0x14 CMakeFiles/ElectronBot-fw.elf.dir/Core/Src/system_stm32f4xx.c.obj
                0x08009f98                SystemInit
 .text.MX_USART1_UART_Init
                0x08009fac       0x4c CMakeFiles/ElectronBot-fw.elf.dir/Core/Src/usart.c.obj
                0x08009fac                MX_USART1_UART_Init
 .text.HAL_UART_MspInit
                0x08009ff8      0x100 CMakeFiles/ElectronBot-fw.elf.dir/Core/Src/usart.c.obj
                0x08009ff8                HAL_UART_MspInit
 .text.HAL_Init
                0x0800a0f8       0x34 CMakeFiles/ElectronBot-fw.elf.dir/Drivers/STM32F4xx_HAL_Driver/Src/stm32f4xx_hal.c.obj
                0x0800a0f8                HAL_Init
 .text.HAL_IncTick
                0x0800a12c       0x18 CMakeFiles/ElectronBot-fw.elf.dir/Drivers/STM32F4xx_HAL_Driver/Src/stm32f4xx_hal.c.obj
                0x0800a12c                HAL_IncTick
 .text.HAL_GetTick
                0x0800a144        0xc CMakeFiles/ElectronBot-fw.elf.dir/Drivers/STM32F4xx_HAL_Driver/Src/stm32f4xx_hal.c.obj
                0x0800a144                HAL_GetTick
 .text.HAL_Delay
                0x0800a150       0x28 CMakeFiles/ElectronBot-fw.elf.dir/Drivers/STM32F4xx_HAL_Driver/Src/stm32f4xx_hal.c.obj
                0x0800a150                HAL_Delay
 .text.ADC_Init
                0x0800a178      0x134 CMakeFiles/ElectronBot-fw.elf.dir/Drivers/STM32F4xx_HAL_Driver/Src/stm32f4xx_hal_adc.c.obj
 .text.HAL_ADC_Init
                0x0800a2ac       0x56 CMakeFiles/ElectronBot-fw.elf.dir/Drivers/STM32F4xx_HAL_Driver/Src/stm32f4xx_hal_adc.c.obj
                0x0800a2ac                HAL_ADC_Init
 *fill*         0x0800a302        0x2 
 .text.HAL_ADC_ConfigChannel
                0x0800a304      0x190 CMakeFiles/ElectronBot-fw.elf.dir/Drivers/STM32F4xx_HAL_Driver/Src/stm32f4xx_hal_adc.c.obj
                0x0800a304                HAL_ADC_ConfigChannel
 .text.HAL_NVIC_SetPriorityGrouping
                0x0800a494       0x24 CMakeFiles/ElectronBot-fw.elf.dir/Drivers/STM32F4xx_HAL_Driver/Src/stm32f4xx_hal_cortex.c.obj
                0x0800a494                HAL_NVIC_SetPriorityGrouping
 .text.HAL_NVIC_SetPriority
                0x0800a4b8       0x68 CMakeFiles/ElectronBot-fw.elf.dir/Drivers/STM32F4xx_HAL_Driver/Src/stm32f4xx_hal_cortex.c.obj
                0x0800a4b8                HAL_NVIC_SetPriority
 .text.HAL_NVIC_EnableIRQ
                0x0800a520       0x1c CMakeFiles/ElectronBot-fw.elf.dir/Drivers/STM32F4xx_HAL_Driver/Src/stm32f4xx_hal_cortex.c.obj
                0x0800a520                HAL_NVIC_EnableIRQ
 .text.DMA_SetConfig
                0x0800a53c       0x2c CMakeFiles/ElectronBot-fw.elf.dir/Drivers/STM32F4xx_HAL_Driver/Src/stm32f4xx_hal_dma.c.obj
 .text.DMA_CalcBaseAndBitshift
                0x0800a568       0x44 CMakeFiles/ElectronBot-fw.elf.dir/Drivers/STM32F4xx_HAL_Driver/Src/stm32f4xx_hal_dma.c.obj
 .text.DMA_CheckFifoParam
                0x0800a5ac       0x8e CMakeFiles/ElectronBot-fw.elf.dir/Drivers/STM32F4xx_HAL_Driver/Src/stm32f4xx_hal_dma.c.obj
 *fill*         0x0800a63a        0x2 
 .text.HAL_DMA_Init
                0x0800a63c       0xcc CMakeFiles/ElectronBot-fw.elf.dir/Drivers/STM32F4xx_HAL_Driver/Src/stm32f4xx_hal_dma.c.obj
                0x0800a63c                HAL_DMA_Init
 .text.HAL_DMA_Start_IT
                0x0800a708       0x6a CMakeFiles/ElectronBot-fw.elf.dir/Drivers/STM32F4xx_HAL_Driver/Src/stm32f4xx_hal_dma.c.obj
                0x0800a708                HAL_DMA_Start_IT
 .text.HAL_DMA_Abort
                0x0800a772       0x94 CMakeFiles/ElectronBot-fw.elf.dir/Drivers/STM32F4xx_HAL_Driver/Src/stm32f4xx_hal_dma.c.obj
                0x0800a772                HAL_DMA_Abort
 .text.HAL_DMA_Abort_IT
                0x0800a806       0x26 CMakeFiles/ElectronBot-fw.elf.dir/Drivers/STM32F4xx_HAL_Driver/Src/stm32f4xx_hal_dma.c.obj
                0x0800a806                HAL_DMA_Abort_IT
 .text.HAL_DMA_IRQHandler
                0x0800a82c      0x1dc CMakeFiles/ElectronBot-fw.elf.dir/Drivers/STM32F4xx_HAL_Driver/Src/stm32f4xx_hal_dma.c.obj
                0x0800a82c                HAL_DMA_IRQHandler
 .text.HAL_GPIO_Init
                0x0800aa08      0x1d4 CMakeFiles/ElectronBot-fw.elf.dir/Drivers/STM32F4xx_HAL_Driver/Src/stm32f4xx_hal_gpio.c.obj
                0x0800aa08                HAL_GPIO_Init
 .text.HAL_GPIO_WritePin
                0x0800abdc        0xc CMakeFiles/ElectronBot-fw.elf.dir/Drivers/STM32F4xx_HAL_Driver/Src/stm32f4xx_hal_gpio.c.obj
                0x0800abdc                HAL_GPIO_WritePin
 .text.I2C_IsAcknowledgeFailed
                0x0800abe8       0x32 CMakeFiles/ElectronBot-fw.elf.dir/Drivers/STM32F4xx_HAL_Driver/Src/stm32f4xx_hal_i2c.c.obj
 .text.I2C_WaitOnFlagUntilTimeout
                0x0800ac1a       0x74 CMakeFiles/ElectronBot-fw.elf.dir/Drivers/STM32F4xx_HAL_Driver/Src/stm32f4xx_hal_i2c.c.obj
 .text.I2C_WaitOnMasterAddressFlagUntilTimeout
                0x0800ac8e       0xaa CMakeFiles/ElectronBot-fw.elf.dir/Drivers/STM32F4xx_HAL_Driver/Src/stm32f4xx_hal_i2c.c.obj
 .text.I2C_MasterRequestWrite
                0x0800ad38       0xb4 CMakeFiles/ElectronBot-fw.elf.dir/Drivers/STM32F4xx_HAL_Driver/Src/stm32f4xx_hal_i2c.c.obj
 .text.I2C_MasterRequestRead
                0x0800adec      0x120 CMakeFiles/ElectronBot-fw.elf.dir/Drivers/STM32F4xx_HAL_Driver/Src/stm32f4xx_hal_i2c.c.obj
 .text.I2C_WaitOnTXEFlagUntilTimeout
                0x0800af0c       0x54 CMakeFiles/ElectronBot-fw.elf.dir/Drivers/STM32F4xx_HAL_Driver/Src/stm32f4xx_hal_i2c.c.obj
 .text.I2C_WaitOnBTFFlagUntilTimeout
                0x0800af60       0x54 CMakeFiles/ElectronBot-fw.elf.dir/Drivers/STM32F4xx_HAL_Driver/Src/stm32f4xx_hal_i2c.c.obj
 .text.I2C_WaitOnRXNEFlagUntilTimeout
                0x0800afb4       0x6a CMakeFiles/ElectronBot-fw.elf.dir/Drivers/STM32F4xx_HAL_Driver/Src/stm32f4xx_hal_i2c.c.obj
 *fill*         0x0800b01e        0x2 
 .text.HAL_I2C_Init
                0x0800b020      0x1bc CMakeFiles/ElectronBot-fw.elf.dir/Drivers/STM32F4xx_HAL_Driver/Src/stm32f4xx_hal_i2c.c.obj
                0x0800b020                HAL_I2C_Init
 .text.HAL_I2C_Master_Transmit
                0x0800b1dc      0x178 CMakeFiles/ElectronBot-fw.elf.dir/Drivers/STM32F4xx_HAL_Driver/Src/stm32f4xx_hal_i2c.c.obj
                0x0800b1dc                HAL_I2C_Master_Transmit
 .text.HAL_I2C_Master_Receive
                0x0800b354      0x2e8 CMakeFiles/ElectronBot-fw.elf.dir/Drivers/STM32F4xx_HAL_Driver/Src/stm32f4xx_hal_i2c.c.obj
                0x0800b354                HAL_I2C_Master_Receive
 .text.PCD_WriteEmptyTxFifo
                0x0800b63c       0xd2 CMakeFiles/ElectronBot-fw.elf.dir/Drivers/STM32F4xx_HAL_Driver/Src/stm32f4xx_hal_pcd.c.obj
 .text.HAL_PCD_Init
                0x0800b70e      0x126 CMakeFiles/ElectronBot-fw.elf.dir/Drivers/STM32F4xx_HAL_Driver/Src/stm32f4xx_hal_pcd.c.obj
                0x0800b70e                HAL_PCD_Init
 .text.HAL_PCD_Start
                0x0800b834       0x42 CMakeFiles/ElectronBot-fw.elf.dir/Drivers/STM32F4xx_HAL_Driver/Src/stm32f4xx_hal_pcd.c.obj
                0x0800b834                HAL_PCD_Start
 *fill*         0x0800b876        0x2 
 .text.PCD_EP_OutXfrComplete_int
                0x0800b878       0xf8 CMakeFiles/ElectronBot-fw.elf.dir/Drivers/STM32F4xx_HAL_Driver/Src/stm32f4xx_hal_pcd.c.obj
 .text.PCD_EP_OutSetupPacket_int
                0x0800b970       0x50 CMakeFiles/ElectronBot-fw.elf.dir/Drivers/STM32F4xx_HAL_Driver/Src/stm32f4xx_hal_pcd.c.obj
 .text.HAL_PCD_IRQHandler
                0x0800b9c0      0x4ac CMakeFiles/ElectronBot-fw.elf.dir/Drivers/STM32F4xx_HAL_Driver/Src/stm32f4xx_hal_pcd.c.obj
                0x0800b9c0                HAL_PCD_IRQHandler
 .text.HAL_PCD_SetAddress
                0x0800be6c       0x28 CMakeFiles/ElectronBot-fw.elf.dir/Drivers/STM32F4xx_HAL_Driver/Src/stm32f4xx_hal_pcd.c.obj
                0x0800be6c                HAL_PCD_SetAddress
 .text.HAL_PCD_EP_Open
                0x0800be94       0x86 CMakeFiles/ElectronBot-fw.elf.dir/Drivers/STM32F4xx_HAL_Driver/Src/stm32f4xx_hal_pcd.c.obj
                0x0800be94                HAL_PCD_EP_Open
 .text.HAL_PCD_EP_Close
                0x0800bf1a       0x72 CMakeFiles/ElectronBot-fw.elf.dir/Drivers/STM32F4xx_HAL_Driver/Src/stm32f4xx_hal_pcd.c.obj
                0x0800bf1a                HAL_PCD_EP_Close
 .text.HAL_PCD_EP_Receive
                0x0800bf8c       0x5e CMakeFiles/ElectronBot-fw.elf.dir/Drivers/STM32F4xx_HAL_Driver/Src/stm32f4xx_hal_pcd.c.obj
                0x0800bf8c                HAL_PCD_EP_Receive
 .text.HAL_PCD_EP_GetRxCount
                0x0800bfea       0x12 CMakeFiles/ElectronBot-fw.elf.dir/Drivers/STM32F4xx_HAL_Driver/Src/stm32f4xx_hal_pcd.c.obj
                0x0800bfea                HAL_PCD_EP_GetRxCount
 .text.HAL_PCD_EP_Transmit
                0x0800bffc       0x56 CMakeFiles/ElectronBot-fw.elf.dir/Drivers/STM32F4xx_HAL_Driver/Src/stm32f4xx_hal_pcd.c.obj
                0x0800bffc                HAL_PCD_EP_Transmit
 .text.HAL_PCD_EP_SetStall
                0x0800c052       0x88 CMakeFiles/ElectronBot-fw.elf.dir/Drivers/STM32F4xx_HAL_Driver/Src/stm32f4xx_hal_pcd.c.obj
                0x0800c052                HAL_PCD_EP_SetStall
 .text.HAL_PCD_EP_ClrStall
                0x0800c0da       0x76 CMakeFiles/ElectronBot-fw.elf.dir/Drivers/STM32F4xx_HAL_Driver/Src/stm32f4xx_hal_pcd.c.obj
                0x0800c0da                HAL_PCD_EP_ClrStall
 .text.HAL_PCDEx_SetTxFiFo
                0x0800c150       0x48 CMakeFiles/ElectronBot-fw.elf.dir/Drivers/STM32F4xx_HAL_Driver/Src/stm32f4xx_hal_pcd_ex.c.obj
                0x0800c150                HAL_PCDEx_SetTxFiFo
 .text.HAL_PCDEx_SetRxFiFo
                0x0800c198        0x8 CMakeFiles/ElectronBot-fw.elf.dir/Drivers/STM32F4xx_HAL_Driver/Src/stm32f4xx_hal_pcd_ex.c.obj
                0x0800c198                HAL_PCDEx_SetRxFiFo
 .text.HAL_PCDEx_LPM_Callback
                0x0800c1a0        0x2 CMakeFiles/ElectronBot-fw.elf.dir/Drivers/STM32F4xx_HAL_Driver/Src/stm32f4xx_hal_pcd_ex.c.obj
                0x0800c1a0                HAL_PCDEx_LPM_Callback
 *fill*         0x0800c1a2        0x2 
 .text.HAL_RCC_OscConfig
                0x0800c1a4      0x3f8 CMakeFiles/ElectronBot-fw.elf.dir/Drivers/STM32F4xx_HAL_Driver/Src/stm32f4xx_hal_rcc.c.obj
                0x0800c1a4                HAL_RCC_OscConfig
 .text.HAL_RCC_GetSysClockFreq
                0x0800c59c       0xcc CMakeFiles/ElectronBot-fw.elf.dir/Drivers/STM32F4xx_HAL_Driver/Src/stm32f4xx_hal_rcc.c.obj
                0x0800c59c                HAL_RCC_GetSysClockFreq
 .text.HAL_RCC_ClockConfig
                0x0800c668      0x160 CMakeFiles/ElectronBot-fw.elf.dir/Drivers/STM32F4xx_HAL_Driver/Src/stm32f4xx_hal_rcc.c.obj
                0x0800c668                HAL_RCC_ClockConfig
 .text.HAL_RCC_GetHCLKFreq
                0x0800c7c8        0xc CMakeFiles/ElectronBot-fw.elf.dir/Drivers/STM32F4xx_HAL_Driver/Src/stm32f4xx_hal_rcc.c.obj
                0x0800c7c8                HAL_RCC_GetHCLKFreq
 .text.HAL_RCC_GetPCLK1Freq
                0x0800c7d4       0x20 CMakeFiles/ElectronBot-fw.elf.dir/Drivers/STM32F4xx_HAL_Driver/Src/stm32f4xx_hal_rcc.c.obj
                0x0800c7d4                HAL_RCC_GetPCLK1Freq
 .text.HAL_RCC_GetPCLK2Freq
                0x0800c7f4       0x20 CMakeFiles/ElectronBot-fw.elf.dir/Drivers/STM32F4xx_HAL_Driver/Src/stm32f4xx_hal_rcc.c.obj
                0x0800c7f4                HAL_RCC_GetPCLK2Freq
 .text.HAL_RCC_GetClockConfig
                0x0800c814       0x3c CMakeFiles/ElectronBot-fw.elf.dir/Drivers/STM32F4xx_HAL_Driver/Src/stm32f4xx_hal_rcc.c.obj
                0x0800c814                HAL_RCC_GetClockConfig
 .text.HAL_RCC_DeInit
                0x0800c850      0x13c CMakeFiles/ElectronBot-fw.elf.dir/Drivers/STM32F4xx_HAL_Driver/Src/stm32f4xx_hal_rcc_ex.c.obj
                0x0800c850                HAL_RCC_DeInit
 .text.SPI_WaitFlagStateUntilTimeout
                0x0800c98c       0xd0 CMakeFiles/ElectronBot-fw.elf.dir/Drivers/STM32F4xx_HAL_Driver/Src/stm32f4xx_hal_spi.c.obj
 .text.SPI_EndRxTxTransaction
                0x0800ca5c       0x68 CMakeFiles/ElectronBot-fw.elf.dir/Drivers/STM32F4xx_HAL_Driver/Src/stm32f4xx_hal_spi.c.obj
 .text.HAL_SPI_Init
                0x0800cac4       0xbe CMakeFiles/ElectronBot-fw.elf.dir/Drivers/STM32F4xx_HAL_Driver/Src/stm32f4xx_hal_spi.c.obj
                0x0800cac4                HAL_SPI_Init
 .text.HAL_SPI_Transmit
                0x0800cb82      0x1ae CMakeFiles/ElectronBot-fw.elf.dir/Drivers/STM32F4xx_HAL_Driver/Src/stm32f4xx_hal_spi.c.obj
                0x0800cb82                HAL_SPI_Transmit
 .text.HAL_SPI_Transmit_DMA
                0x0800cd30       0xe0 CMakeFiles/ElectronBot-fw.elf.dir/Drivers/STM32F4xx_HAL_Driver/Src/stm32f4xx_hal_spi.c.obj
                0x0800cd30                HAL_SPI_Transmit_DMA
 .text.HAL_SPI_TxHalfCpltCallback
                0x0800ce10        0x2 CMakeFiles/ElectronBot-fw.elf.dir/Drivers/STM32F4xx_HAL_Driver/Src/stm32f4xx_hal_spi.c.obj
                0x0800ce10                HAL_SPI_TxHalfCpltCallback
 .text.SPI_DMAHalfTransmitCplt
                0x0800ce12        0xa CMakeFiles/ElectronBot-fw.elf.dir/Drivers/STM32F4xx_HAL_Driver/Src/stm32f4xx_hal_spi.c.obj
 .text.HAL_SPI_ErrorCallback
                0x0800ce1c        0x2 CMakeFiles/ElectronBot-fw.elf.dir/Drivers/STM32F4xx_HAL_Driver/Src/stm32f4xx_hal_spi.c.obj
                0x0800ce1c                HAL_SPI_ErrorCallback
 .text.SPI_DMAError
                0x0800ce1e       0x22 CMakeFiles/ElectronBot-fw.elf.dir/Drivers/STM32F4xx_HAL_Driver/Src/stm32f4xx_hal_spi.c.obj
 .text.SPI_DMATransmitCplt
                0x0800ce40       0x70 CMakeFiles/ElectronBot-fw.elf.dir/Drivers/STM32F4xx_HAL_Driver/Src/stm32f4xx_hal_spi.c.obj
 .text.HAL_SPI_IRQHandler
                0x0800ceb0      0x124 CMakeFiles/ElectronBot-fw.elf.dir/Drivers/STM32F4xx_HAL_Driver/Src/stm32f4xx_hal_spi.c.obj
                0x0800ceb0                HAL_SPI_IRQHandler
 .text.SPI_DMAAbortOnError
                0x0800cfd4       0x10 CMakeFiles/ElectronBot-fw.elf.dir/Drivers/STM32F4xx_HAL_Driver/Src/stm32f4xx_hal_spi.c.obj
 .text.HAL_TIM_Base_MspInit
                0x0800cfe4        0x2 CMakeFiles/ElectronBot-fw.elf.dir/Drivers/STM32F4xx_HAL_Driver/Src/stm32f4xx_hal_tim.c.obj
                0x0800cfe4                HAL_TIM_Base_MspInit
 *fill*         0x0800cfe6        0x2 
 .text.HAL_TIM_Base_Start_IT
                0x0800cfe8       0x88 CMakeFiles/ElectronBot-fw.elf.dir/Drivers/STM32F4xx_HAL_Driver/Src/stm32f4xx_hal_tim.c.obj
                0x0800cfe8                HAL_TIM_Base_Start_IT
 .text.HAL_TIM_OC_DelayElapsedCallback
                0x0800d070        0x2 CMakeFiles/ElectronBot-fw.elf.dir/Drivers/STM32F4xx_HAL_Driver/Src/stm32f4xx_hal_tim.c.obj
                0x0800d070                HAL_TIM_OC_DelayElapsedCallback
 .text.HAL_TIM_IC_CaptureCallback
                0x0800d072        0x2 CMakeFiles/ElectronBot-fw.elf.dir/Drivers/STM32F4xx_HAL_Driver/Src/stm32f4xx_hal_tim.c.obj
                0x0800d072                HAL_TIM_IC_CaptureCallback
 .text.HAL_TIM_PWM_PulseFinishedCallback
                0x0800d074        0x2 CMakeFiles/ElectronBot-fw.elf.dir/Drivers/STM32F4xx_HAL_Driver/Src/stm32f4xx_hal_tim.c.obj
                0x0800d074                HAL_TIM_PWM_PulseFinishedCallback
 .text.HAL_TIM_TriggerCallback
                0x0800d076        0x2 CMakeFiles/ElectronBot-fw.elf.dir/Drivers/STM32F4xx_HAL_Driver/Src/stm32f4xx_hal_tim.c.obj
                0x0800d076                HAL_TIM_TriggerCallback
 .text.HAL_TIM_IRQHandler
                0x0800d078      0x17a CMakeFiles/ElectronBot-fw.elf.dir/Drivers/STM32F4xx_HAL_Driver/Src/stm32f4xx_hal_tim.c.obj
                0x0800d078                HAL_TIM_IRQHandler
 *fill*         0x0800d1f2        0x2 
 .text.TIM_Base_SetConfig
                0x0800d1f4       0xc8 CMakeFiles/ElectronBot-fw.elf.dir/Drivers/STM32F4xx_HAL_Driver/Src/stm32f4xx_hal_tim.c.obj
                0x0800d1f4                TIM_Base_SetConfig
 .text.HAL_TIM_Base_Init
                0x0800d2bc       0x58 CMakeFiles/ElectronBot-fw.elf.dir/Drivers/STM32F4xx_HAL_Driver/Src/stm32f4xx_hal_tim.c.obj
                0x0800d2bc                HAL_TIM_Base_Init
 .text.HAL_TIMEx_CommutCallback
                0x0800d314        0x2 CMakeFiles/ElectronBot-fw.elf.dir/Drivers/STM32F4xx_HAL_Driver/Src/stm32f4xx_hal_tim_ex.c.obj
                0x0800d314                HAL_TIMEx_CommutCallback
 .text.HAL_TIMEx_BreakCallback
                0x0800d316        0x2 CMakeFiles/ElectronBot-fw.elf.dir/Drivers/STM32F4xx_HAL_Driver/Src/stm32f4xx_hal_tim_ex.c.obj
                0x0800d316                HAL_TIMEx_BreakCallback
 .text.UART_EndTxTransfer
                0x0800d318       0x20 CMakeFiles/ElectronBot-fw.elf.dir/Drivers/STM32F4xx_HAL_Driver/Src/stm32f4xx_hal_uart.c.obj
 .text.UART_EndRxTransfer
                0x0800d338       0x5c CMakeFiles/ElectronBot-fw.elf.dir/Drivers/STM32F4xx_HAL_Driver/Src/stm32f4xx_hal_uart.c.obj
 .text.UART_Transmit_IT
                0x0800d394       0x60 CMakeFiles/ElectronBot-fw.elf.dir/Drivers/STM32F4xx_HAL_Driver/Src/stm32f4xx_hal_uart.c.obj
 .text.UART_SetConfig
                0x0800d3f4      0x11c CMakeFiles/ElectronBot-fw.elf.dir/Drivers/STM32F4xx_HAL_Driver/Src/stm32f4xx_hal_uart.c.obj
 .text.UART_WaitOnFlagUntilTimeout
                0x0800d510       0x84 CMakeFiles/ElectronBot-fw.elf.dir/Drivers/STM32F4xx_HAL_Driver/Src/stm32f4xx_hal_uart.c.obj
 .text.HAL_UART_Init
                0x0800d594       0x5e CMakeFiles/ElectronBot-fw.elf.dir/Drivers/STM32F4xx_HAL_Driver/Src/stm32f4xx_hal_uart.c.obj
                0x0800d594                HAL_UART_Init
 .text.HAL_UART_Receive
                0x0800d5f2       0xe4 CMakeFiles/ElectronBot-fw.elf.dir/Drivers/STM32F4xx_HAL_Driver/Src/stm32f4xx_hal_uart.c.obj
                0x0800d5f2                HAL_UART_Receive
 *fill*         0x0800d6d6        0x2 
 .text.HAL_UART_Transmit_DMA
                0x0800d6d8       0x9c CMakeFiles/ElectronBot-fw.elf.dir/Drivers/STM32F4xx_HAL_Driver/Src/stm32f4xx_hal_uart.c.obj
                0x0800d6d8                HAL_UART_Transmit_DMA
 .text.HAL_UART_TxCpltCallback
                0x0800d774        0x2 CMakeFiles/ElectronBot-fw.elf.dir/Drivers/STM32F4xx_HAL_Driver/Src/stm32f4xx_hal_uart.c.obj
                0x0800d774                HAL_UART_TxCpltCallback
 .text.UART_DMATransmitCplt
                0x0800d776       0x4c CMakeFiles/ElectronBot-fw.elf.dir/Drivers/STM32F4xx_HAL_Driver/Src/stm32f4xx_hal_uart.c.obj
 .text.UART_EndTransmit_IT
                0x0800d7c2       0x1a CMakeFiles/ElectronBot-fw.elf.dir/Drivers/STM32F4xx_HAL_Driver/Src/stm32f4xx_hal_uart.c.obj
 .text.HAL_UART_TxHalfCpltCallback
                0x0800d7dc        0x2 CMakeFiles/ElectronBot-fw.elf.dir/Drivers/STM32F4xx_HAL_Driver/Src/stm32f4xx_hal_uart.c.obj
                0x0800d7dc                HAL_UART_TxHalfCpltCallback
 .text.UART_DMATxHalfCplt
                0x0800d7de        0xa CMakeFiles/ElectronBot-fw.elf.dir/Drivers/STM32F4xx_HAL_Driver/Src/stm32f4xx_hal_uart.c.obj
 .text.HAL_UART_RxCpltCallback
                0x0800d7e8        0x2 CMakeFiles/ElectronBot-fw.elf.dir/Drivers/STM32F4xx_HAL_Driver/Src/stm32f4xx_hal_uart.c.obj
                0x0800d7e8                HAL_UART_RxCpltCallback
 .text.HAL_UART_RxHalfCpltCallback
                0x0800d7ea        0x2 CMakeFiles/ElectronBot-fw.elf.dir/Drivers/STM32F4xx_HAL_Driver/Src/stm32f4xx_hal_uart.c.obj
                0x0800d7ea                HAL_UART_RxHalfCpltCallback
 .text.HAL_UART_ErrorCallback
                0x0800d7ec        0x2 CMakeFiles/ElectronBot-fw.elf.dir/Drivers/STM32F4xx_HAL_Driver/Src/stm32f4xx_hal_uart.c.obj
                0x0800d7ec                HAL_UART_ErrorCallback
 .text.UART_DMAError
                0x0800d7ee       0x58 CMakeFiles/ElectronBot-fw.elf.dir/Drivers/STM32F4xx_HAL_Driver/Src/stm32f4xx_hal_uart.c.obj
 .text.UART_DMAAbortOnError
                0x0800d846       0x10 CMakeFiles/ElectronBot-fw.elf.dir/Drivers/STM32F4xx_HAL_Driver/Src/stm32f4xx_hal_uart.c.obj
 .text.HAL_UARTEx_RxEventCallback
                0x0800d856        0x2 CMakeFiles/ElectronBot-fw.elf.dir/Drivers/STM32F4xx_HAL_Driver/Src/stm32f4xx_hal_uart.c.obj
                0x0800d856                HAL_UARTEx_RxEventCallback
 .text.UART_Receive_IT
                0x0800d858       0xe2 CMakeFiles/ElectronBot-fw.elf.dir/Drivers/STM32F4xx_HAL_Driver/Src/stm32f4xx_hal_uart.c.obj
 *fill*         0x0800d93a        0x2 
 .text.HAL_UART_IRQHandler
                0x0800d93c      0x280 CMakeFiles/ElectronBot-fw.elf.dir/Drivers/STM32F4xx_HAL_Driver/Src/stm32f4xx_hal_uart.c.obj
                0x0800d93c                HAL_UART_IRQHandler
 .text.UART_DMARxHalfCplt
                0x0800dbbc       0x1a CMakeFiles/ElectronBot-fw.elf.dir/Drivers/STM32F4xx_HAL_Driver/Src/stm32f4xx_hal_uart.c.obj
 .text.UART_DMAReceiveCplt
                0x0800dbd6       0x96 CMakeFiles/ElectronBot-fw.elf.dir/Drivers/STM32F4xx_HAL_Driver/Src/stm32f4xx_hal_uart.c.obj
 .text.UART_Start_Receive_DMA
                0x0800dc6c       0xa4 CMakeFiles/ElectronBot-fw.elf.dir/Drivers/STM32F4xx_HAL_Driver/Src/stm32f4xx_hal_uart.c.obj
                0x0800dc6c                UART_Start_Receive_DMA
 .text.HAL_UART_Receive_DMA
                0x0800dd10       0x38 CMakeFiles/ElectronBot-fw.elf.dir/Drivers/STM32F4xx_HAL_Driver/Src/stm32f4xx_hal_uart.c.obj
                0x0800dd10                HAL_UART_Receive_DMA
 .text.USB_CoreReset
                0x0800dd48       0x4c CMakeFiles/ElectronBot-fw.elf.dir/Drivers/STM32F4xx_HAL_Driver/Src/stm32f4xx_ll_usb.c.obj
 .text.USB_CoreInit
                0x0800dd94       0x8a CMakeFiles/ElectronBot-fw.elf.dir/Drivers/STM32F4xx_HAL_Driver/Src/stm32f4xx_ll_usb.c.obj
                0x0800dd94                USB_CoreInit
 *fill*         0x0800de1e        0x2 
 .text.USB_SetTurnaroundTime
                0x0800de20       0xe4 CMakeFiles/ElectronBot-fw.elf.dir/Drivers/STM32F4xx_HAL_Driver/Src/stm32f4xx_ll_usb.c.obj
                0x0800de20                USB_SetTurnaroundTime
 .text.USB_EnableGlobalInt
                0x0800df04        0xc CMakeFiles/ElectronBot-fw.elf.dir/Drivers/STM32F4xx_HAL_Driver/Src/stm32f4xx_ll_usb.c.obj
                0x0800df04                USB_EnableGlobalInt
 .text.USB_DisableGlobalInt
                0x0800df10        0xc CMakeFiles/ElectronBot-fw.elf.dir/Drivers/STM32F4xx_HAL_Driver/Src/stm32f4xx_ll_usb.c.obj
                0x0800df10                USB_DisableGlobalInt
 .text.USB_FlushTxFifo
                0x0800df1c       0x30 CMakeFiles/ElectronBot-fw.elf.dir/Drivers/STM32F4xx_HAL_Driver/Src/stm32f4xx_ll_usb.c.obj
                0x0800df1c                USB_FlushTxFifo
 .text.USB_FlushRxFifo
                0x0800df4c       0x2c CMakeFiles/ElectronBot-fw.elf.dir/Drivers/STM32F4xx_HAL_Driver/Src/stm32f4xx_ll_usb.c.obj
                0x0800df4c                USB_FlushRxFifo
 .text.USB_SetDevSpeed
                0x0800df78        0xe CMakeFiles/ElectronBot-fw.elf.dir/Drivers/STM32F4xx_HAL_Driver/Src/stm32f4xx_ll_usb.c.obj
                0x0800df78                USB_SetDevSpeed
 *fill*         0x0800df86        0x2 
 .text.USB_DevInit
                0x0800df88      0x198 CMakeFiles/ElectronBot-fw.elf.dir/Drivers/STM32F4xx_HAL_Driver/Src/stm32f4xx_ll_usb.c.obj
                0x0800df88                USB_DevInit
 .text.USB_GetDevSpeed
                0x0800e120       0x22 CMakeFiles/ElectronBot-fw.elf.dir/Drivers/STM32F4xx_HAL_Driver/Src/stm32f4xx_ll_usb.c.obj
                0x0800e120                USB_GetDevSpeed
 .text.USB_ActivateEndpoint
                0x0800e142       0x94 CMakeFiles/ElectronBot-fw.elf.dir/Drivers/STM32F4xx_HAL_Driver/Src/stm32f4xx_ll_usb.c.obj
                0x0800e142                USB_ActivateEndpoint
 *fill*         0x0800e1d6        0x2 
 .text.USB_DeactivateEndpoint
                0x0800e1d8       0xdc CMakeFiles/ElectronBot-fw.elf.dir/Drivers/STM32F4xx_HAL_Driver/Src/stm32f4xx_ll_usb.c.obj
                0x0800e1d8                USB_DeactivateEndpoint
 .text.USB_EP0StartXfer
                0x0800e2b4      0x11c CMakeFiles/ElectronBot-fw.elf.dir/Drivers/STM32F4xx_HAL_Driver/Src/stm32f4xx_ll_usb.c.obj
                0x0800e2b4                USB_EP0StartXfer
 .text.USB_WritePacket
                0x0800e3d0       0x28 CMakeFiles/ElectronBot-fw.elf.dir/Drivers/STM32F4xx_HAL_Driver/Src/stm32f4xx_ll_usb.c.obj
                0x0800e3d0                USB_WritePacket
 .text.USB_EPStartXfer
                0x0800e3f8      0x218 CMakeFiles/ElectronBot-fw.elf.dir/Drivers/STM32F4xx_HAL_Driver/Src/stm32f4xx_ll_usb.c.obj
                0x0800e3f8                USB_EPStartXfer
 .text.USB_ReadPacket
                0x0800e610       0x4c CMakeFiles/ElectronBot-fw.elf.dir/Drivers/STM32F4xx_HAL_Driver/Src/stm32f4xx_ll_usb.c.obj
                0x0800e610                USB_ReadPacket
 .text.USB_EPSetStall
                0x0800e65c       0x5a CMakeFiles/ElectronBot-fw.elf.dir/Drivers/STM32F4xx_HAL_Driver/Src/stm32f4xx_ll_usb.c.obj
                0x0800e65c                USB_EPSetStall
 .text.USB_EPClearStall
                0x0800e6b6       0x5c CMakeFiles/ElectronBot-fw.elf.dir/Drivers/STM32F4xx_HAL_Driver/Src/stm32f4xx_ll_usb.c.obj
                0x0800e6b6                USB_EPClearStall
 .text.USB_SetDevAddress
                0x0800e712       0x20 CMakeFiles/ElectronBot-fw.elf.dir/Drivers/STM32F4xx_HAL_Driver/Src/stm32f4xx_ll_usb.c.obj
                0x0800e712                USB_SetDevAddress
 .text.USB_DevConnect
                0x0800e732       0x1c CMakeFiles/ElectronBot-fw.elf.dir/Drivers/STM32F4xx_HAL_Driver/Src/stm32f4xx_ll_usb.c.obj
                0x0800e732                USB_DevConnect
 .text.USB_DevDisconnect
                0x0800e74e       0x1c CMakeFiles/ElectronBot-fw.elf.dir/Drivers/STM32F4xx_HAL_Driver/Src/stm32f4xx_ll_usb.c.obj
                0x0800e74e                USB_DevDisconnect
 .text.USB_ReadInterrupts
                0x0800e76a        0x8 CMakeFiles/ElectronBot-fw.elf.dir/Drivers/STM32F4xx_HAL_Driver/Src/stm32f4xx_ll_usb.c.obj
                0x0800e76a                USB_ReadInterrupts
 .text.USB_ReadDevAllOutEpInterrupt
                0x0800e772       0x10 CMakeFiles/ElectronBot-fw.elf.dir/Drivers/STM32F4xx_HAL_Driver/Src/stm32f4xx_ll_usb.c.obj
                0x0800e772                USB_ReadDevAllOutEpInterrupt
 .text.USB_ReadDevAllInEpInterrupt
                0x0800e782       0x10 CMakeFiles/ElectronBot-fw.elf.dir/Drivers/STM32F4xx_HAL_Driver/Src/stm32f4xx_ll_usb.c.obj
                0x0800e782                USB_ReadDevAllInEpInterrupt
 .text.USB_ReadDevOutEPInterrupt
                0x0800e792       0x12 CMakeFiles/ElectronBot-fw.elf.dir/Drivers/STM32F4xx_HAL_Driver/Src/stm32f4xx_ll_usb.c.obj
                0x0800e792                USB_ReadDevOutEPInterrupt
 .text.USB_ReadDevInEPInterrupt
                0x0800e7a4       0x28 CMakeFiles/ElectronBot-fw.elf.dir/Drivers/STM32F4xx_HAL_Driver/Src/stm32f4xx_ll_usb.c.obj
                0x0800e7a4                USB_ReadDevInEPInterrupt
 .text.USB_GetMode
                0x0800e7cc        0x8 CMakeFiles/ElectronBot-fw.elf.dir/Drivers/STM32F4xx_HAL_Driver/Src/stm32f4xx_ll_usb.c.obj
                0x0800e7cc                USB_GetMode
 .text.USB_SetCurrentMode
                0x0800e7d4       0x62 CMakeFiles/ElectronBot-fw.elf.dir/Drivers/STM32F4xx_HAL_Driver/Src/stm32f4xx_ll_usb.c.obj
                0x0800e7d4                USB_SetCurrentMode
 .text.USB_ActivateSetup
                0x0800e836       0x20 CMakeFiles/ElectronBot-fw.elf.dir/Drivers/STM32F4xx_HAL_Driver/Src/stm32f4xx_ll_usb.c.obj
                0x0800e836                USB_ActivateSetup
 *fill*         0x0800e856        0x2 
 .text.USB_EP0_OutStart
                0x0800e858       0x60 CMakeFiles/ElectronBot-fw.elf.dir/Drivers/STM32F4xx_HAL_Driver/Src/stm32f4xx_ll_usb.c.obj
                0x0800e858                USB_EP0_OutStart
 .text.USBD_CDC_EP0_RxReady
                0x0800e8b8       0x36 CMakeFiles/ElectronBot-fw.elf.dir/Middlewares/ST/STM32_USB_Device_Library/Class/CDC/Src/usbd_cdc.c.obj
 *fill*         0x0800e8ee        0x2 
 .text.USBD_CDC_GetFSCfgDesc
                0x0800e8f0        0xc CMakeFiles/ElectronBot-fw.elf.dir/Middlewares/ST/STM32_USB_Device_Library/Class/CDC/Src/usbd_cdc.c.obj
 .text.USBD_CDC_GetHSCfgDesc
                0x0800e8fc        0xc CMakeFiles/ElectronBot-fw.elf.dir/Middlewares/ST/STM32_USB_Device_Library/Class/CDC/Src/usbd_cdc.c.obj
 .text.USBD_CDC_GetOtherSpeedCfgDesc
                0x0800e908        0xc CMakeFiles/ElectronBot-fw.elf.dir/Middlewares/ST/STM32_USB_Device_Library/Class/CDC/Src/usbd_cdc.c.obj
 .text.USBD_CDC_GetDeviceQualifierDescriptor
                0x0800e914        0xc CMakeFiles/ElectronBot-fw.elf.dir/Middlewares/ST/STM32_USB_Device_Library/Class/CDC/Src/usbd_cdc.c.obj
                0x0800e914                USBD_CDC_GetDeviceQualifierDescriptor
 .text.USBD_CDC_DataOut
                0x0800e920       0x2a CMakeFiles/ElectronBot-fw.elf.dir/Middlewares/ST/STM32_USB_Device_Library/Class/CDC/Src/usbd_cdc.c.obj
 .text.USBD_CDC_DataIn
                0x0800e94a       0x6a CMakeFiles/ElectronBot-fw.elf.dir/Middlewares/ST/STM32_USB_Device_Library/Class/CDC/Src/usbd_cdc.c.obj
 .text.USBD_CDC_Setup
                0x0800e9b4       0xf4 CMakeFiles/ElectronBot-fw.elf.dir/Middlewares/ST/STM32_USB_Device_Library/Class/CDC/Src/usbd_cdc.c.obj
 .text.USBD_CDC_DeInit
                0x0800eaa8       0x48 CMakeFiles/ElectronBot-fw.elf.dir/Middlewares/ST/STM32_USB_Device_Library/Class/CDC/Src/usbd_cdc.c.obj
 .text.USBD_CDC_Init
                0x0800eaf0       0xc2 CMakeFiles/ElectronBot-fw.elf.dir/Middlewares/ST/STM32_USB_Device_Library/Class/CDC/Src/usbd_cdc.c.obj
 .text.USBD_CDC_RegisterInterface
                0x0800ebb2        0xe CMakeFiles/ElectronBot-fw.elf.dir/Middlewares/ST/STM32_USB_Device_Library/Class/CDC/Src/usbd_cdc.c.obj
                0x0800ebb2                USBD_CDC_RegisterInterface
 .text.USBD_CDC_SetTxBuffer
                0x0800ebc0       0x16 CMakeFiles/ElectronBot-fw.elf.dir/Middlewares/ST/STM32_USB_Device_Library/Class/CDC/Src/usbd_cdc.c.obj
                0x0800ebc0                USBD_CDC_SetTxBuffer
 .text.USBD_CDC_SetRxBuffer
                0x0800ebd6       0x12 CMakeFiles/ElectronBot-fw.elf.dir/Middlewares/ST/STM32_USB_Device_Library/Class/CDC/Src/usbd_cdc.c.obj
                0x0800ebd6                USBD_CDC_SetRxBuffer
 .text.USBD_CDC_TransmitPacket
                0x0800ebe8       0x34 CMakeFiles/ElectronBot-fw.elf.dir/Middlewares/ST/STM32_USB_Device_Library/Class/CDC/Src/usbd_cdc.c.obj
                0x0800ebe8                USBD_CDC_TransmitPacket
 .text.USBD_Init
                0x0800ec1c       0x2e CMakeFiles/ElectronBot-fw.elf.dir/Middlewares/ST/STM32_USB_Device_Library/Core/Src/usbd_core.c.obj
                0x0800ec1c                USBD_Init
 .text.USBD_RegisterClass
                0x0800ec4a       0x2e CMakeFiles/ElectronBot-fw.elf.dir/Middlewares/ST/STM32_USB_Device_Library/Core/Src/usbd_core.c.obj
                0x0800ec4a                USBD_RegisterClass
 .text.USBD_Start
                0x0800ec78        0x8 CMakeFiles/ElectronBot-fw.elf.dir/Middlewares/ST/STM32_USB_Device_Library/Core/Src/usbd_core.c.obj
                0x0800ec78                USBD_Start
 .text.USBD_SetClassConfig
                0x0800ec80       0x12 CMakeFiles/ElectronBot-fw.elf.dir/Middlewares/ST/STM32_USB_Device_Library/Core/Src/usbd_core.c.obj
                0x0800ec80                USBD_SetClassConfig
 .text.USBD_ClrClassConfig
                0x0800ec92       0x10 CMakeFiles/ElectronBot-fw.elf.dir/Middlewares/ST/STM32_USB_Device_Library/Core/Src/usbd_core.c.obj
                0x0800ec92                USBD_ClrClassConfig
 .text.USBD_LL_SetupStage
                0x0800eca2       0x58 CMakeFiles/ElectronBot-fw.elf.dir/Middlewares/ST/STM32_USB_Device_Library/Core/Src/usbd_core.c.obj
                0x0800eca2                USBD_LL_SetupStage
 .text.USBD_LL_DataOutStage
                0x0800ecfa       0x78 CMakeFiles/ElectronBot-fw.elf.dir/Middlewares/ST/STM32_USB_Device_Library/Core/Src/usbd_core.c.obj
                0x0800ecfa                USBD_LL_DataOutStage
 .text.USBD_LL_DataInStage
                0x0800ed72       0xbe CMakeFiles/ElectronBot-fw.elf.dir/Middlewares/ST/STM32_USB_Device_Library/Core/Src/usbd_core.c.obj
                0x0800ed72                USBD_LL_DataInStage
 .text.USBD_LL_Reset
                0x0800ee30       0x5a CMakeFiles/ElectronBot-fw.elf.dir/Middlewares/ST/STM32_USB_Device_Library/Core/Src/usbd_core.c.obj
                0x0800ee30                USBD_LL_Reset
 .text.USBD_LL_SetSpeed
                0x0800ee8a        0x6 CMakeFiles/ElectronBot-fw.elf.dir/Middlewares/ST/STM32_USB_Device_Library/Core/Src/usbd_core.c.obj
                0x0800ee8a                USBD_LL_SetSpeed
 .text.USBD_LL_Suspend
                0x0800ee90       0x14 CMakeFiles/ElectronBot-fw.elf.dir/Middlewares/ST/STM32_USB_Device_Library/Core/Src/usbd_core.c.obj
                0x0800ee90                USBD_LL_Suspend
 .text.USBD_LL_Resume
                0x0800eea4       0x1a CMakeFiles/ElectronBot-fw.elf.dir/Middlewares/ST/STM32_USB_Device_Library/Core/Src/usbd_core.c.obj
                0x0800eea4                USBD_LL_Resume
 .text.USBD_LL_SOF
                0x0800eebe       0x28 CMakeFiles/ElectronBot-fw.elf.dir/Middlewares/ST/STM32_USB_Device_Library/Core/Src/usbd_core.c.obj
                0x0800eebe                USBD_LL_SOF
 .text.USBD_LL_IsoINIncomplete
                0x0800eee6       0x28 CMakeFiles/ElectronBot-fw.elf.dir/Middlewares/ST/STM32_USB_Device_Library/Core/Src/usbd_core.c.obj
                0x0800eee6                USBD_LL_IsoINIncomplete
 .text.USBD_LL_IsoOUTIncomplete
                0x0800ef0e       0x28 CMakeFiles/ElectronBot-fw.elf.dir/Middlewares/ST/STM32_USB_Device_Library/Core/Src/usbd_core.c.obj
                0x0800ef0e                USBD_LL_IsoOUTIncomplete
 .text.USBD_LL_DevConnected
                0x0800ef36        0x4 CMakeFiles/ElectronBot-fw.elf.dir/Middlewares/ST/STM32_USB_Device_Library/Core/Src/usbd_core.c.obj
                0x0800ef36                USBD_LL_DevConnected
 .text.USBD_LL_DevDisconnected
                0x0800ef3a       0x18 CMakeFiles/ElectronBot-fw.elf.dir/Middlewares/ST/STM32_USB_Device_Library/Core/Src/usbd_core.c.obj
                0x0800ef3a                USBD_LL_DevDisconnected
 .text.USBD_GetLen
                0x0800ef52       0x12 CMakeFiles/ElectronBot-fw.elf.dir/Middlewares/ST/STM32_USB_Device_Library/Core/Src/usbd_ctlreq.c.obj
 .text.USBD_SetFeature
                0x0800ef64       0x14 CMakeFiles/ElectronBot-fw.elf.dir/Middlewares/ST/STM32_USB_Device_Library/Core/Src/usbd_ctlreq.c.obj
 .text.USBD_ParseSetupRequest
                0x0800ef78       0x28 CMakeFiles/ElectronBot-fw.elf.dir/Middlewares/ST/STM32_USB_Device_Library/Core/Src/usbd_ctlreq.c.obj
                0x0800ef78                USBD_ParseSetupRequest
 .text.USBD_CtlError
                0x0800efa0       0x14 CMakeFiles/ElectronBot-fw.elf.dir/Middlewares/ST/STM32_USB_Device_Library/Core/Src/usbd_ctlreq.c.obj
                0x0800efa0                USBD_CtlError
 .text.USBD_GetDescriptor
                0x0800efb4      0x18a CMakeFiles/ElectronBot-fw.elf.dir/Middlewares/ST/STM32_USB_Device_Library/Core/Src/usbd_ctlreq.c.obj
 .text.USBD_SetAddress
                0x0800f13e       0x50 CMakeFiles/ElectronBot-fw.elf.dir/Middlewares/ST/STM32_USB_Device_Library/Core/Src/usbd_ctlreq.c.obj
 *fill*         0x0800f18e        0x2 
 .text.USBD_SetConfig
                0x0800f190       0xc8 CMakeFiles/ElectronBot-fw.elf.dir/Middlewares/ST/STM32_USB_Device_Library/Core/Src/usbd_ctlreq.c.obj
 .text.USBD_GetConfig
                0x0800f258       0x40 CMakeFiles/ElectronBot-fw.elf.dir/Middlewares/ST/STM32_USB_Device_Library/Core/Src/usbd_ctlreq.c.obj
 .text.USBD_GetStatus
                0x0800f298       0x38 CMakeFiles/ElectronBot-fw.elf.dir/Middlewares/ST/STM32_USB_Device_Library/Core/Src/usbd_ctlreq.c.obj
 .text.USBD_ClrFeature
                0x0800f2d0       0x26 CMakeFiles/ElectronBot-fw.elf.dir/Middlewares/ST/STM32_USB_Device_Library/Core/Src/usbd_ctlreq.c.obj
 .text.USBD_StdDevReq
                0x0800f2f6       0x70 CMakeFiles/ElectronBot-fw.elf.dir/Middlewares/ST/STM32_USB_Device_Library/Core/Src/usbd_ctlreq.c.obj
                0x0800f2f6                USBD_StdDevReq
 .text.USBD_StdItfReq
                0x0800f366       0x68 CMakeFiles/ElectronBot-fw.elf.dir/Middlewares/ST/STM32_USB_Device_Library/Core/Src/usbd_ctlreq.c.obj
                0x0800f366                USBD_StdItfReq
 .text.USBD_StdEPReq
                0x0800f3ce      0x1ec CMakeFiles/ElectronBot-fw.elf.dir/Middlewares/ST/STM32_USB_Device_Library/Core/Src/usbd_ctlreq.c.obj
                0x0800f3ce                USBD_StdEPReq
 .text.USBD_GetString
                0x0800f5ba       0x36 CMakeFiles/ElectronBot-fw.elf.dir/Middlewares/ST/STM32_USB_Device_Library/Core/Src/usbd_ctlreq.c.obj
                0x0800f5ba                USBD_GetString
 .text.USBD_CtlSendData
                0x0800f5f0       0x1a CMakeFiles/ElectronBot-fw.elf.dir/Middlewares/ST/STM32_USB_Device_Library/Core/Src/usbd_ioreq.c.obj
                0x0800f5f0                USBD_CtlSendData
 .text.USBD_CtlContinueSendData
                0x0800f60a       0x10 CMakeFiles/ElectronBot-fw.elf.dir/Middlewares/ST/STM32_USB_Device_Library/Core/Src/usbd_ioreq.c.obj
                0x0800f60a                USBD_CtlContinueSendData
 .text.USBD_CtlPrepareRx
                0x0800f61a       0x1e CMakeFiles/ElectronBot-fw.elf.dir/Middlewares/ST/STM32_USB_Device_Library/Core/Src/usbd_ioreq.c.obj
                0x0800f61a                USBD_CtlPrepareRx
 .text.USBD_CtlContinueRx
                0x0800f638       0x10 CMakeFiles/ElectronBot-fw.elf.dir/Middlewares/ST/STM32_USB_Device_Library/Core/Src/usbd_ioreq.c.obj
                0x0800f638                USBD_CtlContinueRx
 .text.USBD_CtlSendStatus
                0x0800f648       0x16 CMakeFiles/ElectronBot-fw.elf.dir/Middlewares/ST/STM32_USB_Device_Library/Core/Src/usbd_ioreq.c.obj
                0x0800f648                USBD_CtlSendStatus
 .text.USBD_CtlReceiveStatus
                0x0800f65e       0x16 CMakeFiles/ElectronBot-fw.elf.dir/Middlewares/ST/STM32_USB_Device_Library/Core/Src/usbd_ioreq.c.obj
                0x0800f65e                USBD_CtlReceiveStatus
 .text.SysTick_Handler
                0x0800f674       0x1c CMakeFiles/ElectronBot-fw.elf.dir/Middlewares/Third_Party/FreeRTOS/Source/CMSIS_RTOS_V2/cmsis_os2.c.obj
                0x0800f674                SysTick_Handler
 .text.osKernelInitialize
                0x0800f690       0x24 CMakeFiles/ElectronBot-fw.elf.dir/Middlewares/Third_Party/FreeRTOS/Source/CMSIS_RTOS_V2/cmsis_os2.c.obj
                0x0800f690                osKernelInitialize
 .text.osKernelStart
                0x0800f6b4       0x38 CMakeFiles/ElectronBot-fw.elf.dir/Middlewares/Third_Party/FreeRTOS/Source/CMSIS_RTOS_V2/cmsis_os2.c.obj
                0x0800f6b4                osKernelStart
 .text.osThreadNew
                0x0800f6ec       0xbc CMakeFiles/ElectronBot-fw.elf.dir/Middlewares/Third_Party/FreeRTOS/Source/CMSIS_RTOS_V2/cmsis_os2.c.obj
                0x0800f6ec                osThreadNew
 .text.vApplicationGetIdleTaskMemory
                0x0800f7a8       0x18 CMakeFiles/ElectronBot-fw.elf.dir/Middlewares/Third_Party/FreeRTOS/Source/CMSIS_RTOS_V2/cmsis_os2.c.obj
                0x0800f7a8                vApplicationGetIdleTaskMemory
 .text.vApplicationGetTimerTaskMemory
                0x0800f7c0       0x18 CMakeFiles/ElectronBot-fw.elf.dir/Middlewares/Third_Party/FreeRTOS/Source/CMSIS_RTOS_V2/cmsis_os2.c.obj
                0x0800f7c0                vApplicationGetTimerTaskMemory
 .text.vListInitialise
                0x0800f7d8       0x16 CMakeFiles/ElectronBot-fw.elf.dir/Middlewares/Third_Party/FreeRTOS/Source/list.c.obj
                0x0800f7d8                vListInitialise
 .text.vListInitialiseItem
                0x0800f7ee        0x6 CMakeFiles/ElectronBot-fw.elf.dir/Middlewares/Third_Party/FreeRTOS/Source/list.c.obj
                0x0800f7ee                vListInitialiseItem
 .text.vListInsertEnd
                0x0800f7f4       0x16 CMakeFiles/ElectronBot-fw.elf.dir/Middlewares/Third_Party/FreeRTOS/Source/list.c.obj
                0x0800f7f4                vListInsertEnd
 .text.vListInsert
                0x0800f80a       0x32 CMakeFiles/ElectronBot-fw.elf.dir/Middlewares/Third_Party/FreeRTOS/Source/list.c.obj
                0x0800f80a                vListInsert
 .text.uxListRemove
                0x0800f83c       0x26 CMakeFiles/ElectronBot-fw.elf.dir/Middlewares/Third_Party/FreeRTOS/Source/list.c.obj
                0x0800f83c                uxListRemove
 *fill*         0x0800f862        0x2 
 .text.prvTaskExitError
                0x0800f864       0x40 CMakeFiles/ElectronBot-fw.elf.dir/Middlewares/Third_Party/FreeRTOS/Source/portable/GCC/ARM_CM4F/port.c.obj
 .text.prvPortStartFirstTask
                0x0800f8a4       0x28 CMakeFiles/ElectronBot-fw.elf.dir/Middlewares/Third_Party/FreeRTOS/Source/portable/GCC/ARM_CM4F/port.c.obj
 .text.vPortEnableVFP
                0x0800f8cc       0x14 CMakeFiles/ElectronBot-fw.elf.dir/Middlewares/Third_Party/FreeRTOS/Source/portable/GCC/ARM_CM4F/port.c.obj
 .text.pxPortInitialiseStack
                0x0800f8e0       0x2c CMakeFiles/ElectronBot-fw.elf.dir/Middlewares/Third_Party/FreeRTOS/Source/portable/GCC/ARM_CM4F/port.c.obj
                0x0800f8e0                pxPortInitialiseStack
 *fill*         0x0800f90c        0x4 
 .text.SVC_Handler
                0x0800f910       0x24 CMakeFiles/ElectronBot-fw.elf.dir/Middlewares/Third_Party/FreeRTOS/Source/portable/GCC/ARM_CM4F/port.c.obj
                0x0800f910                SVC_Handler
 .text.vPortEnterCritical
                0x0800f934       0x44 CMakeFiles/ElectronBot-fw.elf.dir/Middlewares/Third_Party/FreeRTOS/Source/portable/GCC/ARM_CM4F/port.c.obj
                0x0800f934                vPortEnterCritical
 .text.vPortExitCritical
                0x0800f978       0x2c CMakeFiles/ElectronBot-fw.elf.dir/Middlewares/Third_Party/FreeRTOS/Source/portable/GCC/ARM_CM4F/port.c.obj
                0x0800f978                vPortExitCritical
 *fill*         0x0800f9a4        0xc 
 .text.PendSV_Handler
                0x0800f9b0       0x64 CMakeFiles/ElectronBot-fw.elf.dir/Middlewares/Third_Party/FreeRTOS/Source/portable/GCC/ARM_CM4F/port.c.obj
                0x0800f9b0                PendSV_Handler
 .text.xPortSysTickHandler
                0x0800fa14       0x2c CMakeFiles/ElectronBot-fw.elf.dir/Middlewares/Third_Party/FreeRTOS/Source/portable/GCC/ARM_CM4F/port.c.obj
                0x0800fa14                xPortSysTickHandler
 .text.vPortSetupTimerInterrupt
                0x0800fa40       0x38 CMakeFiles/ElectronBot-fw.elf.dir/Middlewares/Third_Party/FreeRTOS/Source/portable/GCC/ARM_CM4F/port.c.obj
                0x0800fa40                vPortSetupTimerInterrupt
 .text.xPortStartScheduler
                0x0800fa78      0x110 CMakeFiles/ElectronBot-fw.elf.dir/Middlewares/Third_Party/FreeRTOS/Source/portable/GCC/ARM_CM4F/port.c.obj
                0x0800fa78                xPortStartScheduler
 .text.vPortValidateInterruptPriority
                0x0800fb88       0x5c CMakeFiles/ElectronBot-fw.elf.dir/Middlewares/Third_Party/FreeRTOS/Source/portable/GCC/ARM_CM4F/port.c.obj
                0x0800fb88                vPortValidateInterruptPriority
 .text.prvHeapInit
                0x0800fbe4       0x68 CMakeFiles/ElectronBot-fw.elf.dir/Middlewares/Third_Party/FreeRTOS/Source/portable/MemMang/heap_4.c.obj
 .text.prvInsertBlockIntoFreeList
                0x0800fc4c       0x58 CMakeFiles/ElectronBot-fw.elf.dir/Middlewares/Third_Party/FreeRTOS/Source/portable/MemMang/heap_4.c.obj
 .text.pvPortMalloc
                0x0800fca4       0xfc CMakeFiles/ElectronBot-fw.elf.dir/Middlewares/Third_Party/FreeRTOS/Source/portable/MemMang/heap_4.c.obj
                0x0800fca4                pvPortMalloc
 .text.vPortFree
                0x0800fda0       0x7c CMakeFiles/ElectronBot-fw.elf.dir/Middlewares/Third_Party/FreeRTOS/Source/portable/MemMang/heap_4.c.obj
                0x0800fda0                vPortFree
 .text.prvIsQueueFull
                0x0800fe1c       0x1e CMakeFiles/ElectronBot-fw.elf.dir/Middlewares/Third_Party/FreeRTOS/Source/queue.c.obj
 .text.prvIsQueueEmpty
                0x0800fe3a       0x1a CMakeFiles/ElectronBot-fw.elf.dir/Middlewares/Third_Party/FreeRTOS/Source/queue.c.obj
 .text.prvCopyDataToQueue
                0x0800fe54       0x76 CMakeFiles/ElectronBot-fw.elf.dir/Middlewares/Third_Party/FreeRTOS/Source/queue.c.obj
 .text.prvCopyDataFromQueue
                0x0800feca       0x24 CMakeFiles/ElectronBot-fw.elf.dir/Middlewares/Third_Party/FreeRTOS/Source/queue.c.obj
 .text.prvUnlockQueue
                0x0800feee       0x6e CMakeFiles/ElectronBot-fw.elf.dir/Middlewares/Third_Party/FreeRTOS/Source/queue.c.obj
 .text.xQueueGenericReset
                0x0800ff5c       0x84 CMakeFiles/ElectronBot-fw.elf.dir/Middlewares/Third_Party/FreeRTOS/Source/queue.c.obj
                0x0800ff5c                xQueueGenericReset
 .text.prvInitialiseNewQueue
                0x0800ffe0       0x22 CMakeFiles/ElectronBot-fw.elf.dir/Middlewares/Third_Party/FreeRTOS/Source/queue.c.obj
 .text.xQueueGenericCreateStatic
                0x08010002       0x94 CMakeFiles/ElectronBot-fw.elf.dir/Middlewares/Third_Party/FreeRTOS/Source/queue.c.obj
                0x08010002                xQueueGenericCreateStatic
 *fill*         0x08010096        0x2 
 .text.xQueueGenericSend
                0x08010098      0x180 CMakeFiles/ElectronBot-fw.elf.dir/Middlewares/Third_Party/FreeRTOS/Source/queue.c.obj
                0x08010098                xQueueGenericSend
 .text.xQueueGenericSendFromISR
                0x08010218       0xd0 CMakeFiles/ElectronBot-fw.elf.dir/Middlewares/Third_Party/FreeRTOS/Source/queue.c.obj
                0x08010218                xQueueGenericSendFromISR
 .text.xQueueReceive
                0x080102e8      0x15c CMakeFiles/ElectronBot-fw.elf.dir/Middlewares/Third_Party/FreeRTOS/Source/queue.c.obj
                0x080102e8                xQueueReceive
 .text.vQueueAddToRegistry
                0x08010444       0x28 CMakeFiles/ElectronBot-fw.elf.dir/Middlewares/Third_Party/FreeRTOS/Source/queue.c.obj
                0x08010444                vQueueAddToRegistry
 .text.vQueueWaitForMessageRestricted
                0x0801046c       0x52 CMakeFiles/ElectronBot-fw.elf.dir/Middlewares/Third_Party/FreeRTOS/Source/queue.c.obj
                0x0801046c                vQueueWaitForMessageRestricted
 *fill*         0x080104be        0x2 
 .text.prvResetNextTaskUnblockTime
                0x080104c0       0x2c CMakeFiles/ElectronBot-fw.elf.dir/Middlewares/Third_Party/FreeRTOS/Source/tasks.c.obj
 .text.prvInitialiseNewTask
                0x080104ec       0x9a CMakeFiles/ElectronBot-fw.elf.dir/Middlewares/Third_Party/FreeRTOS/Source/tasks.c.obj
 *fill*         0x08010586        0x2 
 .text.prvInitialiseTaskLists
                0x08010588       0x68 CMakeFiles/ElectronBot-fw.elf.dir/Middlewares/Third_Party/FreeRTOS/Source/tasks.c.obj
 .text.prvAddNewTaskToReadyList
                0x080105f0       0xac CMakeFiles/ElectronBot-fw.elf.dir/Middlewares/Third_Party/FreeRTOS/Source/tasks.c.obj
 .text.prvDeleteTCB
                0x0801069c       0x38 CMakeFiles/ElectronBot-fw.elf.dir/Middlewares/Third_Party/FreeRTOS/Source/tasks.c.obj
 .text.prvCheckTasksWaitingTermination
                0x080106d4       0x4c CMakeFiles/ElectronBot-fw.elf.dir/Middlewares/Third_Party/FreeRTOS/Source/tasks.c.obj
 .text.prvIdleTask
                0x08010720       0x28 CMakeFiles/ElectronBot-fw.elf.dir/Middlewares/Third_Party/FreeRTOS/Source/tasks.c.obj
 .text.prvAddCurrentTaskToDelayedList
                0x08010748       0x7c CMakeFiles/ElectronBot-fw.elf.dir/Middlewares/Third_Party/FreeRTOS/Source/tasks.c.obj
 .text.xTaskCreateStatic
                0x080107c4       0x74 CMakeFiles/ElectronBot-fw.elf.dir/Middlewares/Third_Party/FreeRTOS/Source/tasks.c.obj
                0x080107c4                xTaskCreateStatic
 .text.xTaskCreate
                0x08010838       0x68 CMakeFiles/ElectronBot-fw.elf.dir/Middlewares/Third_Party/FreeRTOS/Source/tasks.c.obj
                0x08010838                xTaskCreate
 .text.vTaskDelete
                0x080108a0       0xb8 CMakeFiles/ElectronBot-fw.elf.dir/Middlewares/Third_Party/FreeRTOS/Source/tasks.c.obj
                0x080108a0                vTaskDelete
 .text.vTaskStartScheduler
                0x08010958       0x94 CMakeFiles/ElectronBot-fw.elf.dir/Middlewares/Third_Party/FreeRTOS/Source/tasks.c.obj
                0x08010958                vTaskStartScheduler
 .text.vTaskSuspendAll
                0x080109ec       0x10 CMakeFiles/ElectronBot-fw.elf.dir/Middlewares/Third_Party/FreeRTOS/Source/tasks.c.obj
                0x080109ec                vTaskSuspendAll
 .text.xTaskGetTickCount
                0x080109fc        0xc CMakeFiles/ElectronBot-fw.elf.dir/Middlewares/Third_Party/FreeRTOS/Source/tasks.c.obj
                0x080109fc                xTaskGetTickCount
 .text.xTaskIncrementTick
                0x08010a08      0x11c CMakeFiles/ElectronBot-fw.elf.dir/Middlewares/Third_Party/FreeRTOS/Source/tasks.c.obj
                0x08010a08                xTaskIncrementTick
 .text.xTaskResumeAll
                0x08010b24       0xf8 CMakeFiles/ElectronBot-fw.elf.dir/Middlewares/Third_Party/FreeRTOS/Source/tasks.c.obj
                0x08010b24                xTaskResumeAll
 .text.vTaskSwitchContext
                0x08010c1c       0x98 CMakeFiles/ElectronBot-fw.elf.dir/Middlewares/Third_Party/FreeRTOS/Source/tasks.c.obj
                0x08010c1c                vTaskSwitchContext
 .text.vTaskPlaceOnEventList
                0x08010cb4       0x30 CMakeFiles/ElectronBot-fw.elf.dir/Middlewares/Third_Party/FreeRTOS/Source/tasks.c.obj
                0x08010cb4                vTaskPlaceOnEventList
 .text.vTaskPlaceOnEventListRestricted
                0x08010ce4       0x38 CMakeFiles/ElectronBot-fw.elf.dir/Middlewares/Third_Party/FreeRTOS/Source/tasks.c.obj
                0x08010ce4                vTaskPlaceOnEventListRestricted
 .text.xTaskRemoveFromEventList
                0x08010d1c       0x8c CMakeFiles/ElectronBot-fw.elf.dir/Middlewares/Third_Party/FreeRTOS/Source/tasks.c.obj
                0x08010d1c                xTaskRemoveFromEventList
 .text.vTaskInternalSetTimeOutState
                0x08010da8       0x18 CMakeFiles/ElectronBot-fw.elf.dir/Middlewares/Third_Party/FreeRTOS/Source/tasks.c.obj
                0x08010da8                vTaskInternalSetTimeOutState
 .text.xTaskCheckForTimeOut
                0x08010dc0       0x84 CMakeFiles/ElectronBot-fw.elf.dir/Middlewares/Third_Party/FreeRTOS/Source/tasks.c.obj
                0x08010dc0                xTaskCheckForTimeOut
 .text.vTaskMissedYield
                0x08010e44        0xc CMakeFiles/ElectronBot-fw.elf.dir/Middlewares/Third_Party/FreeRTOS/Source/tasks.c.obj
                0x08010e44                vTaskMissedYield
 .text.xTaskGetSchedulerState
                0x08010e50       0x20 CMakeFiles/ElectronBot-fw.elf.dir/Middlewares/Third_Party/FreeRTOS/Source/tasks.c.obj
                0x08010e50                xTaskGetSchedulerState
 .text.xTaskPriorityDisinherit
                0x08010e70       0x90 CMakeFiles/ElectronBot-fw.elf.dir/Middlewares/Third_Party/FreeRTOS/Source/tasks.c.obj
                0x08010e70                xTaskPriorityDisinherit
 .text.prvGetNextExpireTime
                0x08010f00       0x20 CMakeFiles/ElectronBot-fw.elf.dir/Middlewares/Third_Party/FreeRTOS/Source/timers.c.obj
 .text.prvInsertTimerInActiveList
                0x08010f20       0x48 CMakeFiles/ElectronBot-fw.elf.dir/Middlewares/Third_Party/FreeRTOS/Source/timers.c.obj
 .text.prvCheckForValidListAndQueue
                0x08010f68       0x70 CMakeFiles/ElectronBot-fw.elf.dir/Middlewares/Third_Party/FreeRTOS/Source/timers.c.obj
 .text.xTimerCreateTimerTask
                0x08010fd8       0x64 CMakeFiles/ElectronBot-fw.elf.dir/Middlewares/Third_Party/FreeRTOS/Source/timers.c.obj
                0x08010fd8                xTimerCreateTimerTask
 .text.xTimerGenericCommand
                0x0801103c       0x6c CMakeFiles/ElectronBot-fw.elf.dir/Middlewares/Third_Party/FreeRTOS/Source/timers.c.obj
                0x0801103c                xTimerGenericCommand
 .text.prvSwitchTimerLists
                0x080110a8       0x7c CMakeFiles/ElectronBot-fw.elf.dir/Middlewares/Third_Party/FreeRTOS/Source/timers.c.obj
 .text.prvSampleTimeNow
                0x08011124       0x2c CMakeFiles/ElectronBot-fw.elf.dir/Middlewares/Third_Party/FreeRTOS/Source/timers.c.obj
 .text.prvProcessExpiredTimer
                0x08011150       0x6c CMakeFiles/ElectronBot-fw.elf.dir/Middlewares/Third_Party/FreeRTOS/Source/timers.c.obj
 .text.prvProcessTimerOrBlockTask
                0x080111bc       0x74 CMakeFiles/ElectronBot-fw.elf.dir/Middlewares/Third_Party/FreeRTOS/Source/timers.c.obj
 .text.prvProcessReceivedCommands
                0x08011230      0x10c CMakeFiles/ElectronBot-fw.elf.dir/Middlewares/Third_Party/FreeRTOS/Source/timers.c.obj
 .text.prvTimerTask
                0x0801133c       0x16 CMakeFiles/ElectronBot-fw.elf.dir/Middlewares/Third_Party/FreeRTOS/Source/timers.c.obj
 *fill*         0x08011352        0x2 
 .text.MX_USB_DEVICE_Init
                0x08011354       0x54 CMakeFiles/ElectronBot-fw.elf.dir/USB_DEVICE/App/usb_device.c.obj
                0x08011354                MX_USB_DEVICE_Init
 .text.USBD_HS_DeviceDescriptor
                0x080113a8        0xc CMakeFiles/ElectronBot-fw.elf.dir/USB_DEVICE/App/usbd_desc.c.obj
                0x080113a8                USBD_HS_DeviceDescriptor
 .text.USBD_HS_LangIDStrDescriptor
                0x080113b4        0xc CMakeFiles/ElectronBot-fw.elf.dir/USB_DEVICE/App/usbd_desc.c.obj
                0x080113b4                USBD_HS_LangIDStrDescriptor
 .text.IntToUnicode
                0x080113c0       0x38 CMakeFiles/ElectronBot-fw.elf.dir/USB_DEVICE/App/usbd_desc.c.obj
 .text.Get_SerialNum
                0x080113f8       0x34 CMakeFiles/ElectronBot-fw.elf.dir/USB_DEVICE/App/usbd_desc.c.obj
 .text.USBD_HS_SerialStrDescriptor
                0x0801142c       0x14 CMakeFiles/ElectronBot-fw.elf.dir/USB_DEVICE/App/usbd_desc.c.obj
                0x0801142c                USBD_HS_SerialStrDescriptor
 .text.USBD_HS_ProductStrDescriptor
                0x08011440       0x24 CMakeFiles/ElectronBot-fw.elf.dir/USB_DEVICE/App/usbd_desc.c.obj
                0x08011440                USBD_HS_ProductStrDescriptor
 .text.USBD_HS_ManufacturerStrDescriptor
                0x08011464       0x1c CMakeFiles/ElectronBot-fw.elf.dir/USB_DEVICE/App/usbd_desc.c.obj
                0x08011464                USBD_HS_ManufacturerStrDescriptor
 .text.USBD_HS_ConfigStrDescriptor
                0x08011480       0x24 CMakeFiles/ElectronBot-fw.elf.dir/USB_DEVICE/App/usbd_desc.c.obj
                0x08011480                USBD_HS_ConfigStrDescriptor
 .text.USBD_HS_InterfaceStrDescriptor
                0x080114a4       0x24 CMakeFiles/ElectronBot-fw.elf.dir/USB_DEVICE/App/usbd_desc.c.obj
                0x080114a4                USBD_HS_InterfaceStrDescriptor
 .text.HAL_PCD_MspInit
                0x080114c8      0x11c CMakeFiles/ElectronBot-fw.elf.dir/USB_DEVICE/Target/usbd_conf.c.obj
                0x080114c8                HAL_PCD_MspInit
 .text.HAL_PCD_SetupStageCallback
                0x080115e4       0x10 CMakeFiles/ElectronBot-fw.elf.dir/USB_DEVICE/Target/usbd_conf.c.obj
                0x080115e4                HAL_PCD_SetupStageCallback
 .text.HAL_PCD_DataOutStageCallback
                0x080115f4       0x18 CMakeFiles/ElectronBot-fw.elf.dir/USB_DEVICE/Target/usbd_conf.c.obj
                0x080115f4                HAL_PCD_DataOutStageCallback
 .text.HAL_PCD_DataInStageCallback
                0x0801160c       0x16 CMakeFiles/ElectronBot-fw.elf.dir/USB_DEVICE/Target/usbd_conf.c.obj
                0x0801160c                HAL_PCD_DataInStageCallback
 .text.HAL_PCD_SOFCallback
                0x08011622        0xc CMakeFiles/ElectronBot-fw.elf.dir/USB_DEVICE/Target/usbd_conf.c.obj
                0x08011622                HAL_PCD_SOFCallback
 .text.HAL_PCD_ResetCallback
                0x0801162e       0x2c CMakeFiles/ElectronBot-fw.elf.dir/USB_DEVICE/Target/usbd_conf.c.obj
                0x0801162e                HAL_PCD_ResetCallback
 *fill*         0x0801165a        0x2 
 .text.HAL_PCD_SuspendCallback
                0x0801165c       0x30 CMakeFiles/ElectronBot-fw.elf.dir/USB_DEVICE/Target/usbd_conf.c.obj
                0x0801165c                HAL_PCD_SuspendCallback
 .text.HAL_PCD_ResumeCallback
                0x0801168c        0xc CMakeFiles/ElectronBot-fw.elf.dir/USB_DEVICE/Target/usbd_conf.c.obj
                0x0801168c                HAL_PCD_ResumeCallback
 .text.HAL_PCD_ISOOUTIncompleteCallback
                0x08011698        0xc CMakeFiles/ElectronBot-fw.elf.dir/USB_DEVICE/Target/usbd_conf.c.obj
                0x08011698                HAL_PCD_ISOOUTIncompleteCallback
 .text.HAL_PCD_ISOINIncompleteCallback
                0x080116a4        0xc CMakeFiles/ElectronBot-fw.elf.dir/USB_DEVICE/Target/usbd_conf.c.obj
                0x080116a4                HAL_PCD_ISOINIncompleteCallback
 .text.HAL_PCD_ConnectCallback
                0x080116b0        0xc CMakeFiles/ElectronBot-fw.elf.dir/USB_DEVICE/Target/usbd_conf.c.obj
                0x080116b0                HAL_PCD_ConnectCallback
 .text.HAL_PCD_DisconnectCallback
                0x080116bc        0xc CMakeFiles/ElectronBot-fw.elf.dir/USB_DEVICE/Target/usbd_conf.c.obj
                0x080116bc                HAL_PCD_DisconnectCallback
 .text.USBD_LL_Init
                0x080116c8       0x70 CMakeFiles/ElectronBot-fw.elf.dir/USB_DEVICE/Target/usbd_conf.c.obj
                0x080116c8                USBD_LL_Init
 .text.USBD_LL_IsStallEP
                0x08011738       0x2e CMakeFiles/ElectronBot-fw.elf.dir/USB_DEVICE/Target/usbd_conf.c.obj
                0x08011738                USBD_LL_IsStallEP
 .text.USBD_LL_GetRxDataSize
                0x08011766        0xc CMakeFiles/ElectronBot-fw.elf.dir/USB_DEVICE/Target/usbd_conf.c.obj
                0x08011766                USBD_LL_GetRxDataSize
 *fill*         0x08011772        0x2 
 .text.USBD_static_malloc
                0x08011774        0x8 CMakeFiles/ElectronBot-fw.elf.dir/USB_DEVICE/Target/usbd_conf.c.obj
                0x08011774                USBD_static_malloc
 .text.USBD_static_free
                0x0801177c        0x2 CMakeFiles/ElectronBot-fw.elf.dir/USB_DEVICE/Target/usbd_conf.c.obj
                0x0801177c                USBD_static_free
 .text.USBD_Get_USB_Status
                0x0801177e       0x14 CMakeFiles/ElectronBot-fw.elf.dir/USB_DEVICE/Target/usbd_conf.c.obj
                0x0801177e                USBD_Get_USB_Status
 .text.USBD_LL_Start
                0x08011792       0x10 CMakeFiles/ElectronBot-fw.elf.dir/USB_DEVICE/Target/usbd_conf.c.obj
                0x08011792                USBD_LL_Start
 .text.USBD_LL_OpenEP
                0x080117a2       0x16 CMakeFiles/ElectronBot-fw.elf.dir/USB_DEVICE/Target/usbd_conf.c.obj
                0x080117a2                USBD_LL_OpenEP
 .text.USBD_LL_CloseEP
                0x080117b8       0x10 CMakeFiles/ElectronBot-fw.elf.dir/USB_DEVICE/Target/usbd_conf.c.obj
                0x080117b8                USBD_LL_CloseEP
 .text.USBD_LL_StallEP
                0x080117c8       0x10 CMakeFiles/ElectronBot-fw.elf.dir/USB_DEVICE/Target/usbd_conf.c.obj
                0x080117c8                USBD_LL_StallEP
 .text.USBD_LL_ClearStallEP
                0x080117d8       0x10 CMakeFiles/ElectronBot-fw.elf.dir/USB_DEVICE/Target/usbd_conf.c.obj
                0x080117d8                USBD_LL_ClearStallEP
 .text.USBD_LL_SetUSBAddress
                0x080117e8       0x10 CMakeFiles/ElectronBot-fw.elf.dir/USB_DEVICE/Target/usbd_conf.c.obj
                0x080117e8                USBD_LL_SetUSBAddress
 .text.USBD_LL_Transmit
                0x080117f8       0x10 CMakeFiles/ElectronBot-fw.elf.dir/USB_DEVICE/Target/usbd_conf.c.obj
                0x080117f8                USBD_LL_Transmit
 .text.USBD_LL_PrepareReceive
                0x08011808       0x10 CMakeFiles/ElectronBot-fw.elf.dir/USB_DEVICE/Target/usbd_conf.c.obj
                0x08011808                USBD_LL_PrepareReceive
 .text.RetargetInit
                0x08011818       0x20 CMakeFiles/ElectronBot-fw.elf.dir/UserApp/Utils/retarget.c.obj
                0x08011818                RetargetInit
 .text._isatty  0x08011838       0x16 CMakeFiles/ElectronBot-fw.elf.dir/UserApp/Utils/retarget.c.obj
                0x08011838                _isatty
 *fill*         0x0801184e        0x2 
 .text._write   0x08011850       0x24 CMakeFiles/ElectronBot-fw.elf.dir/UserApp/Utils/retarget.c.obj
                0x08011850                _write
 .text._close   0x08011874       0x18 CMakeFiles/ElectronBot-fw.elf.dir/UserApp/Utils/retarget.c.obj
                0x08011874                _close
 .text._lseek   0x0801188c       0x10 CMakeFiles/ElectronBot-fw.elf.dir/UserApp/Utils/retarget.c.obj
                0x0801188c                _lseek
 .text._read    0x0801189c       0x30 CMakeFiles/ElectronBot-fw.elf.dir/UserApp/Utils/retarget.c.obj
                0x0801189c                _read
 .text._fstat   0x080118cc       0x1a CMakeFiles/ElectronBot-fw.elf.dir/UserApp/Utils/retarget.c.obj
                0x080118cc                _fstat
 *fill*         0x080118e6        0x2 
 .text._ZN5RobotC2EP19__SPI_HandleTypeDefP17I2C_HandleTypeDef
                0x080118e8       0xf0 CMakeFiles/ElectronBot-fw.elf.dir/UserApp/main.cpp.obj
                0x080118e8                Robot::Robot(__SPI_HandleTypeDef*, I2C_HandleTypeDef*)
                0x080118e8                Robot::Robot(__SPI_HandleTypeDef*, I2C_HandleTypeDef*)
 .text._Z41__static_initialization_and_destruction_0ii
                0x080119d8       0x2c CMakeFiles/ElectronBot-fw.elf.dir/UserApp/main.cpp.obj
 .text.Main     0x08011a04      0x264 CMakeFiles/ElectronBot-fw.elf.dir/UserApp/main.cpp.obj
                0x08011a04                Main
 .text.HAL_SPI_TxCpltCallback
                0x08011c68       0x10 CMakeFiles/ElectronBot-fw.elf.dir/UserApp/main.cpp.obj
                0x08011c68                HAL_SPI_TxCpltCallback
 .text._GLOBAL__sub_I_electron
                0x08011c78        0xe CMakeFiles/ElectronBot-fw.elf.dir/UserApp/main.cpp.obj
 .text._ZL13CDC_DeInit_HSv
                0x08011c86        0x4 CMakeFiles/ElectronBot-fw.elf.dir/UserApp/usbd_cdc_if.cpp.obj
 .text._ZL14CDC_Control_HShPht
                0x08011c8a        0x4 CMakeFiles/ElectronBot-fw.elf.dir/UserApp/usbd_cdc_if.cpp.obj
 .text._ZL19CDC_TransmitCplt_HSPhPmh
                0x08011c8e        0x4 CMakeFiles/ElectronBot-fw.elf.dir/UserApp/usbd_cdc_if.cpp.obj
 *fill*         0x08011c92        0x2 
 .text._ZL14CDC_Receive_HSPhPm
                0x08011c94       0x6c CMakeFiles/ElectronBot-fw.elf.dir/UserApp/usbd_cdc_if.cpp.obj
 .text._ZL11CDC_Init_HSv
                0x08011d00       0x38 CMakeFiles/ElectronBot-fw.elf.dir/UserApp/usbd_cdc_if.cpp.obj
 .text._Z15CDC_Transmit_HSPht
                0x08011d38       0x2c CMakeFiles/ElectronBot-fw.elf.dir/UserApp/usbd_cdc_if.cpp.obj
                0x08011d38                CDC_Transmit_HS(unsigned char*, unsigned short)
 .text.Reset_Handler
                0x08011d64       0x50 CMakeFiles/ElectronBot-fw.elf.dir/startup/startup_stm32f405xx.s.obj
                0x08011d64                Reset_Handler
 .text.Default_Handler
                0x08011db4        0x2 CMakeFiles/ElectronBot-fw.elf.dir/startup/startup_stm32f405xx.s.obj
                0x08011db4                RTC_Alarm_IRQHandler
                0x08011db4                HASH_RNG_IRQHandler
                0x08011db4                EXTI2_IRQHandler
                0x08011db4                TIM8_CC_IRQHandler
                0x08011db4                TIM1_CC_IRQHandler
                0x08011db4                DMA2_Stream5_IRQHandler
                0x08011db4                DMA1_Stream5_IRQHandler
                0x08011db4                PVD_IRQHandler
                0x08011db4                SDIO_IRQHandler
                0x08011db4                TAMP_STAMP_IRQHandler
                0x08011db4                CAN2_RX1_IRQHandler
                0x08011db4                EXTI3_IRQHandler
                0x08011db4                TIM1_UP_TIM10_IRQHandler
                0x08011db4                TIM8_UP_TIM13_IRQHandler
                0x08011db4                I2C3_ER_IRQHandler
                0x08011db4                EXTI0_IRQHandler
                0x08011db4                I2C2_EV_IRQHandler
                0x08011db4                DMA1_Stream2_IRQHandler
                0x08011db4                CAN1_RX0_IRQHandler
                0x08011db4                FPU_IRQHandler
                0x08011db4                OTG_HS_WKUP_IRQHandler
                0x08011db4                CAN2_SCE_IRQHandler
                0x08011db4                TIM6_DAC_IRQHandler
                0x08011db4                TIM1_BRK_TIM9_IRQHandler
                0x08011db4                CAN2_RX0_IRQHandler
                0x08011db4                USART6_IRQHandler
                0x08011db4                USART3_IRQHandler
                0x08011db4                CAN1_RX1_IRQHandler
                0x08011db4                UART5_IRQHandler
                0x08011db4                DMA2_Stream0_IRQHandler
                0x08011db4                TIM4_IRQHandler
                0x08011db4                I2C1_EV_IRQHandler
                0x08011db4                DMA1_Stream6_IRQHandler
                0x08011db4                DMA1_Stream1_IRQHandler
                0x08011db4                UART4_IRQHandler
                0x08011db4                TIM3_IRQHandler
                0x08011db4                RCC_IRQHandler
                0x08011db4                TIM8_BRK_TIM12_IRQHandler
                0x08011db4                Default_Handler
                0x08011db4                EXTI15_10_IRQHandler
                0x08011db4                ADC_IRQHandler
                0x08011db4                DMA1_Stream7_IRQHandler
                0x08011db4                TIM7_IRQHandler
                0x08011db4                CAN2_TX_IRQHandler
                0x08011db4                TIM5_IRQHandler
                0x08011db4                I2C3_EV_IRQHandler
                0x08011db4                EXTI9_5_IRQHandler
                0x08011db4                RTC_WKUP_IRQHandler
                0x08011db4                SPI2_IRQHandler
                0x08011db4                DMA1_Stream0_IRQHandler
                0x08011db4                CAN1_TX_IRQHandler
                0x08011db4                EXTI4_IRQHandler
                0x08011db4                FSMC_IRQHandler
                0x08011db4                WWDG_IRQHandler
                0x08011db4                TIM2_IRQHandler
                0x08011db4                OTG_FS_WKUP_IRQHandler
                0x08011db4                TIM1_TRG_COM_TIM11_IRQHandler
                0x08011db4                EXTI1_IRQHandler
                0x08011db4                USART2_IRQHandler
                0x08011db4                I2C2_ER_IRQHandler
                0x08011db4                DMA2_Stream1_IRQHandler
                0x08011db4                CAN1_SCE_IRQHandler
                0x08011db4                FLASH_IRQHandler
                0x08011db4                DMA2_Stream4_IRQHandler
                0x08011db4                OTG_FS_IRQHandler
                0x08011db4                SPI3_IRQHandler